
> paper-working@0.1.0 build
> next build

▲ Next.js 16.2.3 (Turbopack)
- Environments: .env.local

  Creating an optimized production build ...

> Build error occurred
Error: Turbopack build failed with 117 errors:
./src/app/api/chat/route.ts:15:28
Module not found: Can't resolve '@ai-sdk/google'
  [90m13 |[0m
  [90m14 |[0m [36mexport[0m [36masync[0m [36mfunction[0m [33mPOST[0m(req: [33mRequest[0m) {
[31m[1m>[0m [90m15 |[0m   [36mconst[0m { google } = [36mawait[0m [36mimport[0m([32m'@ai-sdk/google'[0m);
  [90m   |[0m                            [31m[1m^^^^^^^^^^^^^^^^^^^^^^^^[0m
  [90m16 |[0m   [36mconst[0m { aiTools } = [36mawait[0m [36mimport[0m([32m'@/lib/mcp/ai-tools'[0m);
  [90m17 |[0m
  [90m18 |[0m   [36mconst[0m { messages } = [36mawait[0m req.json();



https://nextjs.org/docs/messages/module-not-found


./src/lib/ai/draftingAgent.ts:2:1
Module not found: Can't resolve '@ai-sdk/google'
  [90m1 |[0m [36mimport[0m { generateText } [36mfrom[0m [32m'ai'[0m;
[31m[1m>[0m [90m2 |[0m [36mimport[0m { google } [36mfrom[0m [32m'@ai-sdk/google'[0m;
  [90m  |[0m [31m[1m^^^^^^^^^^^^^^^^^^^^^^^^^^^^^^^^^^^^^^^^[0m
  [90m3 |[0m [36mimport[0m { [33mProject[0m } [36mfrom[0m [32m'@/types/schema'[0m;
  [90m4 |[0m
  [90m5 |[0m /**



Import traces:
  Client Component Browser:
    ./src/lib/ai/draftingAgent.ts [Client Component Browser]
    ./src/components/communication/DraftAssistant.tsx [Client Component Browser]
    ./src/components/communication/GlobalInbox.tsx [Client Component Browser]
    ./src/app/dashboard/inbox/page.tsx [Client Component Browser]
    ./src/app/dashboard/inbox/page.tsx [Server Component]

  Client Component SSR:
    ./src/lib/ai/draftingAgent.ts [Client Component SSR]
    ./src/components/communication/DraftAssistant.tsx [Client Component SSR]
    ./src/components/communication/GlobalInbox.tsx [Client Component SSR]
    ./src/app/dashboard/inbox/page.tsx [Client Component SSR]
    ./src/app/dashboard/inbox/page.tsx [Server Component]

https://nextjs.org/docs/messages/module-not-found


./src/lib/ai/listingAgent.ts:2:1
Module not found: Can't resolve '@ai-sdk/google'
  [90m1 |[0m [36mimport[0m { generateText } [36mfrom[0m [32m'ai'[0m;
[31m[1m>[0m [90m2 |[0m [36mimport[0m { google } [36mfrom[0m [32m'@ai-sdk/google'[0m;
  [90m  |[0m [31m[1m^^^^^^^^^^^^^^^^^^^^^^^^^^^^^^^^^^^^^^^^[0m
  [90m3 |[0m
  [90m4 |[0m /**
  [90m5 |[0m  * ── [33mAI[0m [33mListing[0m [33mAgent[0m ──



Import traces:
  Client Component Browser:
    ./src/lib/ai/listingAgent.ts [Client Component Browser]
    ./src/components/listing/ProfessionalListingDashboard.tsx [Client Component Browser]
    ./src/components/exit/Phase4Outcome.tsx [Client Component Browser]
    ./src/components/dashboard/FullscreenLifecycleView.tsx [Client Component Browser]
    ./src/app/dashboard/panels/PipelinePanel.tsx [Client Component Browser]
    ./src/app/dashboard/page.tsx [Client Component Browser]
    ./src/app/dashboard/page.tsx [Server Component]

  Client Component SSR:
    ./src/lib/ai/listingAgent.ts [Client Component SSR]
    ./src/components/listing/ProfessionalListingDashboard.tsx [Client Component SSR]
    ./src/components/exit/Phase4Outcome.tsx [Client Component SSR]
    ./src/components/dashboard/FullscreenLifecycleView.tsx [Client Component SSR]
    ./src/app/dashboard/panels/PipelinePanel.tsx [Client Component SSR]
    ./src/app/dashboard/page.tsx [Client Component SSR]
    ./src/app/dashboard/page.tsx [Server Component]

https://nextjs.org/docs/messages/module-not-found


./node_modules/@ai-sdk/gateway/dist/index.mjs:8:1
Module not found: Can't resolve '@ai-sdk/provider'
  [90m 6 |[0m
  [90m 7 |[0m [90m// src/errors/as-gateway-error.ts[0m
[31m[1m>[0m [90m 8 |[0m [36mimport[0m { [33mAPICallError[0m } [36mfrom[0m [32m"@ai-sdk/provider"[0m;
  [90m   |[0m [31m[1m^^^^^^^^^^^^^^^^^^^^^^^^^^^^^^^^^^^^^^^^^^^^^^^^[0m
  [90m 9 |[0m
  [90m10 |[0m [90m// src/errors/create-gateway-error.ts[0m
  [90m11 |[0m [36mimport[0m { z [36mas[0m z2 } [36mfrom[0m [32m"zod/v4"[0m;



Import traces:
  App Route:
    ./node_modules/@ai-sdk/gateway/dist/index.mjs
    ./node_modules/ai/dist/index.mjs
    ./src/app/api/chat/route.ts

  Client Component Browser:
    ./node_modules/@ai-sdk/gateway/dist/index.mjs [Client Component Browser]
    ./node_modules/ai/dist/index.mjs [Client Component Browser]
    ./src/lib/ai/draftingAgent.ts [Client Component Browser]
    ./src/components/communication/DraftAssistant.tsx [Client Component Browser]
    ./src/components/communication/GlobalInbox.tsx [Client Component Browser]
    ./src/app/dashboard/inbox/page.tsx [Client Component Browser]
    ./src/app/dashboard/inbox/page.tsx [Server Component]

  Client Component SSR:
    ./node_modules/@ai-sdk/gateway/dist/index.mjs [Client Component SSR]
    ./node_modules/ai/dist/index.mjs [Client Component SSR]
    ./src/lib/ai/draftingAgent.ts [Client Component SSR]
    ./src/components/communication/DraftAssistant.tsx [Client Component SSR]
    ./src/components/communication/GlobalInbox.tsx [Client Component SSR]
    ./src/app/dashboard/inbox/page.tsx [Client Component SSR]
    ./src/app/dashboard/inbox/page.tsx [Server Component]

https://nextjs.org/docs/messages/module-not-found


./node_modules/@ai-sdk/provider-utils/dist/index.mjs:133:1
Module not found: Can't resolve '@ai-sdk/provider'
  [90m131 |[0m
  [90m132 |[0m [90m// src/download-error.ts[0m
[31m[1m>[0m [90m133 |[0m [36mimport[0m { [33mAISDKError[0m } [36mfrom[0m [32m"@ai-sdk/provider"[0m;
  [90m    |[0m [31m[1m^^^^^^^^^^^^^^^^^^^^^^^^^^^^^^^^^^^^^^^^^^^^^^[0m
  [90m134 |[0m [36mvar[0m name = [32m"AI_DownloadError"[0m;
  [90m135 |[0m [36mvar[0m marker = [32m`vercel.ai.error.[0m${name[32m}`[0m;
  [90m136 |[0m [36mvar[0m symbol = [33mSymbol[0m.[36mfor[0m(marker);



Import traces:
  App Route:
    ./node_modules/@ai-sdk/provider-utils/dist/index.mjs
    ./node_modules/ai/dist/index.mjs
    ./src/app/api/chat/route.ts

  Client Component Browser:
    ./node_modules/@ai-sdk/provider-utils/dist/index.mjs [Client Component Browser]
    ./node_modules/ai/dist/index.mjs [Client Component Browser]
    ./src/lib/ai/draftingAgent.ts [Client Component Browser]
    ./src/components/communication/DraftAssistant.tsx [Client Component Browser]
    ./src/components/communication/GlobalInbox.tsx [Client Component Browser]
    ./src/app/dashboard/inbox/page.tsx [Client Component Browser]
    ./src/app/dashboard/inbox/page.tsx [Server Component]

  Client Component SSR:
    ./node_modules/@ai-sdk/provider-utils/dist/index.mjs [Client Component SSR]
    ./node_modules/ai/dist/index.mjs [Client Component SSR]
    ./src/lib/ai/draftingAgent.ts [Client Component SSR]
    ./src/components/communication/DraftAssistant.tsx [Client Component SSR]
    ./src/components/communication/GlobalInbox.tsx [Client Component SSR]
    ./src/app/dashboard/inbox/page.tsx [Client Component SSR]
    ./src/app/dashboard/inbox/page.tsx [Server Component]

https://nextjs.org/docs/messages/module-not-found


./node_modules/@ai-sdk/provider-utils/dist/index.mjs:213:1
Module not found: Can't resolve '@ai-sdk/provider'
  [90m211 |[0m
  [90m212 |[0m [90m// src/generate-id.ts[0m
[31m[1m>[0m [90m213 |[0m [36mimport[0m { [33mInvalidArgumentError[0m } [36mfrom[0m [32m"@ai-sdk/provider"[0m;
  [90m    |[0m [31m[1m^^^^^^^^^^^^^^^^^^^^^^^^^^^^^^^^^^^^^^^^^^^^^^^^^^^^^^^^[0m
  [90m214 |[0m [36mvar[0m createIdGenerator = ({
  [90m215 |[0m   prefix,
  [90m216 |[0m   size = [35m16[0m,



Import traces:
  App Route:
    ./node_modules/@ai-sdk/provider-utils/dist/index.mjs
    ./node_modules/ai/dist/index.mjs
    ./src/app/api/chat/route.ts

  Client Component Browser:
    ./node_modules/@ai-sdk/provider-utils/dist/index.mjs [Client Component Browser]
    ./node_modules/ai/dist/index.mjs [Client Component Browser]
    ./src/lib/ai/draftingAgent.ts [Client Component Browser]
    ./src/components/communication/DraftAssistant.tsx [Client Component Browser]
    ./src/components/communication/GlobalInbox.tsx [Client Component Browser]
    ./src/app/dashboard/inbox/page.tsx [Client Component Browser]
    ./src/app/dashboard/inbox/page.tsx [Server Component]

  Client Component SSR:
    ./node_modules/@ai-sdk/provider-utils/dist/index.mjs [Client Component SSR]
    ./node_modules/ai/dist/index.mjs [Client Component SSR]
    ./src/lib/ai/draftingAgent.ts [Client Component SSR]
    ./src/components/communication/DraftAssistant.tsx [Client Component SSR]
    ./src/components/communication/GlobalInbox.tsx [Client Component SSR]
    ./src/app/dashboard/inbox/page.tsx [Client Component SSR]
    ./src/app/dashboard/inbox/page.tsx [Server Component]

https://nextjs.org/docs/messages/module-not-found


./node_modules/@ai-sdk/provider-utils/dist/index.mjs:256:1
Module not found: Can't resolve '@ai-sdk/provider'
  [90m254 |[0m
  [90m255 |[0m [90m// src/get-from-api.ts[0m
[31m[1m>[0m [90m256 |[0m [36mimport[0m { [33mAPICallError[0m [36mas[0m [33mAPICallError2[0m } [36mfrom[0m [32m"@ai-sdk/provider"[0m;
  [90m    |[0m [31m[1m^^^^^^^^^^^^^^^^^^^^^^^^^^^^^^^^^^^^^^^^^^^^^^^^^^^^^^^^^^^^^^^^^[0m
  [90m257 |[0m
  [90m258 |[0m [90m// src/handle-fetch-error.ts[0m
  [90m259 |[0m [36mimport[0m { [33mAPICallError[0m } [36mfrom[0m [32m"@ai-sdk/provider"[0m;



Import traces:
  App Route:
    ./node_modules/@ai-sdk/provider-utils/dist/index.mjs
    ./node_modules/ai/dist/index.mjs
    ./src/app/api/chat/route.ts

  Client Component Browser:
    ./node_modules/@ai-sdk/provider-utils/dist/index.mjs [Client Component Browser]
    ./node_modules/ai/dist/index.mjs [Client Component Browser]
    ./src/lib/ai/draftingAgent.ts [Client Component Browser]
    ./src/components/communication/DraftAssistant.tsx [Client Component Browser]
    ./src/components/communication/GlobalInbox.tsx [Client Component Browser]
    ./src/app/dashboard/inbox/page.tsx [Client Component Browser]
    ./src/app/dashboard/inbox/page.tsx [Server Component]

  Client Component SSR:
    ./node_modules/@ai-sdk/provider-utils/dist/index.mjs [Client Component SSR]
    ./node_modules/ai/dist/index.mjs [Client Component SSR]
    ./src/lib/ai/draftingAgent.ts [Client Component SSR]
    ./src/components/communication/DraftAssistant.tsx [Client Component SSR]
    ./src/components/communication/GlobalInbox.tsx [Client Component SSR]
    ./src/app/dashboard/inbox/page.tsx [Client Component SSR]
    ./src/app/dashboard/inbox/page.tsx [Server Component]

https://nextjs.org/docs/messages/module-not-found


./node_modules/@ai-sdk/provider-utils/dist/index.mjs:259:1
Module not found: Can't resolve '@ai-sdk/provider'
  [90m257 |[0m
  [90m258 |[0m [90m// src/handle-fetch-error.ts[0m
[31m[1m>[0m [90m259 |[0m [36mimport[0m { [33mAPICallError[0m } [36mfrom[0m [32m"@ai-sdk/provider"[0m;
  [90m    |[0m [31m[1m^^^^^^^^^^^^^^^^^^^^^^^^^^^^^^^^^^^^^^^^^^^^^^^^[0m
  [90m260 |[0m
  [90m261 |[0m [90m// src/is-abort-error.ts[0m
  [90m262 |[0m [36mfunction[0m isAbortError(error) {



Import traces:
  App Route:
    ./node_modules/@ai-sdk/provider-utils/dist/index.mjs
    ./node_modules/ai/dist/index.mjs
    ./src/app/api/chat/route.ts

  Client Component Browser:
    ./node_modules/@ai-sdk/provider-utils/dist/index.mjs [Client Component Browser]
    ./node_modules/ai/dist/index.mjs [Client Component Browser]
    ./src/lib/ai/draftingAgent.ts [Client Component Browser]
    ./src/components/communication/DraftAssistant.tsx [Client Component Browser]
    ./src/components/communication/GlobalInbox.tsx [Client Component Browser]
    ./src/app/dashboard/inbox/page.tsx [Client Component Browser]
    ./src/app/dashboard/inbox/page.tsx [Server Component]

  Client Component SSR:
    ./node_modules/@ai-sdk/provider-utils/dist/index.mjs [Client Component SSR]
    ./node_modules/ai/dist/index.mjs [Client Component SSR]
    ./src/lib/ai/draftingAgent.ts [Client Component SSR]
    ./src/components/communication/DraftAssistant.tsx [Client Component SSR]
    ./src/components/communication/GlobalInbox.tsx [Client Component SSR]
    ./src/app/dashboard/inbox/page.tsx [Client Component SSR]
    ./src/app/dashboard/inbox/page.tsx [Server Component]

https://nextjs.org/docs/messages/module-not-found


./node_modules/@ai-sdk/provider-utils/dist/index.mjs:472:1
Module not found: Can't resolve '@ai-sdk/provider'
  [90m470 |[0m
  [90m471 |[0m [90m// src/load-api-key.ts[0m
[31m[1m>[0m [90m472 |[0m [36mimport[0m { [33mLoadAPIKeyError[0m } [36mfrom[0m [32m"@ai-sdk/provider"[0m;
  [90m    |[0m [31m[1m^^^^^^^^^^^^^^^^^^^^^^^^^^^^^^^^^^^^^^^^^^^^^^^^^^^[0m
  [90m473 |[0m [36mfunction[0m loadApiKey({
  [90m474 |[0m   apiKey,
  [90m475 |[0m   environmentVariableName,



Import traces:
  App Route:
    ./node_modules/@ai-sdk/provider-utils/dist/index.mjs
    ./node_modules/ai/dist/index.mjs
    ./src/app/api/chat/route.ts

  Client Component Browser:
    ./node_modules/@ai-sdk/provider-utils/dist/index.mjs [Client Component Browser]
    ./node_modules/ai/dist/index.mjs [Client Component Browser]
    ./src/lib/ai/draftingAgent.ts [Client Component Browser]
    ./src/components/communication/DraftAssistant.tsx [Client Component Browser]
    ./src/components/communication/GlobalInbox.tsx [Client Component Browser]
    ./src/app/dashboard/inbox/page.tsx [Client Component Browser]
    ./src/app/dashboard/inbox/page.tsx [Server Component]

  Client Component SSR:
    ./node_modules/@ai-sdk/provider-utils/dist/index.mjs [Client Component SSR]
    ./node_modules/ai/dist/index.mjs [Client Component SSR]
    ./src/lib/ai/draftingAgent.ts [Client Component SSR]
    ./src/components/communication/DraftAssistant.tsx [Client Component SSR]
    ./src/components/communication/GlobalInbox.tsx [Client Component SSR]
    ./src/app/dashboard/inbox/page.tsx [Client Component SSR]
    ./src/app/dashboard/inbox/page.tsx [Server Component]

https://nextjs.org/docs/messages/module-not-found


./node_modules/@ai-sdk/provider-utils/dist/index.mjs:525:1
Module not found: Can't resolve '@ai-sdk/provider'
  [90m523 |[0m
  [90m524 |[0m [90m// src/load-setting.ts[0m
[31m[1m>[0m [90m525 |[0m [36mimport[0m { [33mLoadSettingError[0m } [36mfrom[0m [32m"@ai-sdk/provider"[0m;
  [90m    |[0m [31m[1m^^^^^^^^^^^^^^^^^^^^^^^^^^^^^^^^^^^^^^^^^^^^^^^^^^^^[0m
  [90m526 |[0m [36mfunction[0m loadSetting({
  [90m527 |[0m   settingValue,
  [90m528 |[0m   environmentVariableName,



Import traces:
  App Route:
    ./node_modules/@ai-sdk/provider-utils/dist/index.mjs
    ./node_modules/ai/dist/index.mjs
    ./src/app/api/chat/route.ts

  Client Component Browser:
    ./node_modules/@ai-sdk/provider-utils/dist/index.mjs [Client Component Browser]
    ./node_modules/ai/dist/index.mjs [Client Component Browser]
    ./src/lib/ai/draftingAgent.ts [Client Component Browser]
    ./src/components/communication/DraftAssistant.tsx [Client Component Browser]
    ./src/components/communication/GlobalInbox.tsx [Client Component Browser]
    ./src/app/dashboard/inbox/page.tsx [Client Component Browser]
    ./src/app/dashboard/inbox/page.tsx [Server Component]

  Client Component SSR:
    ./node_modules/@ai-sdk/provider-utils/dist/index.mjs [Client Component SSR]
    ./node_modules/ai/dist/index.mjs [Client Component SSR]
    ./src/lib/ai/draftingAgent.ts [Client Component SSR]
    ./src/components/communication/DraftAssistant.tsx [Client Component SSR]
    ./src/components/communication/GlobalInbox.tsx [Client Component SSR]
    ./src/app/dashboard/inbox/page.tsx [Client Component SSR]
    ./src/app/dashboard/inbox/page.tsx [Server Component]

https://nextjs.org/docs/messages/module-not-found


./node_modules/@ai-sdk/provider-utils/dist/index.mjs:573:1
Module not found: Can't resolve '@ai-sdk/provider'
  [90m571 |[0m
  [90m572 |[0m [90m// src/parse-json.ts[0m
[31m[1m>[0m [90m573 |[0m [36mimport[0m {
  [90m    |[0m [31m[1m^^^^^^^[0m
[31m[1m>[0m [90m574 |[0m   [33mJSONParseError[0m,
  [90m    |[0m [31m[1m^^^^^^^^^^^^^^^^^[0m
[31m[1m>[0m [90m575 |[0m   [33mTypeValidationError[0m [36mas[0m [33mTypeValidationError3[0m
  [90m    |[0m [31m[1m^^^^^^^^^^^^^^^^^^^^^^^^^^^^^^^^^^^^^^^^^^^^^[0m
[31m[1m>[0m [90m576 |[0m } [36mfrom[0m [32m"@ai-sdk/provider"[0m;
  [90m    |[0m [31m[1m^^^^^^^^^^^^^^^^^^^^^^^^^^[0m
  [90m577 |[0m
  [90m578 |[0m [90m// src/secure-json-parse.ts[0m
  [90m579 |[0m [36mvar[0m suspectProtoRx = [35m/"(?:_|\\u005[Ff])(?:_|\\u005[Ff])(?:p|\\u0070)(...[0m



Import traces:
  App Route:
    ./node_modules/@ai-sdk/provider-utils/dist/index.mjs
    ./node_modules/ai/dist/index.mjs
    ./src/app/api/chat/route.ts

  Client Component Browser:
    ./node_modules/@ai-sdk/provider-utils/dist/index.mjs [Client Component Browser]
    ./node_modules/ai/dist/index.mjs [Client Component Browser]
    ./src/lib/ai/draftingAgent.ts [Client Component Browser]
    ./src/components/communication/DraftAssistant.tsx [Client Component Browser]
    ./src/components/communication/GlobalInbox.tsx [Client Component Browser]
    ./src/app/dashboard/inbox/page.tsx [Client Component Browser]
    ./src/app/dashboard/inbox/page.tsx [Server Component]

  Client Component SSR:
    ./node_modules/@ai-sdk/provider-utils/dist/index.mjs [Client Component SSR]
    ./node_modules/ai/dist/index.mjs [Client Component SSR]
    ./src/lib/ai/draftingAgent.ts [Client Component SSR]
    ./src/components/communication/DraftAssistant.tsx [Client Component SSR]
    ./src/components/communication/GlobalInbox.tsx [Client Component SSR]
    ./src/app/dashboard/inbox/page.tsx [Client Component SSR]
    ./src/app/dashboard/inbox/page.tsx [Server Component]

https://nextjs.org/docs/messages/module-not-found


./node_modules/@ai-sdk/provider-utils/dist/index.mjs:628:1
Module not found: Can't resolve '@ai-sdk/provider'
  [90m626 |[0m ...
  [90m627 |[0m ...[90m/validate-types.ts[0m
[31m[1m>[0m [90m628 |[0m ... { [33mTypeValidationError[0m [36mas[0m [33mTypeValidationError2[0m } [36mfrom[0m [32m"@ai-sdk/pro...[0m
  [90m    |[0m    [31m[1m^^^^^^^^^^^^^^^^^^^^^^^^^^^^^^^^^^^^^^^^^^^^^^^^^^^^^^^^^^^^^^^^^^^^^[0m
  [90m629 |[0m ...
  [90m630 |[0m ...[90m/validator.ts[0m
  [90m631 |[0m ... { [33mTypeValidationError[0m } [36mfrom[0m [32m"@ai-sdk/provider"[0m;



Import traces:
  App Route:
    ./node_modules/@ai-sdk/provider-utils/dist/index.mjs
    ./node_modules/ai/dist/index.mjs
    ./src/app/api/chat/route.ts

  Client Component Browser:
    ./node_modules/@ai-sdk/provider-utils/dist/index.mjs [Client Component Browser]
    ./node_modules/ai/dist/index.mjs [Client Component Browser]
    ./src/lib/ai/draftingAgent.ts [Client Component Browser]
    ./src/components/communication/DraftAssistant.tsx [Client Component Browser]
    ./src/components/communication/GlobalInbox.tsx [Client Component Browser]
    ./src/app/dashboard/inbox/page.tsx [Client Component Browser]
    ./src/app/dashboard/inbox/page.tsx [Server Component]

  Client Component SSR:
    ./node_modules/@ai-sdk/provider-utils/dist/index.mjs [Client Component SSR]
    ./node_modules/ai/dist/index.mjs [Client Component SSR]
    ./src/lib/ai/draftingAgent.ts [Client Component SSR]
    ./src/components/communication/DraftAssistant.tsx [Client Component SSR]
    ./src/components/communication/GlobalInbox.tsx [Client Component SSR]
    ./src/app/dashboard/inbox/page.tsx [Client Component SSR]
    ./src/app/dashboard/inbox/page.tsx [Server Component]

https://nextjs.org/docs/messages/module-not-found


./node_modules/@ai-sdk/provider-utils/dist/index.mjs:631:1
Module not found: Can't resolve '@ai-sdk/provider'
  [90m629 |[0m
  [90m630 |[0m [90m// src/validator.ts[0m
[31m[1m>[0m [90m631 |[0m [36mimport[0m { [33mTypeValidationError[0m } [36mfrom[0m [32m"@ai-sdk/provider"[0m;
  [90m    |[0m [31m[1m^^^^^^^^^^^^^^^^^^^^^^^^^^^^^^^^^^^^^^^^^^^^^^^^^^^^^^^[0m
  [90m632 |[0m [36mvar[0m validatorSymbol = [90m/* @__PURE__ */[0m [33mSymbol[0m.[36mfor[0m([32m"vercel.ai.validator"[0m);
  [90m633 |[0m [36mfunction[0m validator(validate) {
  [90m634 |[0m   [36mreturn[0m { [validatorSymbol]: [36mtrue[0m, validate };



Import traces:
  App Route:
    ./node_modules/@ai-sdk/provider-utils/dist/index.mjs
    ./node_modules/ai/dist/index.mjs
    ./src/app/api/chat/route.ts

  Client Component Browser:
    ./node_modules/@ai-sdk/provider-utils/dist/index.mjs [Client Component Browser]
    ./node_modules/ai/dist/index.mjs [Client Component Browser]
    ./src/lib/ai/draftingAgent.ts [Client Component Browser]
    ./src/components/communication/DraftAssistant.tsx [Client Component Browser]
    ./src/components/communication/GlobalInbox.tsx [Client Component Browser]
    ./src/app/dashboard/inbox/page.tsx [Client Component Browser]
    ./src/app/dashboard/inbox/page.tsx [Server Component]

  Client Component SSR:
    ./node_modules/@ai-sdk/provider-utils/dist/index.mjs [Client Component SSR]
    ./node_modules/ai/dist/index.mjs [Client Component SSR]
    ./src/lib/ai/draftingAgent.ts [Client Component SSR]
    ./src/components/communication/DraftAssistant.tsx [Client Component SSR]
    ./src/components/communication/GlobalInbox.tsx [Client Component SSR]
    ./src/app/dashboard/inbox/page.tsx [Client Component SSR]
    ./src/app/dashboard/inbox/page.tsx [Server Component]

https://nextjs.org/docs/messages/module-not-found


./node_modules/@ai-sdk/provider-utils/dist/index.mjs:768:1
Module not found: Can't resolve '@ai-sdk/provider'
  [90m766 |[0m ...
  [90m767 |[0m ...[90mparse-provider-options.ts[0m
[31m[1m>[0m [90m768 |[0m ...{ [33mInvalidArgumentError[0m [36mas[0m [33mInvalidArgumentError2[0m } [36mfrom[0m [32m"@ai-sdk/pr...[0m
  [90m    |[0m    [31m[1m^^^^^^^^^^^^^^^^^^^^^^^^^^^^^^^^^^^^^^^^^^^^^^^^^^^^^^^^^^^^^^^^^^^^^[0m
  [90m769 |[0m ...[36munction[0m parseProviderOptions({
  [90m770 |[0m ...der,
  [90m771 |[0m ...derOptions,



Import traces:
  App Route:
    ./node_modules/@ai-sdk/provider-utils/dist/index.mjs
    ./node_modules/ai/dist/index.mjs
    ./src/app/api/chat/route.ts

  Client Component Browser:
    ./node_modules/@ai-sdk/provider-utils/dist/index.mjs [Client Component Browser]
    ./node_modules/ai/dist/index.mjs [Client Component Browser]
    ./src/lib/ai/draftingAgent.ts [Client Component Browser]
    ./src/components/communication/DraftAssistant.tsx [Client Component Browser]
    ./src/components/communication/GlobalInbox.tsx [Client Component Browser]
    ./src/app/dashboard/inbox/page.tsx [Client Component Browser]
    ./src/app/dashboard/inbox/page.tsx [Server Component]

  Client Component SSR:
    ./node_modules/@ai-sdk/provider-utils/dist/index.mjs [Client Component SSR]
    ./node_modules/ai/dist/index.mjs [Client Component SSR]
    ./src/lib/ai/draftingAgent.ts [Client Component SSR]
    ./src/components/communication/DraftAssistant.tsx [Client Component SSR]
    ./src/components/communication/GlobalInbox.tsx [Client Component SSR]
    ./src/app/dashboard/inbox/page.tsx [Client Component SSR]
    ./src/app/dashboard/inbox/page.tsx [Server Component]

https://nextjs.org/docs/messages/module-not-found


./node_modules/@ai-sdk/provider-utils/dist/index.mjs:792:1
Module not found: Can't resolve '@ai-sdk/provider'
  [90m790 |[0m
  [90m791 |[0m [90m// src/post-to-api.ts[0m
[31m[1m>[0m [90m792 |[0m [36mimport[0m { [33mAPICallError[0m [36mas[0m [33mAPICallError3[0m } [36mfrom[0m [32m"@ai-sdk/provider"[0m;
  [90m    |[0m [31m[1m^^^^^^^^^^^^^^^^^^^^^^^^^^^^^^^^^^^^^^^^^^^^^^^^^^^^^^^^^^^^^^^^^[0m
  [90m793 |[0m [36mvar[0m getOriginalFetch2 = () => globalThis.fetch;
  [90m794 |[0m [36mvar[0m postJsonToApi = [36masync[0m ({
  [90m795 |[0m   url,



Import traces:
  App Route:
    ./node_modules/@ai-sdk/provider-utils/dist/index.mjs
    ./node_modules/ai/dist/index.mjs
    ./src/app/api/chat/route.ts

  Client Component Browser:
    ./node_modules/@ai-sdk/provider-utils/dist/index.mjs [Client Component Browser]
    ./node_modules/ai/dist/index.mjs [Client Component Browser]
    ./src/lib/ai/draftingAgent.ts [Client Component Browser]
    ./src/components/communication/DraftAssistant.tsx [Client Component Browser]
    ./src/components/communication/GlobalInbox.tsx [Client Component Browser]
    ./src/app/dashboard/inbox/page.tsx [Client Component Browser]
    ./src/app/dashboard/inbox/page.tsx [Server Component]

  Client Component SSR:
    ./node_modules/@ai-sdk/provider-utils/dist/index.mjs [Client Component SSR]
    ./node_modules/ai/dist/index.mjs [Client Component SSR]
    ./src/lib/ai/draftingAgent.ts [Client Component SSR]
    ./src/components/communication/DraftAssistant.tsx [Client Component SSR]
    ./src/components/communication/GlobalInbox.tsx [Client Component SSR]
    ./src/app/dashboard/inbox/page.tsx [Client Component SSR]
    ./src/app/dashboard/inbox/page.tsx [Server Component]

https://nextjs.org/docs/messages/module-not-found


./node_modules/@ai-sdk/provider-utils/dist/index.mjs:987:1
Module not found: Can't resolve '@ai-sdk/provider'
  [90m985 |[0m ...
  [90m986 |[0m ...[90monse-handler.ts[0m
[31m[1m>[0m [90m987 |[0m ...[33mICallError[0m [36mas[0m [33mAPICallError4[0m, [33mEmptyResponseBodyError[0m } [36mfrom[0m [32m"@ai-sd...[0m
  [90m    |[0m    [31m[1m^^^^^^^^^^^^^^^^^^^^^^^^^^^^^^^^^^^^^^^^^^^^^^^^^^^^^^^^^^^^^^^^^^^^^[0m
  [90m988 |[0m ...sonErrorResponseHandler = ({
  [90m989 |[0m ...ma,
  [90m990 |[0m ...ssage,



Import traces:
  App Route:
    ./node_modules/@ai-sdk/provider-utils/dist/index.mjs
    ./node_modules/ai/dist/index.mjs
    ./src/app/api/chat/route.ts

  Client Component Browser:
    ./node_modules/@ai-sdk/provider-utils/dist/index.mjs [Client Component Browser]
    ./node_modules/ai/dist/index.mjs [Client Component Browser]
    ./src/lib/ai/draftingAgent.ts [Client Component Browser]
    ./src/components/communication/DraftAssistant.tsx [Client Component Browser]
    ./src/components/communication/GlobalInbox.tsx [Client Component Browser]
    ./src/app/dashboard/inbox/page.tsx [Client Component Browser]
    ./src/app/dashboard/inbox/page.tsx [Server Component]

  Client Component SSR:
    ./node_modules/@ai-sdk/provider-utils/dist/index.mjs [Client Component SSR]
    ./node_modules/ai/dist/index.mjs [Client Component SSR]
    ./src/lib/ai/draftingAgent.ts [Client Component SSR]
    ./src/components/communication/DraftAssistant.tsx [Client Component SSR]
    ./src/components/communication/GlobalInbox.tsx [Client Component SSR]
    ./src/app/dashboard/inbox/page.tsx [Client Component SSR]
    ./src/app/dashboard/inbox/page.tsx [Server Component]

https://nextjs.org/docs/messages/module-not-found


./node_modules/ai/dist/index.mjs:29:1
Module not found: Can't resolve '@ai-sdk/provider'
  [90m27 |[0m
  [90m28 |[0m [90m// src/error/no-output-specified-error.ts[0m
[31m[1m>[0m [90m29 |[0m [36mimport[0m { [33mAISDKError[0m } [36mfrom[0m [32m"@ai-sdk/provider"[0m;
  [90m   |[0m [31m[1m^^^^^^^^^^^^^^^^^^^^^^^^^^^^^^^^^^^^^^^^^^^^^^[0m
  [90m30 |[0m [36mvar[0m name = [32m"AI_NoOutputSpecifiedError"[0m;
  [90m31 |[0m [36mvar[0m marker = [32m`vercel.ai.error.[0m${name[32m}`[0m;
  [90m32 |[0m [36mvar[0m symbol = [33mSymbol[0m.[36mfor[0m(marker);



Import traces:
  App Route:
    ./node_modules/ai/dist/index.mjs
    ./src/app/api/chat/route.ts

  Client Component Browser:
    ./node_modules/ai/dist/index.mjs [Client Component Browser]
    ./src/lib/ai/draftingAgent.ts [Client Component Browser]
    ./src/components/communication/DraftAssistant.tsx [Client Component Browser]
    ./src/components/communication/GlobalInbox.tsx [Client Component Browser]
    ./src/app/dashboard/inbox/page.tsx [Client Component Browser]
    ./src/app/dashboard/inbox/page.tsx [Server Component]

  Client Component SSR:
    ./node_modules/ai/dist/index.mjs [Client Component SSR]
    ./src/lib/ai/draftingAgent.ts [Client Component SSR]
    ./src/components/communication/DraftAssistant.tsx [Client Component SSR]
    ./src/components/communication/GlobalInbox.tsx [Client Component SSR]
    ./src/app/dashboard/inbox/page.tsx [Client Component SSR]
    ./src/app/dashboard/inbox/page.tsx [Server Component]

https://nextjs.org/docs/messages/module-not-found


./node_modules/ai/dist/index.mjs:100:1
Module not found: Can't resolve '@ai-sdk/provider'
  [90m 98 |[0m
  [90m 99 |[0m [90m// src/error/index.ts[0m
[31m[1m>[0m [90m100 |[0m [36mimport[0m {
  [90m    |[0m [31m[1m^^^^^^^[0m
[31m[1m>[0m [90m101 |[0m   [33mAISDKError[0m [36mas[0m [33mAISDKError17[0m,
  [90m    |[0m [31m[1m^^^^^^^^^^^^^^^^^^^^^^^^^^^^^[0m
[31m[1m>[0m [90m102 |[0m   [33mAPICallError[0m,
  [90m    |[0m [31m[1m^^^^^^^^^^^^^^^[0m
[31m[1m>[0m [90m103 |[0m   [33mEmptyResponseBodyError[0m,
  [90m    |[0m [31m[1m^^^^^^^^^^^^^^^^^^^^^^^^^[0m
[31m[1m>[0m [90m104 |[0m   [33mInvalidPromptError[0m,
  [90m    |[0m [31m[1m^^^^^^^^^^^^^^^^^^^^^[0m
[31m[1m>[0m [90m105 |[0m   [33mInvalidResponseDataError[0m,
  [90m    |[0m [31m[1m^^^^^^^^^^^^^^^^^^^^^^^^^^^[0m
[31m[1m>[0m [90m106 |[0m   [33mJSONParseError[0m,
  [90m    |[0m [31m[1m^^^^^^^^^^^^^^^^^[0m
[31m[1m>[0m [90m107 |[0m   [33mLoadAPIKeyError[0m,
  [90m    |[0m [31m[1m^^^^^^^^^^^^^^^^^^[0m
[31m[1m>[0m [90m108 |[0m   [33mLoadSettingError[0m,
  [90m    |[0m [31m[1m^^^^^^^^^^^^^^^^^^^[0m
[31m[1m>[0m [90m109 |[0m   [33mNoContentGeneratedError[0m,
  [90m    |[0m [31m[1m^^^^^^^^^^^^^^^^^^^^^^^^^^[0m
[31m[1m>[0m [90m110 |[0m   [33mNoSuchModelError[0m,
  [90m    |[0m [31m[1m^^^^^^^^^^^^^^^^^^^[0m
[31m[1m>[0m [90m111 |[0m   [33mTooManyEmbeddingValuesForCallError[0m,
  [90m    |[0m [31m[1m^^^^^^^^^^^^^^^^^^^^^^^^^^^^^^^^^^^^^[0m
[31m[1m>[0m [90m112 |[0m   [33mTypeValidationError[0m,
  [90m    |[0m [31m[1m^^^^^^^^^^^^^^^^^^^^^^[0m
[31m[1m>[0m [90m113 |[0m   [33mUnsupportedFunctionalityError[0m
  [90m    |[0m [31m[1m^^^^^^^^^^^^^^^^^^^^^^^^^^^^^^^[0m
[31m[1m>[0m [90m114 |[0m } [36mfrom[0m [32m"@ai-sdk/provider"[0m;
  [90m    |[0m [31m[1m^^^^^^^^^^^^^^^^^^^^^^^^^^[0m
  [90m115 |[0m
  [90m116 |[0m [90m// src/error/invalid-argument-error.ts[0m
  [90m117 |[0m [36mimport[0m { [33mAISDKError[0m [36mas[0m [33mAISDKError2[0m } [36mfrom[0m [32m"@ai-sdk/provider"[0m;



Import traces:
  App Route:
    ./node_modules/ai/dist/index.mjs
    ./src/app/api/chat/route.ts

  Client Component Browser:
    ./node_modules/ai/dist/index.mjs [Client Component Browser]
    ./src/lib/ai/draftingAgent.ts [Client Component Browser]
    ./src/components/communication/DraftAssistant.tsx [Client Component Browser]
    ./src/components/communication/GlobalInbox.tsx [Client Component Browser]
    ./src/app/dashboard/inbox/page.tsx [Client Component Browser]
    ./src/app/dashboard/inbox/page.tsx [Server Component]

  Client Component SSR:
    ./node_modules/ai/dist/index.mjs [Client Component SSR]
    ./src/lib/ai/draftingAgent.ts [Client Component SSR]
    ./src/components/communication/DraftAssistant.tsx [Client Component SSR]
    ./src/components/communication/GlobalInbox.tsx [Client Component SSR]
    ./src/app/dashboard/inbox/page.tsx [Client Component SSR]
    ./src/app/dashboard/inbox/page.tsx [Server Component]

https://nextjs.org/docs/messages/module-not-found


./node_modules/ai/dist/index.mjs:117:1
Module not found: Can't resolve '@ai-sdk/provider'
  [90m115 |[0m
  [90m116 |[0m [90m// src/error/invalid-argument-error.ts[0m
[31m[1m>[0m [90m117 |[0m [36mimport[0m { [33mAISDKError[0m [36mas[0m [33mAISDKError2[0m } [36mfrom[0m [32m"@ai-sdk/provider"[0m;
  [90m    |[0m [31m[1m^^^^^^^^^^^^^^^^^^^^^^^^^^^^^^^^^^^^^^^^^^^^^^^^^^^^^^^^^^^^^[0m
  [90m118 |[0m [36mvar[0m name2 = [32m"AI_InvalidArgumentError"[0m;
  [90m119 |[0m [36mvar[0m marker2 = [32m`vercel.ai.error.[0m${name2[32m}`[0m;
  [90m120 |[0m [36mvar[0m symbol2 = [33mSymbol[0m.[36mfor[0m(marker2);



Import traces:
  App Route:
    ./node_modules/ai/dist/index.mjs
    ./src/app/api/chat/route.ts

  Client Component Browser:
    ./node_modules/ai/dist/index.mjs [Client Component Browser]
    ./src/lib/ai/draftingAgent.ts [Client Component Browser]
    ./src/components/communication/DraftAssistant.tsx [Client Component Browser]
    ./src/components/communication/GlobalInbox.tsx [Client Component Browser]
    ./src/app/dashboard/inbox/page.tsx [Client Component Browser]
    ./src/app/dashboard/inbox/page.tsx [Server Component]

  Client Component SSR:
    ./node_modules/ai/dist/index.mjs [Client Component SSR]
    ./src/lib/ai/draftingAgent.ts [Client Component SSR]
    ./src/components/communication/DraftAssistant.tsx [Client Component SSR]
    ./src/components/communication/GlobalInbox.tsx [Client Component SSR]
    ./src/app/dashboard/inbox/page.tsx [Client Component SSR]
    ./src/app/dashboard/inbox/page.tsx [Server Component]

https://nextjs.org/docs/messages/module-not-found


./node_modules/ai/dist/index.mjs:143:1
Module not found: Can't resolve '@ai-sdk/provider'
  [90m141 |[0m
  [90m142 |[0m [90m// src/error/invalid-stream-part-error.ts[0m
[31m[1m>[0m [90m143 |[0m [36mimport[0m { [33mAISDKError[0m [36mas[0m [33mAISDKError3[0m } [36mfrom[0m [32m"@ai-sdk/provider"[0m;
  [90m    |[0m [31m[1m^^^^^^^^^^^^^^^^^^^^^^^^^^^^^^^^^^^^^^^^^^^^^^^^^^^^^^^^^^^^^[0m
  [90m144 |[0m [36mvar[0m name3 = [32m"AI_InvalidStreamPartError"[0m;
  [90m145 |[0m [36mvar[0m marker3 = [32m`vercel.ai.error.[0m${name3[32m}`[0m;
  [90m146 |[0m [36mvar[0m symbol3 = [33mSymbol[0m.[36mfor[0m(marker3);



Import traces:
  App Route:
    ./node_modules/ai/dist/index.mjs
    ./src/app/api/chat/route.ts

  Client Component Browser:
    ./node_modules/ai/dist/index.mjs [Client Component Browser]
    ./src/lib/ai/draftingAgent.ts [Client Component Browser]
    ./src/components/communication/DraftAssistant.tsx [Client Component Browser]
    ./src/components/communication/GlobalInbox.tsx [Client Component Browser]
    ./src/app/dashboard/inbox/page.tsx [Client Component Browser]
    ./src/app/dashboard/inbox/page.tsx [Server Component]

  Client Component SSR:
    ./node_modules/ai/dist/index.mjs [Client Component SSR]
    ./src/lib/ai/draftingAgent.ts [Client Component SSR]
    ./src/components/communication/DraftAssistant.tsx [Client Component SSR]
    ./src/components/communication/GlobalInbox.tsx [Client Component SSR]
    ./src/app/dashboard/inbox/page.tsx [Client Component SSR]
    ./src/app/dashboard/inbox/page.tsx [Server Component]

https://nextjs.org/docs/messages/module-not-found


./node_modules/ai/dist/index.mjs:164:1
Module not found: Can't resolve '@ai-sdk/provider'
  [90m162 |[0m ...
  [90m163 |[0m ...[90m/error/invalid-tool-input-error.ts[0m
[31m[1m>[0m [90m164 |[0m ... { [33mAISDKError[0m [36mas[0m [33mAISDKError4[0m, getErrorMessage } [36mfrom[0m [32m"@ai-sdk/prov...[0m
  [90m    |[0m    [31m[1m^^^^^^^^^^^^^^^^^^^^^^^^^^^^^^^^^^^^^^^^^^^^^^^^^^^^^^^^^^^^^^^^^^^^^[0m
  [90m165 |[0m ...me4 = [32m"AI_InvalidToolInputError"[0m;
  [90m166 |[0m ...rker4 = [32m`vercel.ai.error.[0m${name4[32m}`[0m;
  [90m167 |[0m ...mbol4 = [33mSymbol[0m.[36mfor[0m(marker4);



Import traces:
  App Route:
    ./node_modules/ai/dist/index.mjs
    ./src/app/api/chat/route.ts

  Client Component Browser:
    ./node_modules/ai/dist/index.mjs [Client Component Browser]
    ./src/lib/ai/draftingAgent.ts [Client Component Browser]
    ./src/components/communication/DraftAssistant.tsx [Client Component Browser]
    ./src/components/communication/GlobalInbox.tsx [Client Component Browser]
    ./src/app/dashboard/inbox/page.tsx [Client Component Browser]
    ./src/app/dashboard/inbox/page.tsx [Server Component]

  Client Component SSR:
    ./node_modules/ai/dist/index.mjs [Client Component SSR]
    ./src/lib/ai/draftingAgent.ts [Client Component SSR]
    ./src/components/communication/DraftAssistant.tsx [Client Component SSR]
    ./src/components/communication/GlobalInbox.tsx [Client Component SSR]
    ./src/app/dashboard/inbox/page.tsx [Client Component SSR]
    ./src/app/dashboard/inbox/page.tsx [Server Component]

https://nextjs.org/docs/messages/module-not-found


./node_modules/ai/dist/index.mjs:188:1
Module not found: Can't resolve '@ai-sdk/provider'
  [90m186 |[0m
  [90m187 |[0m [90m// src/error/no-image-generated-error.ts[0m
[31m[1m>[0m [90m188 |[0m [36mimport[0m { [33mAISDKError[0m [36mas[0m [33mAISDKError5[0m } [36mfrom[0m [32m"@ai-sdk/provider"[0m;
  [90m    |[0m [31m[1m^^^^^^^^^^^^^^^^^^^^^^^^^^^^^^^^^^^^^^^^^^^^^^^^^^^^^^^^^^^^^[0m
  [90m189 |[0m [36mvar[0m name5 = [32m"AI_NoImageGeneratedError"[0m;
  [90m190 |[0m [36mvar[0m marker5 = [32m`vercel.ai.error.[0m${name5[32m}`[0m;
  [90m191 |[0m [36mvar[0m symbol5 = [33mSymbol[0m.[36mfor[0m(marker5);



Import traces:
  App Route:
    ./node_modules/ai/dist/index.mjs
    ./src/app/api/chat/route.ts

  Client Component Browser:
    ./node_modules/ai/dist/index.mjs [Client Component Browser]
    ./src/lib/ai/draftingAgent.ts [Client Component Browser]
    ./src/components/communication/DraftAssistant.tsx [Client Component Browser]
    ./src/components/communication/GlobalInbox.tsx [Client Component Browser]
    ./src/app/dashboard/inbox/page.tsx [Client Component Browser]
    ./src/app/dashboard/inbox/page.tsx [Server Component]

  Client Component SSR:
    ./node_modules/ai/dist/index.mjs [Client Component SSR]
    ./src/lib/ai/draftingAgent.ts [Client Component SSR]
    ./src/components/communication/DraftAssistant.tsx [Client Component SSR]
    ./src/components/communication/GlobalInbox.tsx [Client Component SSR]
    ./src/app/dashboard/inbox/page.tsx [Client Component SSR]
    ./src/app/dashboard/inbox/page.tsx [Server Component]

https://nextjs.org/docs/messages/module-not-found


./node_modules/ai/dist/index.mjs:210:1
Module not found: Can't resolve '@ai-sdk/provider'
  [90m208 |[0m
  [90m209 |[0m [90m// src/error/no-object-generated-error.ts[0m
[31m[1m>[0m [90m210 |[0m [36mimport[0m { [33mAISDKError[0m [36mas[0m [33mAISDKError6[0m } [36mfrom[0m [32m"@ai-sdk/provider"[0m;
  [90m    |[0m [31m[1m^^^^^^^^^^^^^^^^^^^^^^^^^^^^^^^^^^^^^^^^^^^^^^^^^^^^^^^^^^^^^[0m
  [90m211 |[0m [36mvar[0m name6 = [32m"AI_NoObjectGeneratedError"[0m;
  [90m212 |[0m [36mvar[0m marker6 = [32m`vercel.ai.error.[0m${name6[32m}`[0m;
  [90m213 |[0m [36mvar[0m symbol6 = [33mSymbol[0m.[36mfor[0m(marker6);



Import traces:
  App Route:
    ./node_modules/ai/dist/index.mjs
    ./src/app/api/chat/route.ts

  Client Component Browser:
    ./node_modules/ai/dist/index.mjs [Client Component Browser]
    ./src/lib/ai/draftingAgent.ts [Client Component Browser]
    ./src/components/communication/DraftAssistant.tsx [Client Component Browser]
    ./src/components/communication/GlobalInbox.tsx [Client Component Browser]
    ./src/app/dashboard/inbox/page.tsx [Client Component Browser]
    ./src/app/dashboard/inbox/page.tsx [Server Component]

  Client Component SSR:
    ./node_modules/ai/dist/index.mjs [Client Component SSR]
    ./src/lib/ai/draftingAgent.ts [Client Component SSR]
    ./src/components/communication/DraftAssistant.tsx [Client Component SSR]
    ./src/components/communication/GlobalInbox.tsx [Client Component SSR]
    ./src/app/dashboard/inbox/page.tsx [Client Component SSR]
    ./src/app/dashboard/inbox/page.tsx [Server Component]

https://nextjs.org/docs/messages/module-not-found


./node_modules/ai/dist/index.mjs:238:1
Module not found: Can't resolve '@ai-sdk/provider'
  [90m236 |[0m
  [90m237 |[0m [90m// src/error/no-output-generated-error.ts[0m
[31m[1m>[0m [90m238 |[0m [36mimport[0m { [33mAISDKError[0m [36mas[0m [33mAISDKError7[0m } [36mfrom[0m [32m"@ai-sdk/provider"[0m;
  [90m    |[0m [31m[1m^^^^^^^^^^^^^^^^^^^^^^^^^^^^^^^^^^^^^^^^^^^^^^^^^^^^^^^^^^^^^[0m
  [90m239 |[0m [36mvar[0m name7 = [32m"AI_NoOutputGeneratedError"[0m;
  [90m240 |[0m [36mvar[0m marker7 = [32m`vercel.ai.error.[0m${name7[32m}`[0m;
  [90m241 |[0m [36mvar[0m symbol7 = [33mSymbol[0m.[36mfor[0m(marker7);



Import traces:
  App Route:
    ./node_modules/ai/dist/index.mjs
    ./src/app/api/chat/route.ts

  Client Component Browser:
    ./node_modules/ai/dist/index.mjs [Client Component Browser]
    ./src/lib/ai/draftingAgent.ts [Client Component Browser]
    ./src/components/communication/DraftAssistant.tsx [Client Component Browser]
    ./src/components/communication/GlobalInbox.tsx [Client Component Browser]
    ./src/app/dashboard/inbox/page.tsx [Client Component Browser]
    ./src/app/dashboard/inbox/page.tsx [Server Component]

  Client Component SSR:
    ./node_modules/ai/dist/index.mjs [Client Component SSR]
    ./src/lib/ai/draftingAgent.ts [Client Component SSR]
    ./src/components/communication/DraftAssistant.tsx [Client Component SSR]
    ./src/components/communication/GlobalInbox.tsx [Client Component SSR]
    ./src/app/dashboard/inbox/page.tsx [Client Component SSR]
    ./src/app/dashboard/inbox/page.tsx [Server Component]

https://nextjs.org/docs/messages/module-not-found


./node_modules/ai/dist/index.mjs:259:1
Module not found: Can't resolve '@ai-sdk/provider'
  [90m257 |[0m
  [90m258 |[0m [90m// src/error/no-speech-generated-error.ts[0m
[31m[1m>[0m [90m259 |[0m [36mimport[0m { [33mAISDKError[0m [36mas[0m [33mAISDKError8[0m } [36mfrom[0m [32m"@ai-sdk/provider"[0m;
  [90m    |[0m [31m[1m^^^^^^^^^^^^^^^^^^^^^^^^^^^^^^^^^^^^^^^^^^^^^^^^^^^^^^^^^^^^^[0m
  [90m260 |[0m [36mvar[0m [33mNoSpeechGeneratedError[0m = [36mclass[0m [36mextends[0m [33mAISDKError8[0m {
  [90m261 |[0m   constructor(options) {
  [90m262 |[0m     [36msuper[0m({



Import traces:
  App Route:
    ./node_modules/ai/dist/index.mjs
    ./src/app/api/chat/route.ts

  Client Component Browser:
    ./node_modules/ai/dist/index.mjs [Client Component Browser]
    ./src/lib/ai/draftingAgent.ts [Client Component Browser]
    ./src/components/communication/DraftAssistant.tsx [Client Component Browser]
    ./src/components/communication/GlobalInbox.tsx [Client Component Browser]
    ./src/app/dashboard/inbox/page.tsx [Client Component Browser]
    ./src/app/dashboard/inbox/page.tsx [Server Component]

  Client Component SSR:
    ./node_modules/ai/dist/index.mjs [Client Component SSR]
    ./src/lib/ai/draftingAgent.ts [Client Component SSR]
    ./src/components/communication/DraftAssistant.tsx [Client Component SSR]
    ./src/components/communication/GlobalInbox.tsx [Client Component SSR]
    ./src/app/dashboard/inbox/page.tsx [Client Component SSR]
    ./src/app/dashboard/inbox/page.tsx [Server Component]

https://nextjs.org/docs/messages/module-not-found


./node_modules/ai/dist/index.mjs:271:1
Module not found: Can't resolve '@ai-sdk/provider'
  [90m269 |[0m
  [90m270 |[0m [90m// src/error/no-such-tool-error.ts[0m
[31m[1m>[0m [90m271 |[0m [36mimport[0m { [33mAISDKError[0m [36mas[0m [33mAISDKError9[0m } [36mfrom[0m [32m"@ai-sdk/provider"[0m;
  [90m    |[0m [31m[1m^^^^^^^^^^^^^^^^^^^^^^^^^^^^^^^^^^^^^^^^^^^^^^^^^^^^^^^^^^^^^[0m
  [90m272 |[0m [36mvar[0m name8 = [32m"AI_NoSuchToolError"[0m;
  [90m273 |[0m [36mvar[0m marker8 = [32m`vercel.ai.error.[0m${name8[32m}`[0m;
  [90m274 |[0m [36mvar[0m symbol8 = [33mSymbol[0m.[36mfor[0m(marker8);



Import traces:
  App Route:
    ./node_modules/ai/dist/index.mjs
    ./src/app/api/chat/route.ts

  Client Component Browser:
    ./node_modules/ai/dist/index.mjs [Client Component Browser]
    ./src/lib/ai/draftingAgent.ts [Client Component Browser]
    ./src/components/communication/DraftAssistant.tsx [Client Component Browser]
    ./src/components/communication/GlobalInbox.tsx [Client Component Browser]
    ./src/app/dashboard/inbox/page.tsx [Client Component Browser]
    ./src/app/dashboard/inbox/page.tsx [Server Component]

  Client Component SSR:
    ./node_modules/ai/dist/index.mjs [Client Component SSR]
    ./src/lib/ai/draftingAgent.ts [Client Component SSR]
    ./src/components/communication/DraftAssistant.tsx [Client Component SSR]
    ./src/components/communication/GlobalInbox.tsx [Client Component SSR]
    ./src/app/dashboard/inbox/page.tsx [Client Component SSR]
    ./src/app/dashboard/inbox/page.tsx [Server Component]

https://nextjs.org/docs/messages/module-not-found


./node_modules/ai/dist/index.mjs:294:1
Module not found: Can't resolve '@ai-sdk/provider'
  [90m292 |[0m ...
  [90m293 |[0m ...[90ml-call-repair-error.ts[0m
[31m[1m>[0m [90m294 |[0m ...[33mror[0m [36mas[0m [33mAISDKError10[0m, getErrorMessage [36mas[0m getErrorMessage2 } [36mfrom[0m [32m"@...[0m
  [90m    |[0m    [31m[1m^^^^^^^^^^^^^^^^^^^^^^^^^^^^^^^^^^^^^^^^^^^^^^^^^^^^^^^^^^^^^^^^^^^^^[0m
  [90m295 |[0m ...[32mToolCallRepairError"[0m;
  [90m296 |[0m ...[32mercel.ai.error.[0m${name9[32m}`[0m;
  [90m297 |[0m ...[33mmbol[0m.[36mfor[0m(marker9);



Import traces:
  App Route:
    ./node_modules/ai/dist/index.mjs
    ./src/app/api/chat/route.ts

  Client Component Browser:
    ./node_modules/ai/dist/index.mjs [Client Component Browser]
    ./src/lib/ai/draftingAgent.ts [Client Component Browser]
    ./src/components/communication/DraftAssistant.tsx [Client Component Browser]
    ./src/components/communication/GlobalInbox.tsx [Client Component Browser]
    ./src/app/dashboard/inbox/page.tsx [Client Component Browser]
    ./src/app/dashboard/inbox/page.tsx [Server Component]

  Client Component SSR:
    ./node_modules/ai/dist/index.mjs [Client Component SSR]
    ./src/lib/ai/draftingAgent.ts [Client Component SSR]
    ./src/components/communication/DraftAssistant.tsx [Client Component SSR]
    ./src/components/communication/GlobalInbox.tsx [Client Component SSR]
    ./src/app/dashboard/inbox/page.tsx [Client Component SSR]
    ./src/app/dashboard/inbox/page.tsx [Server Component]

https://nextjs.org/docs/messages/module-not-found


./node_modules/ai/dist/index.mjs:316:1
Module not found: Can't resolve '@ai-sdk/provider'
  [90m314 |[0m
  [90m315 |[0m [90m// src/error/unsupported-model-version-error.ts[0m
[31m[1m>[0m [90m316 |[0m [36mimport[0m { [33mAISDKError[0m [36mas[0m [33mAISDKError11[0m } [36mfrom[0m [32m"@ai-sdk/provider"[0m;
  [90m    |[0m [31m[1m^^^^^^^^^^^^^^^^^^^^^^^^^^^^^^^^^^^^^^^^^^^^^^^^^^^^^^^^^^^^^^[0m
  [90m317 |[0m [36mvar[0m [33mUnsupportedModelVersionError[0m = [36mclass[0m [36mextends[0m [33mAISDKError11[0m {
  [90m318 |[0m   constructor(options) {
  [90m319 |[0m     [36msuper[0m({



Import traces:
  App Route:
    ./node_modules/ai/dist/index.mjs
    ./src/app/api/chat/route.ts

  Client Component Browser:
    ./node_modules/ai/dist/index.mjs [Client Component Browser]
    ./src/lib/ai/draftingAgent.ts [Client Component Browser]
    ./src/components/communication/DraftAssistant.tsx [Client Component Browser]
    ./src/components/communication/GlobalInbox.tsx [Client Component Browser]
    ./src/app/dashboard/inbox/page.tsx [Client Component Browser]
    ./src/app/dashboard/inbox/page.tsx [Server Component]

  Client Component SSR:
    ./node_modules/ai/dist/index.mjs [Client Component SSR]
    ./src/lib/ai/draftingAgent.ts [Client Component SSR]
    ./src/components/communication/DraftAssistant.tsx [Client Component SSR]
    ./src/components/communication/GlobalInbox.tsx [Client Component SSR]
    ./src/app/dashboard/inbox/page.tsx [Client Component SSR]
    ./src/app/dashboard/inbox/page.tsx [Server Component]

https://nextjs.org/docs/messages/module-not-found


./node_modules/ai/dist/index.mjs:330:1
Module not found: Can't resolve '@ai-sdk/provider'
  [90m328 |[0m
  [90m329 |[0m [90m// src/prompt/invalid-data-content-error.ts[0m
[31m[1m>[0m [90m330 |[0m [36mimport[0m { [33mAISDKError[0m [36mas[0m [33mAISDKError12[0m } [36mfrom[0m [32m"@ai-sdk/provider"[0m;
  [90m    |[0m [31m[1m^^^^^^^^^^^^^^^^^^^^^^^^^^^^^^^^^^^^^^^^^^^^^^^^^^^^^^^^^^^^^^[0m
  [90m331 |[0m [36mvar[0m name10 = [32m"AI_InvalidDataContentError"[0m;
  [90m332 |[0m [36mvar[0m marker10 = [32m`vercel.ai.error.[0m${name10[32m}`[0m;
  [90m333 |[0m [36mvar[0m symbol10 = [33mSymbol[0m.[36mfor[0m(marker10);



Import traces:
  App Route:
    ./node_modules/ai/dist/index.mjs
    ./src/app/api/chat/route.ts

  Client Component Browser:
    ./node_modules/ai/dist/index.mjs [Client Component Browser]
    ./src/lib/ai/draftingAgent.ts [Client Component Browser]
    ./src/components/communication/DraftAssistant.tsx [Client Component Browser]
    ./src/components/communication/GlobalInbox.tsx [Client Component Browser]
    ./src/app/dashboard/inbox/page.tsx [Client Component Browser]
    ./src/app/dashboard/inbox/page.tsx [Server Component]

  Client Component SSR:
    ./node_modules/ai/dist/index.mjs [Client Component SSR]
    ./src/lib/ai/draftingAgent.ts [Client Component SSR]
    ./src/components/communication/DraftAssistant.tsx [Client Component SSR]
    ./src/components/communication/GlobalInbox.tsx [Client Component SSR]
    ./src/app/dashboard/inbox/page.tsx [Client Component SSR]
    ./src/app/dashboard/inbox/page.tsx [Server Component]

https://nextjs.org/docs/messages/module-not-found


./node_modules/ai/dist/index.mjs:352:1
Module not found: Can't resolve '@ai-sdk/provider'
  [90m350 |[0m
  [90m351 |[0m [90m// src/prompt/invalid-message-role-error.ts[0m
[31m[1m>[0m [90m352 |[0m [36mimport[0m { [33mAISDKError[0m [36mas[0m [33mAISDKError13[0m } [36mfrom[0m [32m"@ai-sdk/provider"[0m;
  [90m    |[0m [31m[1m^^^^^^^^^^^^^^^^^^^^^^^^^^^^^^^^^^^^^^^^^^^^^^^^^^^^^^^^^^^^^^[0m
  [90m353 |[0m [36mvar[0m name11 = [32m"AI_InvalidMessageRoleError"[0m;
  [90m354 |[0m [36mvar[0m marker11 = [32m`vercel.ai.error.[0m${name11[32m}`[0m;
  [90m355 |[0m [36mvar[0m symbol11 = [33mSymbol[0m.[36mfor[0m(marker11);



Import traces:
  App Route:
    ./node_modules/ai/dist/index.mjs
    ./src/app/api/chat/route.ts

  Client Component Browser:
    ./node_modules/ai/dist/index.mjs [Client Component Browser]
    ./src/lib/ai/draftingAgent.ts [Client Component Browser]
    ./src/components/communication/DraftAssistant.tsx [Client Component Browser]
    ./src/components/communication/GlobalInbox.tsx [Client Component Browser]
    ./src/app/dashboard/inbox/page.tsx [Client Component Browser]
    ./src/app/dashboard/inbox/page.tsx [Server Component]

  Client Component SSR:
    ./node_modules/ai/dist/index.mjs [Client Component SSR]
    ./src/lib/ai/draftingAgent.ts [Client Component SSR]
    ./src/components/communication/DraftAssistant.tsx [Client Component SSR]
    ./src/components/communication/GlobalInbox.tsx [Client Component SSR]
    ./src/app/dashboard/inbox/page.tsx [Client Component SSR]
    ./src/app/dashboard/inbox/page.tsx [Server Component]

https://nextjs.org/docs/messages/module-not-found


./node_modules/ai/dist/index.mjs:373:1
Module not found: Can't resolve '@ai-sdk/provider'
  [90m371 |[0m
  [90m372 |[0m [90m// src/prompt/message-conversion-error.ts[0m
[31m[1m>[0m [90m373 |[0m [36mimport[0m { [33mAISDKError[0m [36mas[0m [33mAISDKError14[0m } [36mfrom[0m [32m"@ai-sdk/provider"[0m;
  [90m    |[0m [31m[1m^^^^^^^^^^^^^^^^^^^^^^^^^^^^^^^^^^^^^^^^^^^^^^^^^^^^^^^^^^^^^^[0m
  [90m374 |[0m [36mvar[0m name12 = [32m"AI_MessageConversionError"[0m;
  [90m375 |[0m [36mvar[0m marker12 = [32m`vercel.ai.error.[0m${name12[32m}`[0m;
  [90m376 |[0m [36mvar[0m symbol12 = [33mSymbol[0m.[36mfor[0m(marker12);



Import traces:
  App Route:
    ./node_modules/ai/dist/index.mjs
    ./src/app/api/chat/route.ts

  Client Component Browser:
    ./node_modules/ai/dist/index.mjs [Client Component Browser]
    ./src/lib/ai/draftingAgent.ts [Client Component Browser]
    ./src/components/communication/DraftAssistant.tsx [Client Component Browser]
    ./src/components/communication/GlobalInbox.tsx [Client Component Browser]
    ./src/app/dashboard/inbox/page.tsx [Client Component Browser]
    ./src/app/dashboard/inbox/page.tsx [Server Component]

  Client Component SSR:
    ./node_modules/ai/dist/index.mjs [Client Component SSR]
    ./src/lib/ai/draftingAgent.ts [Client Component SSR]
    ./src/components/communication/DraftAssistant.tsx [Client Component SSR]
    ./src/components/communication/GlobalInbox.tsx [Client Component SSR]
    ./src/app/dashboard/inbox/page.tsx [Client Component SSR]
    ./src/app/dashboard/inbox/page.tsx [Server Component]

https://nextjs.org/docs/messages/module-not-found


./node_modules/ai/dist/index.mjs:394:1
Module not found: Can't resolve '@ai-sdk/provider'
  [90m392 |[0m
  [90m393 |[0m [90m// src/util/download/download-error.ts[0m
[31m[1m>[0m [90m394 |[0m [36mimport[0m { [33mAISDKError[0m [36mas[0m [33mAISDKError15[0m } [36mfrom[0m [32m"@ai-sdk/provider"[0m;
  [90m    |[0m [31m[1m^^^^^^^^^^^^^^^^^^^^^^^^^^^^^^^^^^^^^^^^^^^^^^^^^^^^^^^^^^^^^^[0m
  [90m395 |[0m [36mvar[0m name13 = [32m"AI_DownloadError"[0m;
  [90m396 |[0m [36mvar[0m marker13 = [32m`vercel.ai.error.[0m${name13[32m}`[0m;
  [90m397 |[0m [36mvar[0m symbol13 = [33mSymbol[0m.[36mfor[0m(marker13);



Import traces:
  App Route:
    ./node_modules/ai/dist/index.mjs
    ./src/app/api/chat/route.ts

  Client Component Browser:
    ./node_modules/ai/dist/index.mjs [Client Component Browser]
    ./src/lib/ai/draftingAgent.ts [Client Component Browser]
    ./src/components/communication/DraftAssistant.tsx [Client Component Browser]
    ./src/components/communication/GlobalInbox.tsx [Client Component Browser]
    ./src/app/dashboard/inbox/page.tsx [Client Component Browser]
    ./src/app/dashboard/inbox/page.tsx [Server Component]

  Client Component SSR:
    ./node_modules/ai/dist/index.mjs [Client Component SSR]
    ./src/lib/ai/draftingAgent.ts [Client Component SSR]
    ./src/components/communication/DraftAssistant.tsx [Client Component SSR]
    ./src/components/communication/GlobalInbox.tsx [Client Component SSR]
    ./src/app/dashboard/inbox/page.tsx [Client Component SSR]
    ./src/app/dashboard/inbox/page.tsx [Server Component]

https://nextjs.org/docs/messages/module-not-found


./node_modules/ai/dist/index.mjs:420:1
Module not found: Can't resolve '@ai-sdk/provider'
  [90m418 |[0m
  [90m419 |[0m [90m// src/util/retry-error.ts[0m
[31m[1m>[0m [90m420 |[0m [36mimport[0m { [33mAISDKError[0m [36mas[0m [33mAISDKError16[0m } [36mfrom[0m [32m"@ai-sdk/provider"[0m;
  [90m    |[0m [31m[1m^^^^^^^^^^^^^^^^^^^^^^^^^^^^^^^^^^^^^^^^^^^^^^^^^^^^^^^^^^^^^^[0m
  [90m421 |[0m [36mvar[0m name14 = [32m"AI_RetryError"[0m;
  [90m422 |[0m [36mvar[0m marker14 = [32m`vercel.ai.error.[0m${name14[32m}`[0m;
  [90m423 |[0m [36mvar[0m symbol14 = [33mSymbol[0m.[36mfor[0m(marker14);



Import traces:
  App Route:
    ./node_modules/ai/dist/index.mjs
    ./src/app/api/chat/route.ts

  Client Component Browser:
    ./node_modules/ai/dist/index.mjs [Client Component Browser]
    ./src/lib/ai/draftingAgent.ts [Client Component Browser]
    ./src/components/communication/DraftAssistant.tsx [Client Component Browser]
    ./src/components/communication/GlobalInbox.tsx [Client Component Browser]
    ./src/app/dashboard/inbox/page.tsx [Client Component Browser]
    ./src/app/dashboard/inbox/page.tsx [Server Component]

  Client Component SSR:
    ./node_modules/ai/dist/index.mjs [Client Component SSR]
    ./src/lib/ai/draftingAgent.ts [Client Component SSR]
    ./src/components/communication/DraftAssistant.tsx [Client Component SSR]
    ./src/components/communication/GlobalInbox.tsx [Client Component SSR]
    ./src/app/dashboard/inbox/page.tsx [Client Component SSR]
    ./src/app/dashboard/inbox/page.tsx [Server Component]

https://nextjs.org/docs/messages/module-not-found


./node_modules/ai/dist/index.mjs:747:1
Module not found: Can't resolve '@ai-sdk/provider'
  [90m745 |[0m
  [90m746 |[0m [90m// src/prompt/data-content.ts[0m
[31m[1m>[0m [90m747 |[0m [36mimport[0m { [33mAISDKError[0m [36mas[0m [33mAISDKError18[0m } [36mfrom[0m [32m"@ai-sdk/provider"[0m;
  [90m    |[0m [31m[1m^^^^^^^^^^^^^^^^^^^^^^^^^^^^^^^^^^^^^^^^^^^^^^^^^^^^^^^^^^^^^^[0m
  [90m748 |[0m [36mimport[0m {
  [90m749 |[0m   convertBase64ToUint8Array [36mas[0m convertBase64ToUint8Array2,
  [90m750 |[0m   convertUint8ArrayToBase64



Import traces:
  App Route:
    ./node_modules/ai/dist/index.mjs
    ./src/app/api/chat/route.ts

  Client Component Browser:
    ./node_modules/ai/dist/index.mjs [Client Component Browser]
    ./src/lib/ai/draftingAgent.ts [Client Component Browser]
    ./src/components/communication/DraftAssistant.tsx [Client Component Browser]
    ./src/components/communication/GlobalInbox.tsx [Client Component Browser]
    ./src/app/dashboard/inbox/page.tsx [Client Component Browser]
    ./src/app/dashboard/inbox/page.tsx [Server Component]

  Client Component SSR:
    ./node_modules/ai/dist/index.mjs [Client Component SSR]
    ./src/lib/ai/draftingAgent.ts [Client Component SSR]
    ./src/components/communication/DraftAssistant.tsx [Client Component SSR]
    ./src/components/communication/GlobalInbox.tsx [Client Component SSR]
    ./src/app/dashboard/inbox/page.tsx [Client Component SSR]
    ./src/app/dashboard/inbox/page.tsx [Server Component]

https://nextjs.org/docs/messages/module-not-found


./node_modules/ai/dist/index.mjs:1215:1
Module not found: Can't resolve '@ai-sdk/provider'
  [90m1213 |[0m ...
  [90m1214 |[0m ...[90m/prompt/standardize-prompt.ts[0m
[31m[1m>[0m [90m1215 |[0m ... { [33mInvalidPromptError[0m [36mas[0m [33mInvalidPromptError2[0m } [36mfrom[0m [32m"@ai-sdk/prov...[0m
  [90m     |[0m    [31m[1m^^^^^^^^^^^^^^^^^^^^^^^^^^^^^^^^^^^^^^^^^^^^^^^^^^^^^^^^^^^^^^^^^^^^[0m
  [90m1216 |[0m ... { safeValidateTypes } [36mfrom[0m [32m"@ai-sdk/provider-utils"[0m;
  [90m1217 |[0m ... { z [36mas[0m z6 } [36mfrom[0m [32m"zod/v4"[0m;
  [90m1218 |[0m ...



Import traces:
  App Route:
    ./node_modules/ai/dist/index.mjs
    ./src/app/api/chat/route.ts

  Client Component Browser:
    ./node_modules/ai/dist/index.mjs [Client Component Browser]
    ./src/lib/ai/draftingAgent.ts [Client Component Browser]
    ./src/components/communication/DraftAssistant.tsx [Client Component Browser]
    ./src/components/communication/GlobalInbox.tsx [Client Component Browser]
    ./src/app/dashboard/inbox/page.tsx [Client Component Browser]
    ./src/app/dashboard/inbox/page.tsx [Server Component]

  Client Component SSR:
    ./node_modules/ai/dist/index.mjs [Client Component SSR]
    ./src/lib/ai/draftingAgent.ts [Client Component SSR]
    ./src/components/communication/DraftAssistant.tsx [Client Component SSR]
    ./src/components/communication/GlobalInbox.tsx [Client Component SSR]
    ./src/app/dashboard/inbox/page.tsx [Client Component SSR]
    ./src/app/dashboard/inbox/page.tsx [Server Component]

https://nextjs.org/docs/messages/module-not-found


./node_modules/ai/dist/index.mjs:1426:1
Module not found: Can't resolve '@ai-sdk/provider'
  [90m1424 |[0m [90m// src/prompt/wrap-gateway-error.ts[0m
  [90m1425 |[0m [36mimport[0m { [33mGatewayAuthenticationError[0m } [36mfrom[0m [32m"@ai-sdk/gateway"[0m;
[31m[1m>[0m [90m1426 |[0m [36mimport[0m { [33mAISDKError[0m [36mas[0m [33mAISDKError19[0m } [36mfrom[0m [32m"@ai-sdk/provider"[0m;
  [90m     |[0m [31m[1m^^^^^^^^^^^^^^^^^^^^^^^^^^^^^^^^^^^^^^^^^^^^^^^^^^^^^^^^^^^^^^[0m
  [90m1427 |[0m [36mfunction[0m wrapGatewayError(error) {
  [90m1428 |[0m   [36mif[0m (![33mGatewayAuthenticationError[0m.isInstance(error))
  [90m1429 |[0m     [36mreturn[0m error;



Import traces:
  App Route:
    ./node_modules/ai/dist/index.mjs
    ./src/app/api/chat/route.ts

  Client Component Browser:
    ./node_modules/ai/dist/index.mjs [Client Component Browser]
    ./src/lib/ai/draftingAgent.ts [Client Component Browser]
    ./src/components/communication/DraftAssistant.tsx [Client Component Browser]
    ./src/components/communication/GlobalInbox.tsx [Client Component Browser]
    ./src/app/dashboard/inbox/page.tsx [Client Component Browser]
    ./src/app/dashboard/inbox/page.tsx [Server Component]

  Client Component SSR:
    ./node_modules/ai/dist/index.mjs [Client Component SSR]
    ./src/lib/ai/draftingAgent.ts [Client Component SSR]
    ./src/components/communication/DraftAssistant.tsx [Client Component SSR]
    ./src/components/communication/GlobalInbox.tsx [Client Component SSR]
    ./src/app/dashboard/inbox/page.tsx [Client Component SSR]
    ./src/app/dashboard/inbox/page.tsx [Server Component]

https://nextjs.org/docs/messages/module-not-found


./node_modules/ai/dist/index.mjs:1689:1
Module not found: Can't resolve '@ai-sdk/provider'
  [90m1687 |[0m
  [90m1688 |[0m [90m// src/util/retry-with-exponential-backoff.ts[0m
[31m[1m>[0m [90m1689 |[0m [36mimport[0m { [33mAPICallError[0m [36mas[0m [33mAPICallError2[0m } [36mfrom[0m [32m"@ai-sdk/provider"[0m;
  [90m     |[0m [31m[1m^^^^^^^^^^^^^^^^^^^^^^^^^^^^^^^^^^^^^^^^^^^^^^^^^^^^^^^^^^^^^^^^^[0m
  [90m1690 |[0m [36mimport[0m { delay, getErrorMessage [36mas[0m getErrorMessage3, isAbortError } [36m...[0m
  [90m1691 |[0m [36mfunction[0m getRetryDelayInMs({
  [90m1692 |[0m   error,



Import traces:
  App Route:
    ./node_modules/ai/dist/index.mjs
    ./src/app/api/chat/route.ts

  Client Component Browser:
    ./node_modules/ai/dist/index.mjs [Client Component Browser]
    ./src/lib/ai/draftingAgent.ts [Client Component Browser]
    ./src/components/communication/DraftAssistant.tsx [Client Component Browser]
    ./src/components/communication/GlobalInbox.tsx [Client Component Browser]
    ./src/app/dashboard/inbox/page.tsx [Client Component Browser]
    ./src/app/dashboard/inbox/page.tsx [Server Component]

  Client Component SSR:
    ./node_modules/ai/dist/index.mjs [Client Component SSR]
    ./src/lib/ai/draftingAgent.ts [Client Component SSR]
    ./src/components/communication/DraftAssistant.tsx [Client Component SSR]
    ./src/components/communication/GlobalInbox.tsx [Client Component SSR]
    ./src/app/dashboard/inbox/page.tsx [Client Component SSR]
    ./src/app/dashboard/inbox/page.tsx [Server Component]

https://nextjs.org/docs/messages/module-not-found


./node_modules/ai/dist/index.mjs:2048:1
Module not found: Can't resolve '@ai-sdk/provider'
  [90m2046 |[0m
  [90m2047 |[0m [90m// src/prompt/create-tool-model-output.ts[0m
[31m[1m>[0m [90m2048 |[0m [36mimport[0m {
  [90m     |[0m [31m[1m^^^^^^^[0m
[31m[1m>[0m [90m2049 |[0m   getErrorMessage [36mas[0m getErrorMessage4
  [90m     |[0m [31m[1m^^^^^^^^^^^^^^^^^^^^^^^^^^^^^^^^^^^^^[0m
[31m[1m>[0m [90m2050 |[0m } [36mfrom[0m [32m"@ai-sdk/provider"[0m;
  [90m     |[0m [31m[1m^^^^^^^^^^^^^^^^^^^^^^^^^^[0m
  [90m2051 |[0m [36mfunction[0m createToolModelOutput({
  [90m2052 |[0m   output,
  [90m2053 |[0m   tool: tool2,



Import traces:
  App Route:
    ./node_modules/ai/dist/index.mjs
    ./src/app/api/chat/route.ts

  Client Component Browser:
    ./node_modules/ai/dist/index.mjs [Client Component Browser]
    ./src/lib/ai/draftingAgent.ts [Client Component Browser]
    ./src/components/communication/DraftAssistant.tsx [Client Component Browser]
    ./src/components/communication/GlobalInbox.tsx [Client Component Browser]
    ./src/app/dashboard/inbox/page.tsx [Client Component Browser]
    ./src/app/dashboard/inbox/page.tsx [Server Component]

  Client Component SSR:
    ./node_modules/ai/dist/index.mjs [Client Component SSR]
    ./src/lib/ai/draftingAgent.ts [Client Component SSR]
    ./src/components/communication/DraftAssistant.tsx [Client Component SSR]
    ./src/components/communication/GlobalInbox.tsx [Client Component SSR]
    ./src/app/dashboard/inbox/page.tsx [Client Component SSR]
    ./src/app/dashboard/inbox/page.tsx [Server Component]

https://nextjs.org/docs/messages/module-not-found


./node_modules/ai/dist/index.mjs:2751:1
Module not found: Can't resolve '@ai-sdk/provider'
  [90m2749 |[0m
  [90m2750 |[0m [90m// src/generate-text/stream-text.ts[0m
[31m[1m>[0m [90m2751 |[0m [36mimport[0m {
  [90m     |[0m [31m[1m^^^^^^^[0m
[31m[1m>[0m [90m2752 |[0m   getErrorMessage [36mas[0m getErrorMessage7
  [90m     |[0m [31m[1m^^^^^^^^^^^^^^^^^^^^^^^^^^^^^^^^^^^^^[0m
[31m[1m>[0m [90m2753 |[0m } [36mfrom[0m [32m"@ai-sdk/provider"[0m;
  [90m     |[0m [31m[1m^^^^^^^^^^^^^^^^^^^^^^^^^^[0m
  [90m2754 |[0m [36mimport[0m {
  [90m2755 |[0m   createIdGenerator [36mas[0m createIdGenerator2,
  [90m2756 |[0m   [33mDelayedPromise[0m,



Import traces:
  App Route:
    ./node_modules/ai/dist/index.mjs
    ./src/app/api/chat/route.ts

  Client Component Browser:
    ./node_modules/ai/dist/index.mjs [Client Component Browser]
    ./src/lib/ai/draftingAgent.ts [Client Component Browser]
    ./src/components/communication/DraftAssistant.tsx [Client Component Browser]
    ./src/components/communication/GlobalInbox.tsx [Client Component Browser]
    ./src/app/dashboard/inbox/page.tsx [Client Component Browser]
    ./src/app/dashboard/inbox/page.tsx [Server Component]

  Client Component SSR:
    ./node_modules/ai/dist/index.mjs [Client Component SSR]
    ./src/lib/ai/draftingAgent.ts [Client Component SSR]
    ./src/components/communication/DraftAssistant.tsx [Client Component SSR]
    ./src/components/communication/GlobalInbox.tsx [Client Component SSR]
    ./src/app/dashboard/inbox/page.tsx [Client Component SSR]
    ./src/app/dashboard/inbox/page.tsx [Server Component]

https://nextjs.org/docs/messages/module-not-found


./node_modules/ai/dist/index.mjs:6527:1
Module not found: Can't resolve '@ai-sdk/provider'
  [90m6525 |[0m
  [90m6526 |[0m [90m// src/generate-object/output-strategy.ts[0m
[31m[1m>[0m [90m6527 |[0m [36mimport[0m {
  [90m     |[0m [31m[1m^^^^^^^[0m
[31m[1m>[0m [90m6528 |[0m   isJSONArray,
  [90m     |[0m [31m[1m^^^^^^^^^^^^^^[0m
[31m[1m>[0m [90m6529 |[0m   isJSONObject,
  [90m     |[0m [31m[1m^^^^^^^^^^^^^^^[0m
[31m[1m>[0m [90m6530 |[0m   [33mTypeValidationError[0m [36mas[0m [33mTypeValidationError2[0m,
  [90m     |[0m [31m[1m^^^^^^^^^^^^^^^^^^^^^^^^^^^^^^^^^^^^^^^^^^^^^^[0m
[31m[1m>[0m [90m6531 |[0m   [33mUnsupportedFunctionalityError[0m [36mas[0m [33mUnsupportedFunctionalityError2[0m
  [90m     |[0m [31m[1m^^^^^^^^^^^^^^^^^^^^^^^^^^^^^^^^^^^^^^^^^^^^^^^^^^^^^^^^^^^^^^^^^[0m
[31m[1m>[0m [90m6532 |[0m } [36mfrom[0m [32m"@ai-sdk/provider"[0m;
  [90m     |[0m [31m[1m^^^^^^^^^^^^^^^^^^^^^^^^^^[0m
  [90m6533 |[0m [36mimport[0m {
  [90m6534 |[0m   asSchema [36mas[0m asSchema3,
  [90m6535 |[0m   safeValidateTypes [36mas[0m safeValidateTypes3



Import traces:
  App Route:
    ./node_modules/ai/dist/index.mjs
    ./src/app/api/chat/route.ts

  Client Component Browser:
    ./node_modules/ai/dist/index.mjs [Client Component Browser]
    ./src/lib/ai/draftingAgent.ts [Client Component Browser]
    ./src/components/communication/DraftAssistant.tsx [Client Component Browser]
    ./src/components/communication/GlobalInbox.tsx [Client Component Browser]
    ./src/app/dashboard/inbox/page.tsx [Client Component Browser]
    ./src/app/dashboard/inbox/page.tsx [Server Component]

  Client Component SSR:
    ./node_modules/ai/dist/index.mjs [Client Component SSR]
    ./src/lib/ai/draftingAgent.ts [Client Component SSR]
    ./src/components/communication/DraftAssistant.tsx [Client Component SSR]
    ./src/components/communication/GlobalInbox.tsx [Client Component SSR]
    ./src/app/dashboard/inbox/page.tsx [Client Component SSR]
    ./src/app/dashboard/inbox/page.tsx [Server Component]

https://nextjs.org/docs/messages/module-not-found


./node_modules/ai/dist/index.mjs:6793:1
Module not found: Can't resolve '@ai-sdk/provider'
  [90m6791 |[0m ...
  [90m6792 |[0m ...[90mrse-and-validate-object-result.ts[0m
[31m[1m>[0m [90m6793 |[0m ...[36ms[0m [33mJSONParseError2[0m, [33mTypeValidationError[0m [36mas[0m [33mTypeValidationError3[0m } [36m...[0m
  [90m     |[0m    [31m[1m^^^^^^^^^^^^^^^^^^^^^^^^^^^^^^^^^^^^^^^^^^^^^^^^^^^^^^^^^^^^^^^^^^^^[0m
  [90m6794 |[0m ... safeParseJSON3 } [36mfrom[0m [32m"@ai-sdk/provider-utils"[0m;
  [90m6795 |[0m ...lidateObjectResult(result, outputStrategy, context) {
  [90m6796 |[0m ...[36mit[0m safeParseJSON3({ text: result });



Import traces:
  App Route:
    ./node_modules/ai/dist/index.mjs
    ./src/app/api/chat/route.ts

  Client Component Browser:
    ./node_modules/ai/dist/index.mjs [Client Component Browser]
    ./src/lib/ai/draftingAgent.ts [Client Component Browser]
    ./src/components/communication/DraftAssistant.tsx [Client Component Browser]
    ./src/components/communication/GlobalInbox.tsx [Client Component Browser]
    ./src/app/dashboard/inbox/page.tsx [Client Component Browser]
    ./src/app/dashboard/inbox/page.tsx [Server Component]

  Client Component SSR:
    ./node_modules/ai/dist/index.mjs [Client Component SSR]
    ./src/lib/ai/draftingAgent.ts [Client Component SSR]
    ./src/components/communication/DraftAssistant.tsx [Client Component SSR]
    ./src/components/communication/GlobalInbox.tsx [Client Component SSR]
    ./src/app/dashboard/inbox/page.tsx [Client Component SSR]
    ./src/app/dashboard/inbox/page.tsx [Server Component]

https://nextjs.org/docs/messages/module-not-found


./node_modules/ai/dist/index.mjs:8145:1
Module not found: Can't resolve '@ai-sdk/provider'
  [90m8143 |[0m ...[90menerate-text/smooth-stream.ts[0m
  [90m8144 |[0m ... delay [36mas[0m originalDelay } [36mfrom[0m [32m"@ai-sdk/provider-utils"[0m;
[31m[1m>[0m [90m8145 |[0m ... [33mInvalidArgumentError[0m [36mas[0m [33mInvalidArgumentError2[0m } [36mfrom[0m [32m"@ai-sdk/pr...[0m
  [90m     |[0m    [31m[1m^^^^^^^^^^^^^^^^^^^^^^^^^^^^^^^^^^^^^^^^^^^^^^^^^^^^^^^^^^^^^^^^^^^^[0m
  [90m8146 |[0m ...[33mKING_REGEXPS[0m = {
  [90m8147 |[0m ...[35m/\S+\s+/m[0m,
  [90m8148 |[0m ...[35m/\n+/m[0m



Import traces:
  App Route:
    ./node_modules/ai/dist/index.mjs
    ./src/app/api/chat/route.ts

  Client Component Browser:
    ./node_modules/ai/dist/index.mjs [Client Component Browser]
    ./src/lib/ai/draftingAgent.ts [Client Component Browser]
    ./src/components/communication/DraftAssistant.tsx [Client Component Browser]
    ./src/components/communication/GlobalInbox.tsx [Client Component Browser]
    ./src/app/dashboard/inbox/page.tsx [Client Component Browser]
    ./src/app/dashboard/inbox/page.tsx [Server Component]

  Client Component SSR:
    ./node_modules/ai/dist/index.mjs [Client Component SSR]
    ./src/lib/ai/draftingAgent.ts [Client Component SSR]
    ./src/components/communication/DraftAssistant.tsx [Client Component SSR]
    ./src/components/communication/GlobalInbox.tsx [Client Component SSR]
    ./src/app/dashboard/inbox/page.tsx [Client Component SSR]
    ./src/app/dashboard/inbox/page.tsx [Server Component]

https://nextjs.org/docs/messages/module-not-found


./node_modules/ai/dist/index.mjs:8547:1
Module not found: Can't resolve '@ai-sdk/provider'
  [90m8545 |[0m
  [90m8546 |[0m [90m// src/registry/custom-provider.ts[0m
[31m[1m>[0m [90m8547 |[0m [36mimport[0m {
  [90m     |[0m [31m[1m^^^^^^^[0m
[31m[1m>[0m [90m8548 |[0m   [33mNoSuchModelError[0m [36mas[0m [33mNoSuchModelError2[0m
  [90m     |[0m [31m[1m^^^^^^^^^^^^^^^^^^^^^^^^^^^^^^^^^^^^^^^[0m
[31m[1m>[0m [90m8549 |[0m } [36mfrom[0m [32m"@ai-sdk/provider"[0m;
  [90m     |[0m [31m[1m^^^^^^^^^^^^^^^^^^^^^^^^^^[0m
  [90m8550 |[0m [36mfunction[0m customProvider({
  [90m8551 |[0m   languageModels,
  [90m8552 |[0m   textEmbeddingModels,



Import traces:
  App Route:
    ./node_modules/ai/dist/index.mjs
    ./src/app/api/chat/route.ts

  Client Component Browser:
    ./node_modules/ai/dist/index.mjs [Client Component Browser]
    ./src/lib/ai/draftingAgent.ts [Client Component Browser]
    ./src/components/communication/DraftAssistant.tsx [Client Component Browser]
    ./src/components/communication/GlobalInbox.tsx [Client Component Browser]
    ./src/app/dashboard/inbox/page.tsx [Client Component Browser]
    ./src/app/dashboard/inbox/page.tsx [Server Component]

  Client Component SSR:
    ./node_modules/ai/dist/index.mjs [Client Component SSR]
    ./src/lib/ai/draftingAgent.ts [Client Component SSR]
    ./src/components/communication/DraftAssistant.tsx [Client Component SSR]
    ./src/components/communication/GlobalInbox.tsx [Client Component SSR]
    ./src/app/dashboard/inbox/page.tsx [Client Component SSR]
    ./src/app/dashboard/inbox/page.tsx [Server Component]

https://nextjs.org/docs/messages/module-not-found


./node_modules/ai/dist/index.mjs:8609:1
Module not found: Can't resolve '@ai-sdk/provider'
  [90m8607 |[0m ...
  [90m8608 |[0m ...[90m-such-provider-error.ts[0m
[31m[1m>[0m [90m8609 |[0m ...[33mr[0m [36mas[0m [33mAISDKError20[0m, [33mNoSuchModelError[0m [36mas[0m [33mNoSuchModelError3[0m } [36mfrom[0m [32m"...[0m
  [90m     |[0m    [31m[1m^^^^^^^^^^^^^^^^^^^^^^^^^^^^^^^^^^^^^^^^^^^^^^^^^^^^^^^^^^^^^^^^^^^^[0m
  [90m8610 |[0m ...[32moSuchProviderError"[0m;
  [90m8611 |[0m ...[32mrcel.ai.error.[0m${name15[32m}`[0m;
  [90m8612 |[0m ...[33mbol[0m.[36mfor[0m(marker15);



Import traces:
  App Route:
    ./node_modules/ai/dist/index.mjs
    ./src/app/api/chat/route.ts

  Client Component Browser:
    ./node_modules/ai/dist/index.mjs [Client Component Browser]
    ./src/lib/ai/draftingAgent.ts [Client Component Browser]
    ./src/components/communication/DraftAssistant.tsx [Client Component Browser]
    ./src/components/communication/GlobalInbox.tsx [Client Component Browser]
    ./src/app/dashboard/inbox/page.tsx [Client Component Browser]
    ./src/app/dashboard/inbox/page.tsx [Server Component]

  Client Component SSR:
    ./node_modules/ai/dist/index.mjs [Client Component SSR]
    ./src/lib/ai/draftingAgent.ts [Client Component SSR]
    ./src/components/communication/DraftAssistant.tsx [Client Component SSR]
    ./src/components/communication/GlobalInbox.tsx [Client Component SSR]
    ./src/app/dashboard/inbox/page.tsx [Client Component SSR]
    ./src/app/dashboard/inbox/page.tsx [Server Component]

https://nextjs.org/docs/messages/module-not-found


./node_modules/ai/dist/index.mjs:8634:1
Module not found: Can't resolve '@ai-sdk/provider'
  [90m8632 |[0m
  [90m8633 |[0m [90m// src/registry/provider-registry.ts[0m
[31m[1m>[0m [90m8634 |[0m [36mimport[0m {
  [90m     |[0m [31m[1m^^^^^^^[0m
[31m[1m>[0m [90m8635 |[0m   [33mNoSuchModelError[0m [36mas[0m [33mNoSuchModelError4[0m
  [90m     |[0m [31m[1m^^^^^^^^^^^^^^^^^^^^^^^^^^^^^^^^^^^^^^^[0m
[31m[1m>[0m [90m8636 |[0m } [36mfrom[0m [32m"@ai-sdk/provider"[0m;
  [90m     |[0m [31m[1m^^^^^^^^^^^^^^^^^^^^^^^^^^[0m
  [90m8637 |[0m [36mfunction[0m createProviderRegistry(providers, {
  [90m8638 |[0m   separator = [32m":"[0m,
  [90m8639 |[0m   languageModelMiddleware



Import traces:
  App Route:
    ./node_modules/ai/dist/index.mjs
    ./src/app/api/chat/route.ts

  Client Component Browser:
    ./node_modules/ai/dist/index.mjs [Client Component Browser]
    ./src/lib/ai/draftingAgent.ts [Client Component Browser]
    ./src/components/communication/DraftAssistant.tsx [Client Component Browser]
    ./src/components/communication/GlobalInbox.tsx [Client Component Browser]
    ./src/app/dashboard/inbox/page.tsx [Client Component Browser]
    ./src/app/dashboard/inbox/page.tsx [Server Component]

  Client Component SSR:
    ./node_modules/ai/dist/index.mjs [Client Component SSR]
    ./src/lib/ai/draftingAgent.ts [Client Component SSR]
    ./src/components/communication/DraftAssistant.tsx [Client Component SSR]
    ./src/components/communication/GlobalInbox.tsx [Client Component SSR]
    ./src/app/dashboard/inbox/page.tsx [Client Component SSR]
    ./src/app/dashboard/inbox/page.tsx [Server Component]

https://nextjs.org/docs/messages/module-not-found


./node_modules/ai/dist/index.mjs:8759:1
Module not found: Can't resolve '@ai-sdk/provider'
  [90m8757 |[0m
  [90m8758 |[0m [90m// src/error/no-transcript-generated-error.ts[0m
[31m[1m>[0m [90m8759 |[0m [36mimport[0m { [33mAISDKError[0m [36mas[0m [33mAISDKError21[0m } [36mfrom[0m [32m"@ai-sdk/provider"[0m;
  [90m     |[0m [31m[1m^^^^^^^^^^^^^^^^^^^^^^^^^^^^^^^^^^^^^^^^^^^^^^^^^^^^^^^^^^^^^^[0m
  [90m8760 |[0m [36mvar[0m [33mNoTranscriptGeneratedError[0m = [36mclass[0m [36mextends[0m [33mAISDKError21[0m {
  [90m8761 |[0m   constructor(options) {
  [90m8762 |[0m     [36msuper[0m({



Import traces:
  App Route:
    ./node_modules/ai/dist/index.mjs
    ./src/app/api/chat/route.ts

  Client Component Browser:
    ./node_modules/ai/dist/index.mjs [Client Component Browser]
    ./src/lib/ai/draftingAgent.ts [Client Component Browser]
    ./src/components/communication/DraftAssistant.tsx [Client Component Browser]
    ./src/components/communication/GlobalInbox.tsx [Client Component Browser]
    ./src/app/dashboard/inbox/page.tsx [Client Component Browser]
    ./src/app/dashboard/inbox/page.tsx [Server Component]

  Client Component SSR:
    ./node_modules/ai/dist/index.mjs [Client Component SSR]
    ./src/lib/ai/draftingAgent.ts [Client Component SSR]
    ./src/components/communication/DraftAssistant.tsx [Client Component SSR]
    ./src/components/communication/GlobalInbox.tsx [Client Component SSR]
    ./src/app/dashboard/inbox/page.tsx [Client Component SSR]
    ./src/app/dashboard/inbox/page.tsx [Server Component]

https://nextjs.org/docs/messages/module-not-found


./node_modules/ai/dist/index.mjs:9547:1
Module not found: Can't resolve '@ai-sdk/provider'
  [90m9545 |[0m ...
  [90m9546 |[0m ...[90mui/validate-ui-messages.ts[0m
[31m[1m>[0m [90m9547 |[0m ...{ [33mTypeValidationError[0m [36mas[0m [33mTypeValidationError4[0m } [36mfrom[0m [32m"@ai-sdk/pro...[0m
  [90m     |[0m    [31m[1m^^^^^^^^^^^^^^^^^^^^^^^^^^^^^^^^^^^^^^^^^^^^^^^^^^^^^^^^^^^^^^^^^^^^[0m
  [90m9548 |[0m ...{
  [90m9549 |[0m ...alidator [36mas[0m lazyValidator2,
  [90m9550 |[0m ...ateTypes [36mas[0m validateTypes2,



Import traces:
  App Route:
    ./node_modules/ai/dist/index.mjs
    ./src/app/api/chat/route.ts

  Client Component Browser:
    ./node_modules/ai/dist/index.mjs [Client Component Browser]
    ./src/lib/ai/draftingAgent.ts [Client Component Browser]
    ./src/components/communication/DraftAssistant.tsx [Client Component Browser]
    ./src/components/communication/GlobalInbox.tsx [Client Component Browser]
    ./src/app/dashboard/inbox/page.tsx [Client Component Browser]
    ./src/app/dashboard/inbox/page.tsx [Server Component]

  Client Component SSR:
    ./node_modules/ai/dist/index.mjs [Client Component SSR]
    ./src/lib/ai/draftingAgent.ts [Client Component SSR]
    ./src/components/communication/DraftAssistant.tsx [Client Component SSR]
    ./src/components/communication/GlobalInbox.tsx [Client Component SSR]
    ./src/app/dashboard/inbox/page.tsx [Client Component SSR]
    ./src/app/dashboard/inbox/page.tsx [Server Component]

https://nextjs.org/docs/messages/module-not-found


./src/app/api/mcp/[transport]/route.ts:16:40
Module not found: Can't resolve '@vercel/mcp-adapter'
  [90m14 |[0m ...ndler() {
  [90m15 |[0m ...
[31m[1m>[0m [90m16 |[0m ...pHandler } = [36mawait[0m [36mimport[0m([32m"@vercel/mcp-adapter"[0m);
  [90m   |[0m                       [31m[1m^^^^^^^^^^^^^^^^^^^^^^^^^^^^^[0m
  [90m17 |[0m ...[33mr[0m } = [36mawait[0m [36mimport[0m([32m"@modelcontextprotocol/sdk/server/mcp.js"[0m);
  [90m18 |[0m ...
  [90m19 |[0m ...ojects,



https://nextjs.org/docs/messages/module-not-found


./node_modules/d3-scale/src/log.js:2:1
Module not found: Can't resolve 'd3-format'
  [90m1 |[0m [36mimport[0m {ticks} [36mfrom[0m [32m"d3-array"[0m;
[31m[1m>[0m [90m2 |[0m [36mimport[0m {format, formatSpecifier} [36mfrom[0m [32m"d3-format"[0m;
  [90m  |[0m [31m[1m^^^^^^^^^^^^^^^^^^^^^^^^^^^^^^^^^^^^^^^^^^^^^^^^^^[0m
  [90m3 |[0m [36mimport[0m nice [36mfrom[0m [32m"./nice.js"[0m;
  [90m4 |[0m [36mimport[0m {copy, transformer} [36mfrom[0m [32m"./continuous.js"[0m;
  [90m5 |[0m [36mimport[0m {initRange} [36mfrom[0m [32m"./init.js"[0m;



Import traces:
  Client Component Browser:
    ./node_modules/d3-scale/src/log.js [Client Component Browser]
    ./node_modules/d3-scale/src/index.js [Client Component Browser]
    ./node_modules/victory-vendor/es/d3-scale.js [Client Component Browser]
    ./node_modules/recharts/es6/state/selectors/combiners/combineConfiguredScale.js [Client Component Browser]
    ./node_modules/recharts/es6/state/selectors/axisSelectors.js [Client Component Browser]
    ./node_modules/recharts/es6/cartesian/YAxis.js [Client Component Browser]
    ./src/components/dashboard/home/ROIChart.tsx [Client Component Browser]
    ./src/components/dashboard/home/DashboardHome.tsx [Client Component Browser]
    ./src/app/dashboard/page.tsx [Client Component Browser]
    ./src/app/dashboard/page.tsx [Server Component]

  Client Component SSR:
    ./node_modules/d3-scale/src/log.js [Client Component SSR]
    ./node_modules/d3-scale/src/index.js [Client Component SSR]
    ./node_modules/victory-vendor/es/d3-scale.js [Client Component SSR]
    ./node_modules/recharts/es6/state/selectors/combiners/combineConfiguredScale.js [Client Component SSR]
    ./node_modules/recharts/es6/state/selectors/axisSelectors.js [Client Component SSR]
    ./node_modules/recharts/es6/cartesian/YAxis.js [Client Component SSR]
    ./src/components/dashboard/home/ROIChart.tsx [Client Component SSR]
    ./src/components/dashboard/home/DashboardHome.tsx [Client Component SSR]
    ./src/app/dashboard/page.tsx [Client Component SSR]
    ./src/app/dashboard/page.tsx [Server Component]

https://nextjs.org/docs/messages/module-not-found


./node_modules/d3-scale/src/tickFormat.js:2:1
Module not found: Can't resolve 'd3-format'
  [90m1 |[0m ... [32m"d3-array"[0m;
[31m[1m>[0m [90m2 |[0m ...Prefix, formatSpecifier, precisionFixed, precisionPrefix, precisionR...
  [90m  |[0m    [31m[1m^^^^^^^^^^^^^^^^^^^^^^^^^^^^^^^^^^^^^^^^^^^^^^^^^^^^^^^^^^^^^^^^^^^^^^^[0m
  [90m3 |[0m ...
  [90m4 |[0m ...[36mn[0m tickFormat(start, stop, count, specifier) {
  [90m5 |[0m ...start, stop, count),



Import traces:
  Client Component Browser:
    ./node_modules/d3-scale/src/tickFormat.js [Client Component Browser]
    ./node_modules/d3-scale/src/index.js [Client Component Browser]
    ./node_modules/victory-vendor/es/d3-scale.js [Client Component Browser]
    ./node_modules/recharts/es6/state/selectors/combiners/combineRealScaleType.js [Client Component Browser]
    ./node_modules/recharts/es6/state/selectors/axisSelectors.js [Client Component Browser]
    ./node_modules/recharts/es6/cartesian/CartesianGrid.js [Client Component Browser]
    ./src/components/dashboard/home/ROIChart.tsx [Client Component Browser]
    ./src/components/dashboard/home/DashboardHome.tsx [Client Component Browser]
    ./src/app/dashboard/page.tsx [Client Component Browser]
    ./src/app/dashboard/page.tsx [Server Component]

  Client Component SSR:
    ./node_modules/d3-scale/src/tickFormat.js [Client Component SSR]
    ./node_modules/d3-scale/src/index.js [Client Component SSR]
    ./node_modules/victory-vendor/es/d3-scale.js [Client Component SSR]
    ./node_modules/recharts/es6/state/selectors/combiners/combineRealScaleType.js [Client Component SSR]
    ./node_modules/recharts/es6/state/selectors/axisSelectors.js [Client Component SSR]
    ./node_modules/recharts/es6/cartesian/CartesianGrid.js [Client Component SSR]
    ./src/components/dashboard/home/ROIChart.tsx [Client Component SSR]
    ./src/components/dashboard/home/DashboardHome.tsx [Client Component SSR]
    ./src/app/dashboard/page.tsx [Client Component SSR]
    ./src/app/dashboard/page.tsx [Server Component]

https://nextjs.org/docs/messages/module-not-found


./node_modules/victory-vendor/es/d3-shape.js:6:1
Module not found: Can't resolve 'd3-shape'
  [90m4 |[0m [90m//[0m
  [90m5 |[0m [90m// Our ESM package uses the underlying installed dependencies of `node_...[0m
[31m[1m>[0m [90m6 |[0m [36mexport[0m * [36mfrom[0m [32m"d3-shape"[0m;
  [90m  |[0m [31m[1m^^^^^^^^^^^^^^^^^^^^^^^^^[0m
  [90m7 |[0m



Import traces:
  #1 [Client Component Browser]:
    ./node_modules/victory-vendor/es/d3-shape.js [Client Component Browser]
    ./node_modules/recharts/es6/util/ChartUtils.js [Client Component Browser]
    ./node_modules/recharts/es6/cartesian/Bar.js [Client Component Browser]
    ./src/components/dashboard/home/ROIChart.tsx [Client Component Browser]
    ./src/components/dashboard/home/DashboardHome.tsx [Client Component Browser]
    ./src/app/dashboard/page.tsx [Client Component Browser]
    ./src/app/dashboard/page.tsx [Server Component]

  #2 [Client Component SSR]:
    ./node_modules/victory-vendor/es/d3-shape.js [Client Component SSR]
    ./node_modules/recharts/es6/util/ChartUtils.js [Client Component SSR]
    ./node_modules/recharts/es6/cartesian/Bar.js [Client Component SSR]
    ./src/components/dashboard/home/ROIChart.tsx [Client Component SSR]
    ./src/components/dashboard/home/DashboardHome.tsx [Client Component SSR]
    ./src/app/dashboard/page.tsx [Client Component SSR]
    ./src/app/dashboard/page.tsx [Server Component]

  #3 [Client Component Browser]:
    ./node_modules/victory-vendor/es/d3-shape.js [Client Component Browser]
    ./node_modules/recharts/es6/shape/Symbols.js [Client Component Browser]
    ./node_modules/recharts/es6/util/ActiveShapeUtils.js [Client Component Browser]
    ./node_modules/recharts/es6/cartesian/Line.js [Client Component Browser]
    ./src/components/dashboard/home/ROIChart.tsx [Client Component Browser]
    ./src/components/dashboard/home/DashboardHome.tsx [Client Component Browser]
    ./src/app/dashboard/page.tsx [Client Component Browser]
    ./src/app/dashboard/page.tsx [Server Component]

  #4 [Client Component SSR]:
    ./node_modules/victory-vendor/es/d3-shape.js [Client Component SSR]
    ./node_modules/recharts/es6/shape/Symbols.js [Client Component SSR]
    ./node_modules/recharts/es6/util/ActiveShapeUtils.js [Client Component SSR]
    ./node_modules/recharts/es6/cartesian/Line.js [Client Component SSR]
    ./src/components/dashboard/home/ROIChart.tsx [Client Component SSR]
    ./src/components/dashboard/home/DashboardHome.tsx [Client Component SSR]
    ./src/app/dashboard/page.tsx [Client Component SSR]
    ./src/app/dashboard/page.tsx [Server Component]

https://nextjs.org/docs/messages/module-not-found


./node_modules/@firebase/app/dist/esm/index.esm.js:5:1
Module not found: Can't resolve 'idb'
  [90m3 |[0m [36mimport[0m { [33mErrorFactory[0m, base64Decode, getDefaultAppConfig, deepEqual, is...
  [90m4 |[0m [36mexport[0m { [33mFirebaseError[0m } [36mfrom[0m [32m'@firebase/util'[0m;
[31m[1m>[0m [90m5 |[0m [36mimport[0m { openDB } [36mfrom[0m [32m'idb'[0m;
  [90m  |[0m [31m[1m^^^^^^^^^^^^^^^^^^^^^^^^^^^^^[0m
  [90m6 |[0m
  [90m7 |[0m /**
  [90m8 |[0m  * @license



Import traces:
  Client Component Browser:
    ./node_modules/@firebase/app/dist/esm/index.esm.js [Client Component Browser]
    ./src/lib/firebase/config.ts [Client Component Browser]
    ./src/app/dashboard/settings/profile/page.tsx [Client Component Browser]
    ./src/app/dashboard/settings/profile/page.tsx [Server Component]

  App Route:
    ./node_modules/@firebase/app/dist/esm/index.esm.js
    ./node_modules/@firebase/firestore/dist/index.node.mjs
    ./src/lib/firebase/deals.ts
    ./src/lib/services/mlsService.ts
    ./src/app/api/reports/[period]/route.ts

  Client Component SSR:
    ./node_modules/@firebase/app/dist/esm/index.esm.js [Client Component SSR]
    ./src/lib/firebase/config.ts [Client Component SSR]
    ./src/context/AuthContext.tsx [Client Component SSR]
    ./src/context/AuthContext.tsx [Server Component]
    ./src/app/layout.tsx [Server Component]

  Server Component:
    ./node_modules/@firebase/app/dist/esm/index.esm.js
    ./node_modules/@firebase/firestore/dist/index.node.mjs
    ./src/lib/firebase/deals.ts
    ./src/lib/services/mlsService.ts
    ./src/lib/services/mlsActions.ts

https://nextjs.org/docs/messages/module-not-found


./node_modules/google-auth-library/build/src/auth/jwtaccess.js:17:13
Module not found: Can't resolve 'jws'
  [90m15 |[0m [33mObject[0m.defineProperty(exports, [32m"__esModule"[0m, { value: [36mtrue[0m });
  [90m16 |[0m exports.[33mJWTAccess[0m = [36mvoid[0m [35m0[0m;
[31m[1m>[0m [90m17 |[0m [36mconst[0m jws = require([32m"jws"[0m);
  [90m   |[0m             [31m[1m^^^^^^^^^^^^^^[0m
  [90m18 |[0m [36mconst[0m util_1 = require([32m"../util"[0m);
  [90m19 |[0m [36mconst[0m [33mDEFAULT_HEADER[0m = {
  [90m20 |[0m     alg: [32m'RS256'[0m,



Import traces:
  #1 [App Route]:
    ./node_modules/google-auth-library/build/src/auth/jwtaccess.js
    ./node_modules/google-auth-library/build/src/index.js
    ./node_modules/googleapis/build/src/index.js
    ./src/app/api/drive/provision/route.ts

  #2 [App Route]:
    ./node_modules/google-auth-library/build/src/auth/jwtaccess.js
    ./node_modules/google-auth-library/build/src/auth/googleauth.js
    ./node_modules/google-auth-library/build/src/index.js
    ./node_modules/googleapis/build/src/index.js
    ./src/app/api/calendar/sync/route.ts

https://nextjs.org/docs/messages/module-not-found


./node_modules/google-auth-library/build/src/gtoken/jwsSign.js:18:15
Module not found: Can't resolve 'jws'
  [90m16 |[0m exports.buildPayloadForJwsSign = buildPayloadForJwsSign;
  [90m17 |[0m exports.getJwsSign = getJwsSign;
[31m[1m>[0m [90m18 |[0m [36mconst[0m jws_1 = require([32m"jws"[0m);
  [90m   |[0m               [31m[1m^^^^^^^^^^^^^^[0m
  [90m19 |[0m [90m/** The default algorithm for signing JWTs. */[0m
  [90m20 |[0m [36mconst[0m [33mALG_RS256[0m = [32m'RS256'[0m;
  [90m21 |[0m [90m/** The URL for Google's OAuth 2.0 token endpoint. */[0m



Import trace:
  App Route:
    ./node_modules/google-auth-library/build/src/gtoken/jwsSign.js
    ./node_modules/google-auth-library/build/src/gtoken/getToken.js
    ./node_modules/google-auth-library/build/src/gtoken/tokenHandler.js
    ./node_modules/google-auth-library/build/src/gtoken/googleToken.js
    ./node_modules/google-auth-library/build/src/index.js
    ./node_modules/googleapis/build/src/index.js
    ./src/app/api/drive/provision/route.ts

https://nextjs.org/docs/messages/module-not-found


./node_modules/recharts/es6/util/BarUtils.js:3:1
Module not found: Can't resolve 'tiny-invariant'
  [90m1 |[0m [36mfunction[0m _extends() { [36mreturn[0m _extends = [33mObject[0m.assign ? [33mObject[0m.assign.b...
  [90m2 |[0m [36mimport[0m * [36mas[0m [33mReact[0m [36mfrom[0m [32m'react'[0m;
[31m[1m>[0m [90m3 |[0m [36mimport[0m invariant [36mfrom[0m [32m'tiny-invariant'[0m;
  [90m  |[0m [31m[1m^^^^^^^^^^^^^^^^^^^^^^^^^^^^^^^^^^^^^^^[0m
  [90m4 |[0m [36mimport[0m { [33mShape[0m } [36mfrom[0m [32m'./ActiveShapeUtils'[0m;
  [90m5 |[0m [36mimport[0m { isNullish, isNumber } [36mfrom[0m [32m'./DataUtils'[0m;
  [90m6 |[0m [36mexport[0m [36mfunction[0m [33mBarRectangle[0m(props) {



Import traces:
  Client Component Browser:
    ./node_modules/recharts/es6/util/BarUtils.js [Client Component Browser]
    ./node_modules/recharts/es6/cartesian/Bar.js [Client Component Browser]
    ./src/components/dashboard/home/ROIChart.tsx [Client Component Browser]
    ./src/components/dashboard/home/DashboardHome.tsx [Client Component Browser]
    ./src/app/dashboard/page.tsx [Client Component Browser]
    ./src/app/dashboard/page.tsx [Server Component]

  Client Component SSR:
    ./node_modules/recharts/es6/util/BarUtils.js [Client Component SSR]
    ./node_modules/recharts/es6/cartesian/Bar.js [Client Component SSR]
    ./src/components/dashboard/home/ROIChart.tsx [Client Component SSR]
    ./src/components/dashboard/home/DashboardHome.tsx [Client Component SSR]
    ./src/app/dashboard/page.tsx [Client Component SSR]
    ./src/app/dashboard/page.tsx [Server Component]

https://nextjs.org/docs/messages/module-not-found


./src/components/landing/LandingFooter.tsx:2:1
Export Facebook doesn't exist in target module
  [90m1 |[0m [36mimport[0m [33mLink[0m [36mfrom[0m [32m'next/link'[0m;
[31m[1m>[0m [90m2 |[0m [36mimport[0m { [33mTwitter[0m, [33mFacebook[0m } [36mfrom[0m [32m'lucide-react'[0m;
  [90m  |[0m [31m[1m^^^^^^^^^^^^^^^^^^^^^^^^^^^^^^^^^^^^^^^^^^^^^^^^^[0m
  [90m3 |[0m [36mimport[0m [33mLogo[0m [36mfrom[0m [32m'@/components/brand/Logo'[0m;
  [90m4 |[0m
  [90m5 |[0m [36mexport[0m [36mdefault[0m [36mfunction[0m [33mLandingFooter[0m() {

The export Facebook was not found in module [project]/node_modules/lucide-react/dist/esm/lucide-react.js [app-client] (ecmascript).
Did you mean to import Webhook?
All exports of the module are statically known (It doesn't have dynamic exports). So it's known statically that the requested export doesn't exist.

Import traces:
  Client Component Browser:
    ./src/components/landing/LandingFooter.tsx [Client Component Browser]
    ./src/app/page.tsx [Client Component Browser]
    ./src/app/page.tsx [Server Component]

  Client Component SSR:
    ./src/components/landing/LandingFooter.tsx [Client Component SSR]
    ./src/app/page.tsx [Client Component SSR]
    ./src/app/page.tsx [Server Component]


./src/components/landing/LandingFooter.tsx:2:1
Export Facebook doesn't exist in target module
  [90m1 |[0m [36mimport[0m [33mLink[0m [36mfrom[0m [32m'next/link'[0m;
[31m[1m>[0m [90m2 |[0m [36mimport[0m { [33mTwitter[0m, [33mFacebook[0m } [36mfrom[0m [32m'lucide-react'[0m;
  [90m  |[0m [31m[1m^^^^^^^^^^^^^^^^^^^^^^^^^^^^^^^^^^^^^^^^^^^^^^^^^[0m
  [90m3 |[0m [36mimport[0m [33mLogo[0m [36mfrom[0m [32m'@/components/brand/Logo'[0m;
  [90m4 |[0m
  [90m5 |[0m [36mexport[0m [36mdefault[0m [36mfunction[0m [33mLandingFooter[0m() {

The export Facebook was not found in module [project]/node_modules/lucide-react/dist/esm/lucide-react.js [app-ssr] (ecmascript).
Did you mean to import Webhook?
All exports of the module are statically known (It doesn't have dynamic exports). So it's known statically that the requested export doesn't exist.

Import traces:
  Client Component Browser:
    ./src/components/landing/LandingFooter.tsx [Client Component Browser]
    ./src/app/page.tsx [Client Component Browser]
    ./src/app/page.tsx [Server Component]

  Client Component SSR:
    ./src/components/landing/LandingFooter.tsx [Client Component SSR]
    ./src/app/page.tsx [Client Component SSR]
    ./src/app/page.tsx [Server Component]


./src/components/landing/LandingFooter.tsx:2:1
Export Twitter doesn't exist in target module
  [90m1 |[0m [36mimport[0m [33mLink[0m [36mfrom[0m [32m'next/link'[0m;
[31m[1m>[0m [90m2 |[0m [36mimport[0m { [33mTwitter[0m, [33mFacebook[0m } [36mfrom[0m [32m'lucide-react'[0m;
  [90m  |[0m [31m[1m^^^^^^^^^^^^^^^^^^^^^^^^^^^^^^^^^^^^^^^^^^^^^^^^^[0m
  [90m3 |[0m [36mimport[0m [33mLogo[0m [36mfrom[0m [32m'@/components/brand/Logo'[0m;
  [90m4 |[0m
  [90m5 |[0m [36mexport[0m [36mdefault[0m [36mfunction[0m [33mLandingFooter[0m() {

The export Twitter was not found in module [project]/node_modules/lucide-react/dist/esm/lucide-react.js [app-client] (ecmascript).
Did you mean to import Timer?
All exports of the module are statically known (It doesn't have dynamic exports). So it's known statically that the requested export doesn't exist.

Import traces:
  Client Component Browser:
    ./src/components/landing/LandingFooter.tsx [Client Component Browser]
    ./src/app/page.tsx [Client Component Browser]
    ./src/app/page.tsx [Server Component]

  Client Component SSR:
    ./src/components/landing/LandingFooter.tsx [Client Component SSR]
    ./src/app/page.tsx [Client Component SSR]
    ./src/app/page.tsx [Server Component]


./src/components/landing/LandingFooter.tsx:2:1
Export Twitter doesn't exist in target module
  [90m1 |[0m [36mimport[0m [33mLink[0m [36mfrom[0m [32m'next/link'[0m;
[31m[1m>[0m [90m2 |[0m [36mimport[0m { [33mTwitter[0m, [33mFacebook[0m } [36mfrom[0m [32m'lucide-react'[0m;
  [90m  |[0m [31m[1m^^^^^^^^^^^^^^^^^^^^^^^^^^^^^^^^^^^^^^^^^^^^^^^^^[0m
  [90m3 |[0m [36mimport[0m [33mLogo[0m [36mfrom[0m [32m'@/components/brand/Logo'[0m;
  [90m4 |[0m
  [90m5 |[0m [36mexport[0m [36mdefault[0m [36mfunction[0m [33mLandingFooter[0m() {

The export Twitter was not found in module [project]/node_modules/lucide-react/dist/esm/lucide-react.js [app-ssr] (ecmascript).
Did you mean to import Timer?
All exports of the module are statically known (It doesn't have dynamic exports). So it's known statically that the requested export doesn't exist.

Import traces:
  Client Component Browser:
    ./src/components/landing/LandingFooter.tsx [Client Component Browser]
    ./src/app/page.tsx [Client Component Browser]
    ./src/app/page.tsx [Server Component]

  Client Component SSR:
    ./src/components/landing/LandingFooter.tsx [Client Component SSR]
    ./src/app/page.tsx [Client Component SSR]
    ./src/app/page.tsx [Server Component]


./node_modules/recharts/es6/shape/Curve.js:11:1
Export area doesn't exist in target module
  [90m 9 |[0m ...
  [90m10 |[0m ...
[31m[1m>[0m [90m11 |[0m ...eLinear, curveLinearClosed, curveMonotoneX, curveMonotoneY, curveNa...
  [90m   |[0m    [31m[1m^^^^^^^^^^^^^^^^^^^^^^^^^^^^^^^^^^^^^^^^^^^^^^^^^^^^^^^^^^^^^^^^^^^^^^[0m
  [90m12 |[0m ...
  [90m13 |[0m ...
  [90m14 |[0m ...

The export area was not found in module [project]/node_modules/victory-vendor/es/d3-shape.js [app-client] (ecmascript).
The module has no exports at all.
All exports of the module are statically known (It doesn't have dynamic exports). So it's known statically that the requested export doesn't exist.

Import traces:
  Client Component Browser:
    ./node_modules/recharts/es6/shape/Curve.js [Client Component Browser]
    ./node_modules/recharts/es6/util/ActiveShapeUtils.js [Client Component Browser]
    ./node_modules/recharts/es6/cartesian/Line.js [Client Component Browser]
    ./src/components/dashboard/home/ROIChart.tsx [Client Component Browser]
    ./src/components/dashboard/home/DashboardHome.tsx [Client Component Browser]
    ./src/app/dashboard/page.tsx [Client Component Browser]
    ./src/app/dashboard/page.tsx [Server Component]

  Client Component SSR:
    ./node_modules/recharts/es6/shape/Curve.js [Client Component SSR]
    ./node_modules/recharts/es6/util/ActiveShapeUtils.js [Client Component SSR]
    ./node_modules/recharts/es6/cartesian/Line.js [Client Component SSR]
    ./src/components/dashboard/home/ROIChart.tsx [Client Component SSR]
    ./src/components/dashboard/home/DashboardHome.tsx [Client Component SSR]
    ./src/app/dashboard/page.tsx [Client Component SSR]
    ./src/app/dashboard/page.tsx [Server Component]


./node_modules/recharts/es6/shape/Curve.js:11:1
Export area doesn't exist in target module
  [90m 9 |[0m ...
  [90m10 |[0m ...
[31m[1m>[0m [90m11 |[0m ...eLinear, curveLinearClosed, curveMonotoneX, curveMonotoneY, curveNa...
  [90m   |[0m    [31m[1m^^^^^^^^^^^^^^^^^^^^^^^^^^^^^^^^^^^^^^^^^^^^^^^^^^^^^^^^^^^^^^^^^^^^^^[0m
  [90m12 |[0m ...
  [90m13 |[0m ...
  [90m14 |[0m ...

The export area was not found in module [project]/node_modules/victory-vendor/es/d3-shape.js [app-ssr] (ecmascript).
The module has no exports at all.
All exports of the module are statically known (It doesn't have dynamic exports). So it's known statically that the requested export doesn't exist.

Import traces:
  Client Component Browser:
    ./node_modules/recharts/es6/shape/Curve.js [Client Component Browser]
    ./node_modules/recharts/es6/util/ActiveShapeUtils.js [Client Component Browser]
    ./node_modules/recharts/es6/cartesian/Line.js [Client Component Browser]
    ./src/components/dashboard/home/ROIChart.tsx [Client Component Browser]
    ./src/components/dashboard/home/DashboardHome.tsx [Client Component Browser]
    ./src/app/dashboard/page.tsx [Client Component Browser]
    ./src/app/dashboard/page.tsx [Server Component]

  Client Component SSR:
    ./node_modules/recharts/es6/shape/Curve.js [Client Component SSR]
    ./node_modules/recharts/es6/util/ActiveShapeUtils.js [Client Component SSR]
    ./node_modules/recharts/es6/cartesian/Line.js [Client Component SSR]
    ./src/components/dashboard/home/ROIChart.tsx [Client Component SSR]
    ./src/components/dashboard/home/DashboardHome.tsx [Client Component SSR]
    ./src/app/dashboard/page.tsx [Client Component SSR]
    ./src/app/dashboard/page.tsx [Server Component]


./node_modules/recharts/es6/shape/Curve.js:11:1
Export curveBasis doesn't exist in target module
  [90m 9 |[0m ...
  [90m10 |[0m ...
[31m[1m>[0m [90m11 |[0m ...eLinear, curveLinearClosed, curveMonotoneX, curveMonotoneY, curveNa...
  [90m   |[0m    [31m[1m^^^^^^^^^^^^^^^^^^^^^^^^^^^^^^^^^^^^^^^^^^^^^^^^^^^^^^^^^^^^^^^^^^^^^^[0m
  [90m12 |[0m ...
  [90m13 |[0m ...
  [90m14 |[0m ...

The export curveBasis was not found in module [project]/node_modules/victory-vendor/es/d3-shape.js [app-client] (ecmascript).
The module has no exports at all.
All exports of the module are statically known (It doesn't have dynamic exports). So it's known statically that the requested export doesn't exist.

Import traces:
  Client Component Browser:
    ./node_modules/recharts/es6/shape/Curve.js [Client Component Browser]
    ./node_modules/recharts/es6/util/ActiveShapeUtils.js [Client Component Browser]
    ./node_modules/recharts/es6/cartesian/Line.js [Client Component Browser]
    ./src/components/dashboard/home/ROIChart.tsx [Client Component Browser]
    ./src/components/dashboard/home/DashboardHome.tsx [Client Component Browser]
    ./src/app/dashboard/page.tsx [Client Component Browser]
    ./src/app/dashboard/page.tsx [Server Component]

  Client Component SSR:
    ./node_modules/recharts/es6/shape/Curve.js [Client Component SSR]
    ./node_modules/recharts/es6/util/ActiveShapeUtils.js [Client Component SSR]
    ./node_modules/recharts/es6/cartesian/Line.js [Client Component SSR]
    ./src/components/dashboard/home/ROIChart.tsx [Client Component SSR]
    ./src/components/dashboard/home/DashboardHome.tsx [Client Component SSR]
    ./src/app/dashboard/page.tsx [Client Component SSR]
    ./src/app/dashboard/page.tsx [Server Component]


./node_modules/recharts/es6/shape/Curve.js:11:1
Export curveBasis doesn't exist in target module
  [90m 9 |[0m ...
  [90m10 |[0m ...
[31m[1m>[0m [90m11 |[0m ...eLinear, curveLinearClosed, curveMonotoneX, curveMonotoneY, curveNa...
  [90m   |[0m    [31m[1m^^^^^^^^^^^^^^^^^^^^^^^^^^^^^^^^^^^^^^^^^^^^^^^^^^^^^^^^^^^^^^^^^^^^^^[0m
  [90m12 |[0m ...
  [90m13 |[0m ...
  [90m14 |[0m ...

The export curveBasis was not found in module [project]/node_modules/victory-vendor/es/d3-shape.js [app-ssr] (ecmascript).
The module has no exports at all.
All exports of the module are statically known (It doesn't have dynamic exports). So it's known statically that the requested export doesn't exist.

Import traces:
  Client Component Browser:
    ./node_modules/recharts/es6/shape/Curve.js [Client Component Browser]
    ./node_modules/recharts/es6/util/ActiveShapeUtils.js [Client Component Browser]
    ./node_modules/recharts/es6/cartesian/Line.js [Client Component Browser]
    ./src/components/dashboard/home/ROIChart.tsx [Client Component Browser]
    ./src/components/dashboard/home/DashboardHome.tsx [Client Component Browser]
    ./src/app/dashboard/page.tsx [Client Component Browser]
    ./src/app/dashboard/page.tsx [Server Component]

  Client Component SSR:
    ./node_modules/recharts/es6/shape/Curve.js [Client Component SSR]
    ./node_modules/recharts/es6/util/ActiveShapeUtils.js [Client Component SSR]
    ./node_modules/recharts/es6/cartesian/Line.js [Client Component SSR]
    ./src/components/dashboard/home/ROIChart.tsx [Client Component SSR]
    ./src/components/dashboard/home/DashboardHome.tsx [Client Component SSR]
    ./src/app/dashboard/page.tsx [Client Component SSR]
    ./src/app/dashboard/page.tsx [Server Component]


./node_modules/recharts/es6/shape/Curve.js:11:1
Export curveBasisClosed doesn't exist in target module
  [90m 9 |[0m ...
  [90m10 |[0m ...
[31m[1m>[0m [90m11 |[0m ...eLinear, curveLinearClosed, curveMonotoneX, curveMonotoneY, curveNa...
  [90m   |[0m    [31m[1m^^^^^^^^^^^^^^^^^^^^^^^^^^^^^^^^^^^^^^^^^^^^^^^^^^^^^^^^^^^^^^^^^^^^^^[0m
  [90m12 |[0m ...
  [90m13 |[0m ...
  [90m14 |[0m ...

The export curveBasisClosed was not found in module [project]/node_modules/victory-vendor/es/d3-shape.js [app-client] (ecmascript).
The module has no exports at all.
All exports of the module are statically known (It doesn't have dynamic exports). So it's known statically that the requested export doesn't exist.

Import traces:
  Client Component Browser:
    ./node_modules/recharts/es6/shape/Curve.js [Client Component Browser]
    ./node_modules/recharts/es6/util/ActiveShapeUtils.js [Client Component Browser]
    ./node_modules/recharts/es6/cartesian/Line.js [Client Component Browser]
    ./src/components/dashboard/home/ROIChart.tsx [Client Component Browser]
    ./src/components/dashboard/home/DashboardHome.tsx [Client Component Browser]
    ./src/app/dashboard/page.tsx [Client Component Browser]
    ./src/app/dashboard/page.tsx [Server Component]

  Client Component SSR:
    ./node_modules/recharts/es6/shape/Curve.js [Client Component SSR]
    ./node_modules/recharts/es6/util/ActiveShapeUtils.js [Client Component SSR]
    ./node_modules/recharts/es6/cartesian/Line.js [Client Component SSR]
    ./src/components/dashboard/home/ROIChart.tsx [Client Component SSR]
    ./src/components/dashboard/home/DashboardHome.tsx [Client Component SSR]
    ./src/app/dashboard/page.tsx [Client Component SSR]
    ./src/app/dashboard/page.tsx [Server Component]


./node_modules/recharts/es6/shape/Curve.js:11:1
Export curveBasisClosed doesn't exist in target module
  [90m 9 |[0m ...
  [90m10 |[0m ...
[31m[1m>[0m [90m11 |[0m ...eLinear, curveLinearClosed, curveMonotoneX, curveMonotoneY, curveNa...
  [90m   |[0m    [31m[1m^^^^^^^^^^^^^^^^^^^^^^^^^^^^^^^^^^^^^^^^^^^^^^^^^^^^^^^^^^^^^^^^^^^^^^[0m
  [90m12 |[0m ...
  [90m13 |[0m ...
  [90m14 |[0m ...

The export curveBasisClosed was not found in module [project]/node_modules/victory-vendor/es/d3-shape.js [app-ssr] (ecmascript).
The module has no exports at all.
All exports of the module are statically known (It doesn't have dynamic exports). So it's known statically that the requested export doesn't exist.

Import traces:
  Client Component Browser:
    ./node_modules/recharts/es6/shape/Curve.js [Client Component Browser]
    ./node_modules/recharts/es6/util/ActiveShapeUtils.js [Client Component Browser]
    ./node_modules/recharts/es6/cartesian/Line.js [Client Component Browser]
    ./src/components/dashboard/home/ROIChart.tsx [Client Component Browser]
    ./src/components/dashboard/home/DashboardHome.tsx [Client Component Browser]
    ./src/app/dashboard/page.tsx [Client Component Browser]
    ./src/app/dashboard/page.tsx [Server Component]

  Client Component SSR:
    ./node_modules/recharts/es6/shape/Curve.js [Client Component SSR]
    ./node_modules/recharts/es6/util/ActiveShapeUtils.js [Client Component SSR]
    ./node_modules/recharts/es6/cartesian/Line.js [Client Component SSR]
    ./src/components/dashboard/home/ROIChart.tsx [Client Component SSR]
    ./src/components/dashboard/home/DashboardHome.tsx [Client Component SSR]
    ./src/app/dashboard/page.tsx [Client Component SSR]
    ./src/app/dashboard/page.tsx [Server Component]


./node_modules/recharts/es6/shape/Curve.js:11:1
Export curveBasisOpen doesn't exist in target module
  [90m 9 |[0m ...
  [90m10 |[0m ...
[31m[1m>[0m [90m11 |[0m ...eLinear, curveLinearClosed, curveMonotoneX, curveMonotoneY, curveNa...
  [90m   |[0m    [31m[1m^^^^^^^^^^^^^^^^^^^^^^^^^^^^^^^^^^^^^^^^^^^^^^^^^^^^^^^^^^^^^^^^^^^^^^[0m
  [90m12 |[0m ...
  [90m13 |[0m ...
  [90m14 |[0m ...

The export curveBasisOpen was not found in module [project]/node_modules/victory-vendor/es/d3-shape.js [app-client] (ecmascript).
The module has no exports at all.
All exports of the module are statically known (It doesn't have dynamic exports). So it's known statically that the requested export doesn't exist.

Import traces:
  Client Component Browser:
    ./node_modules/recharts/es6/shape/Curve.js [Client Component Browser]
    ./node_modules/recharts/es6/util/ActiveShapeUtils.js [Client Component Browser]
    ./node_modules/recharts/es6/cartesian/Line.js [Client Component Browser]
    ./src/components/dashboard/home/ROIChart.tsx [Client Component Browser]
    ./src/components/dashboard/home/DashboardHome.tsx [Client Component Browser]
    ./src/app/dashboard/page.tsx [Client Component Browser]
    ./src/app/dashboard/page.tsx [Server Component]

  Client Component SSR:
    ./node_modules/recharts/es6/shape/Curve.js [Client Component SSR]
    ./node_modules/recharts/es6/util/ActiveShapeUtils.js [Client Component SSR]
    ./node_modules/recharts/es6/cartesian/Line.js [Client Component SSR]
    ./src/components/dashboard/home/ROIChart.tsx [Client Component SSR]
    ./src/components/dashboard/home/DashboardHome.tsx [Client Component SSR]
    ./src/app/dashboard/page.tsx [Client Component SSR]
    ./src/app/dashboard/page.tsx [Server Component]


./node_modules/recharts/es6/shape/Curve.js:11:1
Export curveBasisOpen doesn't exist in target module
  [90m 9 |[0m ...
  [90m10 |[0m ...
[31m[1m>[0m [90m11 |[0m ...eLinear, curveLinearClosed, curveMonotoneX, curveMonotoneY, curveNa...
  [90m   |[0m    [31m[1m^^^^^^^^^^^^^^^^^^^^^^^^^^^^^^^^^^^^^^^^^^^^^^^^^^^^^^^^^^^^^^^^^^^^^^[0m
  [90m12 |[0m ...
  [90m13 |[0m ...
  [90m14 |[0m ...

The export curveBasisOpen was not found in module [project]/node_modules/victory-vendor/es/d3-shape.js [app-ssr] (ecmascript).
The module has no exports at all.
All exports of the module are statically known (It doesn't have dynamic exports). So it's known statically that the requested export doesn't exist.

Import traces:
  Client Component Browser:
    ./node_modules/recharts/es6/shape/Curve.js [Client Component Browser]
    ./node_modules/recharts/es6/util/ActiveShapeUtils.js [Client Component Browser]
    ./node_modules/recharts/es6/cartesian/Line.js [Client Component Browser]
    ./src/components/dashboard/home/ROIChart.tsx [Client Component Browser]
    ./src/components/dashboard/home/DashboardHome.tsx [Client Component Browser]
    ./src/app/dashboard/page.tsx [Client Component Browser]
    ./src/app/dashboard/page.tsx [Server Component]

  Client Component SSR:
    ./node_modules/recharts/es6/shape/Curve.js [Client Component SSR]
    ./node_modules/recharts/es6/util/ActiveShapeUtils.js [Client Component SSR]
    ./node_modules/recharts/es6/cartesian/Line.js [Client Component SSR]
    ./src/components/dashboard/home/ROIChart.tsx [Client Component SSR]
    ./src/components/dashboard/home/DashboardHome.tsx [Client Component SSR]
    ./src/app/dashboard/page.tsx [Client Component SSR]
    ./src/app/dashboard/page.tsx [Server Component]


./node_modules/recharts/es6/shape/Curve.js:11:1
Export curveBumpX doesn't exist in target module
  [90m 9 |[0m ...
  [90m10 |[0m ...
[31m[1m>[0m [90m11 |[0m ...eLinear, curveLinearClosed, curveMonotoneX, curveMonotoneY, curveNa...
  [90m   |[0m    [31m[1m^^^^^^^^^^^^^^^^^^^^^^^^^^^^^^^^^^^^^^^^^^^^^^^^^^^^^^^^^^^^^^^^^^^^^^[0m
  [90m12 |[0m ...
  [90m13 |[0m ...
  [90m14 |[0m ...

The export curveBumpX was not found in module [project]/node_modules/victory-vendor/es/d3-shape.js [app-client] (ecmascript).
The module has no exports at all.
All exports of the module are statically known (It doesn't have dynamic exports). So it's known statically that the requested export doesn't exist.

Import traces:
  Client Component Browser:
    ./node_modules/recharts/es6/shape/Curve.js [Client Component Browser]
    ./node_modules/recharts/es6/util/ActiveShapeUtils.js [Client Component Browser]
    ./node_modules/recharts/es6/cartesian/Line.js [Client Component Browser]
    ./src/components/dashboard/home/ROIChart.tsx [Client Component Browser]
    ./src/components/dashboard/home/DashboardHome.tsx [Client Component Browser]
    ./src/app/dashboard/page.tsx [Client Component Browser]
    ./src/app/dashboard/page.tsx [Server Component]

  Client Component SSR:
    ./node_modules/recharts/es6/shape/Curve.js [Client Component SSR]
    ./node_modules/recharts/es6/util/ActiveShapeUtils.js [Client Component SSR]
    ./node_modules/recharts/es6/cartesian/Line.js [Client Component SSR]
    ./src/components/dashboard/home/ROIChart.tsx [Client Component SSR]
    ./src/components/dashboard/home/DashboardHome.tsx [Client Component SSR]
    ./src/app/dashboard/page.tsx [Client Component SSR]
    ./src/app/dashboard/page.tsx [Server Component]


./node_modules/recharts/es6/shape/Curve.js:11:1
Export curveBumpX doesn't exist in target module
  [90m 9 |[0m ...
  [90m10 |[0m ...
[31m[1m>[0m [90m11 |[0m ...eLinear, curveLinearClosed, curveMonotoneX, curveMonotoneY, curveNa...
  [90m   |[0m    [31m[1m^^^^^^^^^^^^^^^^^^^^^^^^^^^^^^^^^^^^^^^^^^^^^^^^^^^^^^^^^^^^^^^^^^^^^^[0m
  [90m12 |[0m ...
  [90m13 |[0m ...
  [90m14 |[0m ...

The export curveBumpX was not found in module [project]/node_modules/victory-vendor/es/d3-shape.js [app-ssr] (ecmascript).
The module has no exports at all.
All exports of the module are statically known (It doesn't have dynamic exports). So it's known statically that the requested export doesn't exist.

Import traces:
  Client Component Browser:
    ./node_modules/recharts/es6/shape/Curve.js [Client Component Browser]
    ./node_modules/recharts/es6/util/ActiveShapeUtils.js [Client Component Browser]
    ./node_modules/recharts/es6/cartesian/Line.js [Client Component Browser]
    ./src/components/dashboard/home/ROIChart.tsx [Client Component Browser]
    ./src/components/dashboard/home/DashboardHome.tsx [Client Component Browser]
    ./src/app/dashboard/page.tsx [Client Component Browser]
    ./src/app/dashboard/page.tsx [Server Component]

  Client Component SSR:
    ./node_modules/recharts/es6/shape/Curve.js [Client Component SSR]
    ./node_modules/recharts/es6/util/ActiveShapeUtils.js [Client Component SSR]
    ./node_modules/recharts/es6/cartesian/Line.js [Client Component SSR]
    ./src/components/dashboard/home/ROIChart.tsx [Client Component SSR]
    ./src/components/dashboard/home/DashboardHome.tsx [Client Component SSR]
    ./src/app/dashboard/page.tsx [Client Component SSR]
    ./src/app/dashboard/page.tsx [Server Component]


./node_modules/recharts/es6/shape/Curve.js:11:1
Export curveBumpY doesn't exist in target module
  [90m 9 |[0m ...
  [90m10 |[0m ...
[31m[1m>[0m [90m11 |[0m ...eLinear, curveLinearClosed, curveMonotoneX, curveMonotoneY, curveNa...
  [90m   |[0m    [31m[1m^^^^^^^^^^^^^^^^^^^^^^^^^^^^^^^^^^^^^^^^^^^^^^^^^^^^^^^^^^^^^^^^^^^^^^[0m
  [90m12 |[0m ...
  [90m13 |[0m ...
  [90m14 |[0m ...

The export curveBumpY was not found in module [project]/node_modules/victory-vendor/es/d3-shape.js [app-client] (ecmascript).
The module has no exports at all.
All exports of the module are statically known (It doesn't have dynamic exports). So it's known statically that the requested export doesn't exist.

Import traces:
  Client Component Browser:
    ./node_modules/recharts/es6/shape/Curve.js [Client Component Browser]
    ./node_modules/recharts/es6/util/ActiveShapeUtils.js [Client Component Browser]
    ./node_modules/recharts/es6/cartesian/Line.js [Client Component Browser]
    ./src/components/dashboard/home/ROIChart.tsx [Client Component Browser]
    ./src/components/dashboard/home/DashboardHome.tsx [Client Component Browser]
    ./src/app/dashboard/page.tsx [Client Component Browser]
    ./src/app/dashboard/page.tsx [Server Component]

  Client Component SSR:
    ./node_modules/recharts/es6/shape/Curve.js [Client Component SSR]
    ./node_modules/recharts/es6/util/ActiveShapeUtils.js [Client Component SSR]
    ./node_modules/recharts/es6/cartesian/Line.js [Client Component SSR]
    ./src/components/dashboard/home/ROIChart.tsx [Client Component SSR]
    ./src/components/dashboard/home/DashboardHome.tsx [Client Component SSR]
    ./src/app/dashboard/page.tsx [Client Component SSR]
    ./src/app/dashboard/page.tsx [Server Component]


./node_modules/recharts/es6/shape/Curve.js:11:1
Export curveBumpY doesn't exist in target module
  [90m 9 |[0m ...
  [90m10 |[0m ...
[31m[1m>[0m [90m11 |[0m ...eLinear, curveLinearClosed, curveMonotoneX, curveMonotoneY, curveNa...
  [90m   |[0m    [31m[1m^^^^^^^^^^^^^^^^^^^^^^^^^^^^^^^^^^^^^^^^^^^^^^^^^^^^^^^^^^^^^^^^^^^^^^[0m
  [90m12 |[0m ...
  [90m13 |[0m ...
  [90m14 |[0m ...

The export curveBumpY was not found in module [project]/node_modules/victory-vendor/es/d3-shape.js [app-ssr] (ecmascript).
The module has no exports at all.
All exports of the module are statically known (It doesn't have dynamic exports). So it's known statically that the requested export doesn't exist.

Import traces:
  Client Component Browser:
    ./node_modules/recharts/es6/shape/Curve.js [Client Component Browser]
    ./node_modules/recharts/es6/util/ActiveShapeUtils.js [Client Component Browser]
    ./node_modules/recharts/es6/cartesian/Line.js [Client Component Browser]
    ./src/components/dashboard/home/ROIChart.tsx [Client Component Browser]
    ./src/components/dashboard/home/DashboardHome.tsx [Client Component Browser]
    ./src/app/dashboard/page.tsx [Client Component Browser]
    ./src/app/dashboard/page.tsx [Server Component]

  Client Component SSR:
    ./node_modules/recharts/es6/shape/Curve.js [Client Component SSR]
    ./node_modules/recharts/es6/util/ActiveShapeUtils.js [Client Component SSR]
    ./node_modules/recharts/es6/cartesian/Line.js [Client Component SSR]
    ./src/components/dashboard/home/ROIChart.tsx [Client Component SSR]
    ./src/components/dashboard/home/DashboardHome.tsx [Client Component SSR]
    ./src/app/dashboard/page.tsx [Client Component SSR]
    ./src/app/dashboard/page.tsx [Server Component]


./node_modules/recharts/es6/shape/Curve.js:11:1
Export curveLinear doesn't exist in target module
  [90m 9 |[0m ...
  [90m10 |[0m ...
[31m[1m>[0m [90m11 |[0m ...eLinear, curveLinearClosed, curveMonotoneX, curveMonotoneY, curveNa...
  [90m   |[0m    [31m[1m^^^^^^^^^^^^^^^^^^^^^^^^^^^^^^^^^^^^^^^^^^^^^^^^^^^^^^^^^^^^^^^^^^^^^^[0m
  [90m12 |[0m ...
  [90m13 |[0m ...
  [90m14 |[0m ...

The export curveLinear was not found in module [project]/node_modules/victory-vendor/es/d3-shape.js [app-client] (ecmascript).
The module has no exports at all.
All exports of the module are statically known (It doesn't have dynamic exports). So it's known statically that the requested export doesn't exist.

Import traces:
  Client Component Browser:
    ./node_modules/recharts/es6/shape/Curve.js [Client Component Browser]
    ./node_modules/recharts/es6/util/ActiveShapeUtils.js [Client Component Browser]
    ./node_modules/recharts/es6/cartesian/Line.js [Client Component Browser]
    ./src/components/dashboard/home/ROIChart.tsx [Client Component Browser]
    ./src/components/dashboard/home/DashboardHome.tsx [Client Component Browser]
    ./src/app/dashboard/page.tsx [Client Component Browser]
    ./src/app/dashboard/page.tsx [Server Component]

  Client Component SSR:
    ./node_modules/recharts/es6/shape/Curve.js [Client Component SSR]
    ./node_modules/recharts/es6/util/ActiveShapeUtils.js [Client Component SSR]
    ./node_modules/recharts/es6/cartesian/Line.js [Client Component SSR]
    ./src/components/dashboard/home/ROIChart.tsx [Client Component SSR]
    ./src/components/dashboard/home/DashboardHome.tsx [Client Component SSR]
    ./src/app/dashboard/page.tsx [Client Component SSR]
    ./src/app/dashboard/page.tsx [Server Component]


./node_modules/recharts/es6/shape/Curve.js:11:1
Export curveLinear doesn't exist in target module
  [90m 9 |[0m ...
  [90m10 |[0m ...
[31m[1m>[0m [90m11 |[0m ...eLinear, curveLinearClosed, curveMonotoneX, curveMonotoneY, curveNa...
  [90m   |[0m    [31m[1m^^^^^^^^^^^^^^^^^^^^^^^^^^^^^^^^^^^^^^^^^^^^^^^^^^^^^^^^^^^^^^^^^^^^^^[0m
  [90m12 |[0m ...
  [90m13 |[0m ...
  [90m14 |[0m ...

The export curveLinear was not found in module [project]/node_modules/victory-vendor/es/d3-shape.js [app-ssr] (ecmascript).
The module has no exports at all.
All exports of the module are statically known (It doesn't have dynamic exports). So it's known statically that the requested export doesn't exist.

Import traces:
  Client Component Browser:
    ./node_modules/recharts/es6/shape/Curve.js [Client Component Browser]
    ./node_modules/recharts/es6/util/ActiveShapeUtils.js [Client Component Browser]
    ./node_modules/recharts/es6/cartesian/Line.js [Client Component Browser]
    ./src/components/dashboard/home/ROIChart.tsx [Client Component Browser]
    ./src/components/dashboard/home/DashboardHome.tsx [Client Component Browser]
    ./src/app/dashboard/page.tsx [Client Component Browser]
    ./src/app/dashboard/page.tsx [Server Component]

  Client Component SSR:
    ./node_modules/recharts/es6/shape/Curve.js [Client Component SSR]
    ./node_modules/recharts/es6/util/ActiveShapeUtils.js [Client Component SSR]
    ./node_modules/recharts/es6/cartesian/Line.js [Client Component SSR]
    ./src/components/dashboard/home/ROIChart.tsx [Client Component SSR]
    ./src/components/dashboard/home/DashboardHome.tsx [Client Component SSR]
    ./src/app/dashboard/page.tsx [Client Component SSR]
    ./src/app/dashboard/page.tsx [Server Component]


./node_modules/recharts/es6/shape/Curve.js:11:1
Export curveLinearClosed doesn't exist in target module
  [90m 9 |[0m ...
  [90m10 |[0m ...
[31m[1m>[0m [90m11 |[0m ...eLinear, curveLinearClosed, curveMonotoneX, curveMonotoneY, curveNa...
  [90m   |[0m    [31m[1m^^^^^^^^^^^^^^^^^^^^^^^^^^^^^^^^^^^^^^^^^^^^^^^^^^^^^^^^^^^^^^^^^^^^^^[0m
  [90m12 |[0m ...
  [90m13 |[0m ...
  [90m14 |[0m ...

The export curveLinearClosed was not found in module [project]/node_modules/victory-vendor/es/d3-shape.js [app-client] (ecmascript).
The module has no exports at all.
All exports of the module are statically known (It doesn't have dynamic exports). So it's known statically that the requested export doesn't exist.

Import traces:
  Client Component Browser:
    ./node_modules/recharts/es6/shape/Curve.js [Client Component Browser]
    ./node_modules/recharts/es6/util/ActiveShapeUtils.js [Client Component Browser]
    ./node_modules/recharts/es6/cartesian/Line.js [Client Component Browser]
    ./src/components/dashboard/home/ROIChart.tsx [Client Component Browser]
    ./src/components/dashboard/home/DashboardHome.tsx [Client Component Browser]
    ./src/app/dashboard/page.tsx [Client Component Browser]
    ./src/app/dashboard/page.tsx [Server Component]

  Client Component SSR:
    ./node_modules/recharts/es6/shape/Curve.js [Client Component SSR]
    ./node_modules/recharts/es6/util/ActiveShapeUtils.js [Client Component SSR]
    ./node_modules/recharts/es6/cartesian/Line.js [Client Component SSR]
    ./src/components/dashboard/home/ROIChart.tsx [Client Component SSR]
    ./src/components/dashboard/home/DashboardHome.tsx [Client Component SSR]
    ./src/app/dashboard/page.tsx [Client Component SSR]
    ./src/app/dashboard/page.tsx [Server Component]


./node_modules/recharts/es6/shape/Curve.js:11:1
Export curveLinearClosed doesn't exist in target module
  [90m 9 |[0m ...
  [90m10 |[0m ...
[31m[1m>[0m [90m11 |[0m ...eLinear, curveLinearClosed, curveMonotoneX, curveMonotoneY, curveNa...
  [90m   |[0m    [31m[1m^^^^^^^^^^^^^^^^^^^^^^^^^^^^^^^^^^^^^^^^^^^^^^^^^^^^^^^^^^^^^^^^^^^^^^[0m
  [90m12 |[0m ...
  [90m13 |[0m ...
  [90m14 |[0m ...

The export curveLinearClosed was not found in module [project]/node_modules/victory-vendor/es/d3-shape.js [app-ssr] (ecmascript).
The module has no exports at all.
All exports of the module are statically known (It doesn't have dynamic exports). So it's known statically that the requested export doesn't exist.

Import traces:
  Client Component Browser:
    ./node_modules/recharts/es6/shape/Curve.js [Client Component Browser]
    ./node_modules/recharts/es6/util/ActiveShapeUtils.js [Client Component Browser]
    ./node_modules/recharts/es6/cartesian/Line.js [Client Component Browser]
    ./src/components/dashboard/home/ROIChart.tsx [Client Component Browser]
    ./src/components/dashboard/home/DashboardHome.tsx [Client Component Browser]
    ./src/app/dashboard/page.tsx [Client Component Browser]
    ./src/app/dashboard/page.tsx [Server Component]

  Client Component SSR:
    ./node_modules/recharts/es6/shape/Curve.js [Client Component SSR]
    ./node_modules/recharts/es6/util/ActiveShapeUtils.js [Client Component SSR]
    ./node_modules/recharts/es6/cartesian/Line.js [Client Component SSR]
    ./src/components/dashboard/home/ROIChart.tsx [Client Component SSR]
    ./src/components/dashboard/home/DashboardHome.tsx [Client Component SSR]
    ./src/app/dashboard/page.tsx [Client Component SSR]
    ./src/app/dashboard/page.tsx [Server Component]


./node_modules/recharts/es6/shape/Curve.js:11:1
Export curveMonotoneX doesn't exist in target module
  [90m 9 |[0m ...
  [90m10 |[0m ...
[31m[1m>[0m [90m11 |[0m ...eLinear, curveLinearClosed, curveMonotoneX, curveMonotoneY, curveNa...
  [90m   |[0m    [31m[1m^^^^^^^^^^^^^^^^^^^^^^^^^^^^^^^^^^^^^^^^^^^^^^^^^^^^^^^^^^^^^^^^^^^^^^[0m
  [90m12 |[0m ...
  [90m13 |[0m ...
  [90m14 |[0m ...

The export curveMonotoneX was not found in module [project]/node_modules/victory-vendor/es/d3-shape.js [app-client] (ecmascript).
The module has no exports at all.
All exports of the module are statically known (It doesn't have dynamic exports). So it's known statically that the requested export doesn't exist.

Import traces:
  Client Component Browser:
    ./node_modules/recharts/es6/shape/Curve.js [Client Component Browser]
    ./node_modules/recharts/es6/util/ActiveShapeUtils.js [Client Component Browser]
    ./node_modules/recharts/es6/cartesian/Line.js [Client Component Browser]
    ./src/components/dashboard/home/ROIChart.tsx [Client Component Browser]
    ./src/components/dashboard/home/DashboardHome.tsx [Client Component Browser]
    ./src/app/dashboard/page.tsx [Client Component Browser]
    ./src/app/dashboard/page.tsx [Server Component]

  Client Component SSR:
    ./node_modules/recharts/es6/shape/Curve.js [Client Component SSR]
    ./node_modules/recharts/es6/util/ActiveShapeUtils.js [Client Component SSR]
    ./node_modules/recharts/es6/cartesian/Line.js [Client Component SSR]
    ./src/components/dashboard/home/ROIChart.tsx [Client Component SSR]
    ./src/components/dashboard/home/DashboardHome.tsx [Client Component SSR]
    ./src/app/dashboard/page.tsx [Client Component SSR]
    ./src/app/dashboard/page.tsx [Server Component]


./node_modules/recharts/es6/shape/Curve.js:11:1
Export curveMonotoneX doesn't exist in target module
  [90m 9 |[0m ...
  [90m10 |[0m ...
[31m[1m>[0m [90m11 |[0m ...eLinear, curveLinearClosed, curveMonotoneX, curveMonotoneY, curveNa...
  [90m   |[0m    [31m[1m^^^^^^^^^^^^^^^^^^^^^^^^^^^^^^^^^^^^^^^^^^^^^^^^^^^^^^^^^^^^^^^^^^^^^^[0m
  [90m12 |[0m ...
  [90m13 |[0m ...
  [90m14 |[0m ...

The export curveMonotoneX was not found in module [project]/node_modules/victory-vendor/es/d3-shape.js [app-ssr] (ecmascript).
The module has no exports at all.
All exports of the module are statically known (It doesn't have dynamic exports). So it's known statically that the requested export doesn't exist.

Import traces:
  Client Component Browser:
    ./node_modules/recharts/es6/shape/Curve.js [Client Component Browser]
    ./node_modules/recharts/es6/util/ActiveShapeUtils.js [Client Component Browser]
    ./node_modules/recharts/es6/cartesian/Line.js [Client Component Browser]
    ./src/components/dashboard/home/ROIChart.tsx [Client Component Browser]
    ./src/components/dashboard/home/DashboardHome.tsx [Client Component Browser]
    ./src/app/dashboard/page.tsx [Client Component Browser]
    ./src/app/dashboard/page.tsx [Server Component]

  Client Component SSR:
    ./node_modules/recharts/es6/shape/Curve.js [Client Component SSR]
    ./node_modules/recharts/es6/util/ActiveShapeUtils.js [Client Component SSR]
    ./node_modules/recharts/es6/cartesian/Line.js [Client Component SSR]
    ./src/components/dashboard/home/ROIChart.tsx [Client Component SSR]
    ./src/components/dashboard/home/DashboardHome.tsx [Client Component SSR]
    ./src/app/dashboard/page.tsx [Client Component SSR]
    ./src/app/dashboard/page.tsx [Server Component]


./node_modules/recharts/es6/shape/Curve.js:11:1
Export curveMonotoneY doesn't exist in target module
  [90m 9 |[0m ...
  [90m10 |[0m ...
[31m[1m>[0m [90m11 |[0m ...eLinear, curveLinearClosed, curveMonotoneX, curveMonotoneY, curveNa...
  [90m   |[0m    [31m[1m^^^^^^^^^^^^^^^^^^^^^^^^^^^^^^^^^^^^^^^^^^^^^^^^^^^^^^^^^^^^^^^^^^^^^^[0m
  [90m12 |[0m ...
  [90m13 |[0m ...
  [90m14 |[0m ...

The export curveMonotoneY was not found in module [project]/node_modules/victory-vendor/es/d3-shape.js [app-client] (ecmascript).
The module has no exports at all.
All exports of the module are statically known (It doesn't have dynamic exports). So it's known statically that the requested export doesn't exist.

Import traces:
  Client Component Browser:
    ./node_modules/recharts/es6/shape/Curve.js [Client Component Browser]
    ./node_modules/recharts/es6/util/ActiveShapeUtils.js [Client Component Browser]
    ./node_modules/recharts/es6/cartesian/Line.js [Client Component Browser]
    ./src/components/dashboard/home/ROIChart.tsx [Client Component Browser]
    ./src/components/dashboard/home/DashboardHome.tsx [Client Component Browser]
    ./src/app/dashboard/page.tsx [Client Component Browser]
    ./src/app/dashboard/page.tsx [Server Component]

  Client Component SSR:
    ./node_modules/recharts/es6/shape/Curve.js [Client Component SSR]
    ./node_modules/recharts/es6/util/ActiveShapeUtils.js [Client Component SSR]
    ./node_modules/recharts/es6/cartesian/Line.js [Client Component SSR]
    ./src/components/dashboard/home/ROIChart.tsx [Client Component SSR]
    ./src/components/dashboard/home/DashboardHome.tsx [Client Component SSR]
    ./src/app/dashboard/page.tsx [Client Component SSR]
    ./src/app/dashboard/page.tsx [Server Component]


./node_modules/recharts/es6/shape/Curve.js:11:1
Export curveMonotoneY doesn't exist in target module
  [90m 9 |[0m ...
  [90m10 |[0m ...
[31m[1m>[0m [90m11 |[0m ...eLinear, curveLinearClosed, curveMonotoneX, curveMonotoneY, curveNa...
  [90m   |[0m    [31m[1m^^^^^^^^^^^^^^^^^^^^^^^^^^^^^^^^^^^^^^^^^^^^^^^^^^^^^^^^^^^^^^^^^^^^^^[0m
  [90m12 |[0m ...
  [90m13 |[0m ...
  [90m14 |[0m ...

The export curveMonotoneY was not found in module [project]/node_modules/victory-vendor/es/d3-shape.js [app-ssr] (ecmascript).
The module has no exports at all.
All exports of the module are statically known (It doesn't have dynamic exports). So it's known statically that the requested export doesn't exist.

Import traces:
  Client Component Browser:
    ./node_modules/recharts/es6/shape/Curve.js [Client Component Browser]
    ./node_modules/recharts/es6/util/ActiveShapeUtils.js [Client Component Browser]
    ./node_modules/recharts/es6/cartesian/Line.js [Client Component Browser]
    ./src/components/dashboard/home/ROIChart.tsx [Client Component Browser]
    ./src/components/dashboard/home/DashboardHome.tsx [Client Component Browser]
    ./src/app/dashboard/page.tsx [Client Component Browser]
    ./src/app/dashboard/page.tsx [Server Component]

  Client Component SSR:
    ./node_modules/recharts/es6/shape/Curve.js [Client Component SSR]
    ./node_modules/recharts/es6/util/ActiveShapeUtils.js [Client Component SSR]
    ./node_modules/recharts/es6/cartesian/Line.js [Client Component SSR]
    ./src/components/dashboard/home/ROIChart.tsx [Client Component SSR]
    ./src/components/dashboard/home/DashboardHome.tsx [Client Component SSR]
    ./src/app/dashboard/page.tsx [Client Component SSR]
    ./src/app/dashboard/page.tsx [Server Component]


./node_modules/recharts/es6/shape/Curve.js:11:1
Export curveNatural doesn't exist in target module
  [90m 9 |[0m ...
  [90m10 |[0m ...
[31m[1m>[0m [90m11 |[0m ...eLinear, curveLinearClosed, curveMonotoneX, curveMonotoneY, curveNa...
  [90m   |[0m    [31m[1m^^^^^^^^^^^^^^^^^^^^^^^^^^^^^^^^^^^^^^^^^^^^^^^^^^^^^^^^^^^^^^^^^^^^^^[0m
  [90m12 |[0m ...
  [90m13 |[0m ...
  [90m14 |[0m ...

The export curveNatural was not found in module [project]/node_modules/victory-vendor/es/d3-shape.js [app-client] (ecmascript).
The module has no exports at all.
All exports of the module are statically known (It doesn't have dynamic exports). So it's known statically that the requested export doesn't exist.

Import traces:
  Client Component Browser:
    ./node_modules/recharts/es6/shape/Curve.js [Client Component Browser]
    ./node_modules/recharts/es6/util/ActiveShapeUtils.js [Client Component Browser]
    ./node_modules/recharts/es6/cartesian/Line.js [Client Component Browser]
    ./src/components/dashboard/home/ROIChart.tsx [Client Component Browser]
    ./src/components/dashboard/home/DashboardHome.tsx [Client Component Browser]
    ./src/app/dashboard/page.tsx [Client Component Browser]
    ./src/app/dashboard/page.tsx [Server Component]

  Client Component SSR:
    ./node_modules/recharts/es6/shape/Curve.js [Client Component SSR]
    ./node_modules/recharts/es6/util/ActiveShapeUtils.js [Client Component SSR]
    ./node_modules/recharts/es6/cartesian/Line.js [Client Component SSR]
    ./src/components/dashboard/home/ROIChart.tsx [Client Component SSR]
    ./src/components/dashboard/home/DashboardHome.tsx [Client Component SSR]
    ./src/app/dashboard/page.tsx [Client Component SSR]
    ./src/app/dashboard/page.tsx [Server Component]


./node_modules/recharts/es6/shape/Curve.js:11:1
Export curveNatural doesn't exist in target module
  [90m 9 |[0m ...
  [90m10 |[0m ...
[31m[1m>[0m [90m11 |[0m ...eLinear, curveLinearClosed, curveMonotoneX, curveMonotoneY, curveNa...
  [90m   |[0m    [31m[1m^^^^^^^^^^^^^^^^^^^^^^^^^^^^^^^^^^^^^^^^^^^^^^^^^^^^^^^^^^^^^^^^^^^^^^[0m
  [90m12 |[0m ...
  [90m13 |[0m ...
  [90m14 |[0m ...

The export curveNatural was not found in module [project]/node_modules/victory-vendor/es/d3-shape.js [app-ssr] (ecmascript).
The module has no exports at all.
All exports of the module are statically known (It doesn't have dynamic exports). So it's known statically that the requested export doesn't exist.

Import traces:
  Client Component Browser:
    ./node_modules/recharts/es6/shape/Curve.js [Client Component Browser]
    ./node_modules/recharts/es6/util/ActiveShapeUtils.js [Client Component Browser]
    ./node_modules/recharts/es6/cartesian/Line.js [Client Component Browser]
    ./src/components/dashboard/home/ROIChart.tsx [Client Component Browser]
    ./src/components/dashboard/home/DashboardHome.tsx [Client Component Browser]
    ./src/app/dashboard/page.tsx [Client Component Browser]
    ./src/app/dashboard/page.tsx [Server Component]

  Client Component SSR:
    ./node_modules/recharts/es6/shape/Curve.js [Client Component SSR]
    ./node_modules/recharts/es6/util/ActiveShapeUtils.js [Client Component SSR]
    ./node_modules/recharts/es6/cartesian/Line.js [Client Component SSR]
    ./src/components/dashboard/home/ROIChart.tsx [Client Component SSR]
    ./src/components/dashboard/home/DashboardHome.tsx [Client Component SSR]
    ./src/app/dashboard/page.tsx [Client Component SSR]
    ./src/app/dashboard/page.tsx [Server Component]


./node_modules/recharts/es6/shape/Curve.js:11:1
Export curveStep doesn't exist in target module
  [90m 9 |[0m ...
  [90m10 |[0m ...
[31m[1m>[0m [90m11 |[0m ...eLinear, curveLinearClosed, curveMonotoneX, curveMonotoneY, curveNa...
  [90m   |[0m    [31m[1m^^^^^^^^^^^^^^^^^^^^^^^^^^^^^^^^^^^^^^^^^^^^^^^^^^^^^^^^^^^^^^^^^^^^^^[0m
  [90m12 |[0m ...
  [90m13 |[0m ...
  [90m14 |[0m ...

The export curveStep was not found in module [project]/node_modules/victory-vendor/es/d3-shape.js [app-client] (ecmascript).
The module has no exports at all.
All exports of the module are statically known (It doesn't have dynamic exports). So it's known statically that the requested export doesn't exist.

Import traces:
  Client Component Browser:
    ./node_modules/recharts/es6/shape/Curve.js [Client Component Browser]
    ./node_modules/recharts/es6/util/ActiveShapeUtils.js [Client Component Browser]
    ./node_modules/recharts/es6/cartesian/Line.js [Client Component Browser]
    ./src/components/dashboard/home/ROIChart.tsx [Client Component Browser]
    ./src/components/dashboard/home/DashboardHome.tsx [Client Component Browser]
    ./src/app/dashboard/page.tsx [Client Component Browser]
    ./src/app/dashboard/page.tsx [Server Component]

  Client Component SSR:
    ./node_modules/recharts/es6/shape/Curve.js [Client Component SSR]
    ./node_modules/recharts/es6/util/ActiveShapeUtils.js [Client Component SSR]
    ./node_modules/recharts/es6/cartesian/Line.js [Client Component SSR]
    ./src/components/dashboard/home/ROIChart.tsx [Client Component SSR]
    ./src/components/dashboard/home/DashboardHome.tsx [Client Component SSR]
    ./src/app/dashboard/page.tsx [Client Component SSR]
    ./src/app/dashboard/page.tsx [Server Component]


./node_modules/recharts/es6/shape/Curve.js:11:1
Export curveStep doesn't exist in target module
  [90m 9 |[0m ...
  [90m10 |[0m ...
[31m[1m>[0m [90m11 |[0m ...eLinear, curveLinearClosed, curveMonotoneX, curveMonotoneY, curveNa...
  [90m   |[0m    [31m[1m^^^^^^^^^^^^^^^^^^^^^^^^^^^^^^^^^^^^^^^^^^^^^^^^^^^^^^^^^^^^^^^^^^^^^^[0m
  [90m12 |[0m ...
  [90m13 |[0m ...
  [90m14 |[0m ...

The export curveStep was not found in module [project]/node_modules/victory-vendor/es/d3-shape.js [app-ssr] (ecmascript).
The module has no exports at all.
All exports of the module are statically known (It doesn't have dynamic exports). So it's known statically that the requested export doesn't exist.

Import traces:
  Client Component Browser:
    ./node_modules/recharts/es6/shape/Curve.js [Client Component Browser]
    ./node_modules/recharts/es6/util/ActiveShapeUtils.js [Client Component Browser]
    ./node_modules/recharts/es6/cartesian/Line.js [Client Component Browser]
    ./src/components/dashboard/home/ROIChart.tsx [Client Component Browser]
    ./src/components/dashboard/home/DashboardHome.tsx [Client Component Browser]
    ./src/app/dashboard/page.tsx [Client Component Browser]
    ./src/app/dashboard/page.tsx [Server Component]

  Client Component SSR:
    ./node_modules/recharts/es6/shape/Curve.js [Client Component SSR]
    ./node_modules/recharts/es6/util/ActiveShapeUtils.js [Client Component SSR]
    ./node_modules/recharts/es6/cartesian/Line.js [Client Component SSR]
    ./src/components/dashboard/home/ROIChart.tsx [Client Component SSR]
    ./src/components/dashboard/home/DashboardHome.tsx [Client Component SSR]
    ./src/app/dashboard/page.tsx [Client Component SSR]
    ./src/app/dashboard/page.tsx [Server Component]


./node_modules/recharts/es6/shape/Curve.js:11:1
Export curveStepAfter doesn't exist in target module
  [90m 9 |[0m ...
  [90m10 |[0m ...
[31m[1m>[0m [90m11 |[0m ...eLinear, curveLinearClosed, curveMonotoneX, curveMonotoneY, curveNa...
  [90m   |[0m    [31m[1m^^^^^^^^^^^^^^^^^^^^^^^^^^^^^^^^^^^^^^^^^^^^^^^^^^^^^^^^^^^^^^^^^^^^^^[0m
  [90m12 |[0m ...
  [90m13 |[0m ...
  [90m14 |[0m ...

The export curveStepAfter was not found in module [project]/node_modules/victory-vendor/es/d3-shape.js [app-client] (ecmascript).
The module has no exports at all.
All exports of the module are statically known (It doesn't have dynamic exports). So it's known statically that the requested export doesn't exist.

Import traces:
  Client Component Browser:
    ./node_modules/recharts/es6/shape/Curve.js [Client Component Browser]
    ./node_modules/recharts/es6/util/ActiveShapeUtils.js [Client Component Browser]
    ./node_modules/recharts/es6/cartesian/Line.js [Client Component Browser]
    ./src/components/dashboard/home/ROIChart.tsx [Client Component Browser]
    ./src/components/dashboard/home/DashboardHome.tsx [Client Component Browser]
    ./src/app/dashboard/page.tsx [Client Component Browser]
    ./src/app/dashboard/page.tsx [Server Component]

  Client Component SSR:
    ./node_modules/recharts/es6/shape/Curve.js [Client Component SSR]
    ./node_modules/recharts/es6/util/ActiveShapeUtils.js [Client Component SSR]
    ./node_modules/recharts/es6/cartesian/Line.js [Client Component SSR]
    ./src/components/dashboard/home/ROIChart.tsx [Client Component SSR]
    ./src/components/dashboard/home/DashboardHome.tsx [Client Component SSR]
    ./src/app/dashboard/page.tsx [Client Component SSR]
    ./src/app/dashboard/page.tsx [Server Component]


./node_modules/recharts/es6/shape/Curve.js:11:1
Export curveStepAfter doesn't exist in target module
  [90m 9 |[0m ...
  [90m10 |[0m ...
[31m[1m>[0m [90m11 |[0m ...eLinear, curveLinearClosed, curveMonotoneX, curveMonotoneY, curveNa...
  [90m   |[0m    [31m[1m^^^^^^^^^^^^^^^^^^^^^^^^^^^^^^^^^^^^^^^^^^^^^^^^^^^^^^^^^^^^^^^^^^^^^^[0m
  [90m12 |[0m ...
  [90m13 |[0m ...
  [90m14 |[0m ...

The export curveStepAfter was not found in module [project]/node_modules/victory-vendor/es/d3-shape.js [app-ssr] (ecmascript).
The module has no exports at all.
All exports of the module are statically known (It doesn't have dynamic exports). So it's known statically that the requested export doesn't exist.

Import traces:
  Client Component Browser:
    ./node_modules/recharts/es6/shape/Curve.js [Client Component Browser]
    ./node_modules/recharts/es6/util/ActiveShapeUtils.js [Client Component Browser]
    ./node_modules/recharts/es6/cartesian/Line.js [Client Component Browser]
    ./src/components/dashboard/home/ROIChart.tsx [Client Component Browser]
    ./src/components/dashboard/home/DashboardHome.tsx [Client Component Browser]
    ./src/app/dashboard/page.tsx [Client Component Browser]
    ./src/app/dashboard/page.tsx [Server Component]

  Client Component SSR:
    ./node_modules/recharts/es6/shape/Curve.js [Client Component SSR]
    ./node_modules/recharts/es6/util/ActiveShapeUtils.js [Client Component SSR]
    ./node_modules/recharts/es6/cartesian/Line.js [Client Component SSR]
    ./src/components/dashboard/home/ROIChart.tsx [Client Component SSR]
    ./src/components/dashboard/home/DashboardHome.tsx [Client Component SSR]
    ./src/app/dashboard/page.tsx [Client Component SSR]
    ./src/app/dashboard/page.tsx [Server Component]


./node_modules/recharts/es6/shape/Curve.js:11:1
Export curveStepBefore doesn't exist in target module
  [90m 9 |[0m ...
  [90m10 |[0m ...
[31m[1m>[0m [90m11 |[0m ...eLinear, curveLinearClosed, curveMonotoneX, curveMonotoneY, curveNa...
  [90m   |[0m    [31m[1m^^^^^^^^^^^^^^^^^^^^^^^^^^^^^^^^^^^^^^^^^^^^^^^^^^^^^^^^^^^^^^^^^^^^^^[0m
  [90m12 |[0m ...
  [90m13 |[0m ...
  [90m14 |[0m ...

The export curveStepBefore was not found in module [project]/node_modules/victory-vendor/es/d3-shape.js [app-client] (ecmascript).
The module has no exports at all.
All exports of the module are statically known (It doesn't have dynamic exports). So it's known statically that the requested export doesn't exist.

Import traces:
  Client Component Browser:
    ./node_modules/recharts/es6/shape/Curve.js [Client Component Browser]
    ./node_modules/recharts/es6/util/ActiveShapeUtils.js [Client Component Browser]
    ./node_modules/recharts/es6/cartesian/Line.js [Client Component Browser]
    ./src/components/dashboard/home/ROIChart.tsx [Client Component Browser]
    ./src/components/dashboard/home/DashboardHome.tsx [Client Component Browser]
    ./src/app/dashboard/page.tsx [Client Component Browser]
    ./src/app/dashboard/page.tsx [Server Component]

  Client Component SSR:
    ./node_modules/recharts/es6/shape/Curve.js [Client Component SSR]
    ./node_modules/recharts/es6/util/ActiveShapeUtils.js [Client Component SSR]
    ./node_modules/recharts/es6/cartesian/Line.js [Client Component SSR]
    ./src/components/dashboard/home/ROIChart.tsx [Client Component SSR]
    ./src/components/dashboard/home/DashboardHome.tsx [Client Component SSR]
    ./src/app/dashboard/page.tsx [Client Component SSR]
    ./src/app/dashboard/page.tsx [Server Component]


./node_modules/recharts/es6/shape/Curve.js:11:1
Export curveStepBefore doesn't exist in target module
  [90m 9 |[0m ...
  [90m10 |[0m ...
[31m[1m>[0m [90m11 |[0m ...eLinear, curveLinearClosed, curveMonotoneX, curveMonotoneY, curveNa...
  [90m   |[0m    [31m[1m^^^^^^^^^^^^^^^^^^^^^^^^^^^^^^^^^^^^^^^^^^^^^^^^^^^^^^^^^^^^^^^^^^^^^^[0m
  [90m12 |[0m ...
  [90m13 |[0m ...
  [90m14 |[0m ...

The export curveStepBefore was not found in module [project]/node_modules/victory-vendor/es/d3-shape.js [app-ssr] (ecmascript).
The module has no exports at all.
All exports of the module are statically known (It doesn't have dynamic exports). So it's known statically that the requested export doesn't exist.

Import traces:
  Client Component Browser:
    ./node_modules/recharts/es6/shape/Curve.js [Client Component Browser]
    ./node_modules/recharts/es6/util/ActiveShapeUtils.js [Client Component Browser]
    ./node_modules/recharts/es6/cartesian/Line.js [Client Component Browser]
    ./src/components/dashboard/home/ROIChart.tsx [Client Component Browser]
    ./src/components/dashboard/home/DashboardHome.tsx [Client Component Browser]
    ./src/app/dashboard/page.tsx [Client Component Browser]
    ./src/app/dashboard/page.tsx [Server Component]

  Client Component SSR:
    ./node_modules/recharts/es6/shape/Curve.js [Client Component SSR]
    ./node_modules/recharts/es6/util/ActiveShapeUtils.js [Client Component SSR]
    ./node_modules/recharts/es6/cartesian/Line.js [Client Component SSR]
    ./src/components/dashboard/home/ROIChart.tsx [Client Component SSR]
    ./src/components/dashboard/home/DashboardHome.tsx [Client Component SSR]
    ./src/app/dashboard/page.tsx [Client Component SSR]
    ./src/app/dashboard/page.tsx [Server Component]


./node_modules/recharts/es6/shape/Curve.js:11:1
Export line doesn't exist in target module
  [90m 9 |[0m ...
  [90m10 |[0m ...
[31m[1m>[0m [90m11 |[0m ...eLinear, curveLinearClosed, curveMonotoneX, curveMonotoneY, curveNa...
  [90m   |[0m    [31m[1m^^^^^^^^^^^^^^^^^^^^^^^^^^^^^^^^^^^^^^^^^^^^^^^^^^^^^^^^^^^^^^^^^^^^^^[0m
  [90m12 |[0m ...
  [90m13 |[0m ...
  [90m14 |[0m ...

The export line was not found in module [project]/node_modules/victory-vendor/es/d3-shape.js [app-client] (ecmascript).
The module has no exports at all.
All exports of the module are statically known (It doesn't have dynamic exports). So it's known statically that the requested export doesn't exist.

Import traces:
  Client Component Browser:
    ./node_modules/recharts/es6/shape/Curve.js [Client Component Browser]
    ./node_modules/recharts/es6/util/ActiveShapeUtils.js [Client Component Browser]
    ./node_modules/recharts/es6/cartesian/Line.js [Client Component Browser]
    ./src/components/dashboard/home/ROIChart.tsx [Client Component Browser]
    ./src/components/dashboard/home/DashboardHome.tsx [Client Component Browser]
    ./src/app/dashboard/page.tsx [Client Component Browser]
    ./src/app/dashboard/page.tsx [Server Component]

  Client Component SSR:
    ./node_modules/recharts/es6/shape/Curve.js [Client Component SSR]
    ./node_modules/recharts/es6/util/ActiveShapeUtils.js [Client Component SSR]
    ./node_modules/recharts/es6/cartesian/Line.js [Client Component SSR]
    ./src/components/dashboard/home/ROIChart.tsx [Client Component SSR]
    ./src/components/dashboard/home/DashboardHome.tsx [Client Component SSR]
    ./src/app/dashboard/page.tsx [Client Component SSR]
    ./src/app/dashboard/page.tsx [Server Component]


./node_modules/recharts/es6/shape/Curve.js:11:1
Export line doesn't exist in target module
  [90m 9 |[0m ...
  [90m10 |[0m ...
[31m[1m>[0m [90m11 |[0m ...eLinear, curveLinearClosed, curveMonotoneX, curveMonotoneY, curveNa...
  [90m   |[0m    [31m[1m^^^^^^^^^^^^^^^^^^^^^^^^^^^^^^^^^^^^^^^^^^^^^^^^^^^^^^^^^^^^^^^^^^^^^^[0m
  [90m12 |[0m ...
  [90m13 |[0m ...
  [90m14 |[0m ...

The export line was not found in module [project]/node_modules/victory-vendor/es/d3-shape.js [app-ssr] (ecmascript).
The module has no exports at all.
All exports of the module are statically known (It doesn't have dynamic exports). So it's known statically that the requested export doesn't exist.

Import traces:
  Client Component Browser:
    ./node_modules/recharts/es6/shape/Curve.js [Client Component Browser]
    ./node_modules/recharts/es6/util/ActiveShapeUtils.js [Client Component Browser]
    ./node_modules/recharts/es6/cartesian/Line.js [Client Component Browser]
    ./src/components/dashboard/home/ROIChart.tsx [Client Component Browser]
    ./src/components/dashboard/home/DashboardHome.tsx [Client Component Browser]
    ./src/app/dashboard/page.tsx [Client Component Browser]
    ./src/app/dashboard/page.tsx [Server Component]

  Client Component SSR:
    ./node_modules/recharts/es6/shape/Curve.js [Client Component SSR]
    ./node_modules/recharts/es6/util/ActiveShapeUtils.js [Client Component SSR]
    ./node_modules/recharts/es6/cartesian/Line.js [Client Component SSR]
    ./src/components/dashboard/home/ROIChart.tsx [Client Component SSR]
    ./src/components/dashboard/home/DashboardHome.tsx [Client Component SSR]
    ./src/app/dashboard/page.tsx [Client Component SSR]
    ./src/app/dashboard/page.tsx [Server Component]


./node_modules/recharts/es6/util/ChartUtils.js:8:1
Export stack doesn't exist in target module
  [90m 6 |[0m ...;
  [90m 7 |[0m ...
[31m[1m>[0m [90m 8 |[0m ...nd, stackOffsetNone, stackOffsetSilhouette, stackOffsetWiggle, stac...
  [90m   |[0m    [31m[1m^^^^^^^^^^^^^^^^^^^^^^^^^^^^^^^^^^^^^^^^^^^^^^^^^^^^^^^^^^^^^^^^^^^^^^[0m
  [90m 9 |[0m ...sNullish, isNumber, isNumOrStr, mathSign } [36mfrom[0m [32m'./DataUtils'[0m;
  [90m10 |[0m ...
  [90m11 |[0m ...[32mBehavedNumber'[0m;

The export stack was not found in module [project]/node_modules/victory-vendor/es/d3-shape.js [app-client] (ecmascript).
The module has no exports at all.
All exports of the module are statically known (It doesn't have dynamic exports). So it's known statically that the requested export doesn't exist.

Import traces:
  Client Component Browser:
    ./node_modules/recharts/es6/util/ChartUtils.js [Client Component Browser]
    ./node_modules/recharts/es6/cartesian/Bar.js [Client Component Browser]
    ./src/components/dashboard/home/ROIChart.tsx [Client Component Browser]
    ./src/components/dashboard/home/DashboardHome.tsx [Client Component Browser]
    ./src/app/dashboard/page.tsx [Client Component Browser]
    ./src/app/dashboard/page.tsx [Server Component]

  Client Component SSR:
    ./node_modules/recharts/es6/util/ChartUtils.js [Client Component SSR]
    ./node_modules/recharts/es6/cartesian/Bar.js [Client Component SSR]
    ./src/components/dashboard/home/ROIChart.tsx [Client Component SSR]
    ./src/components/dashboard/home/DashboardHome.tsx [Client Component SSR]
    ./src/app/dashboard/page.tsx [Client Component SSR]
    ./src/app/dashboard/page.tsx [Server Component]


./node_modules/recharts/es6/util/ChartUtils.js:8:1
Export stack doesn't exist in target module
  [90m 6 |[0m ...;
  [90m 7 |[0m ...
[31m[1m>[0m [90m 8 |[0m ...nd, stackOffsetNone, stackOffsetSilhouette, stackOffsetWiggle, stac...
  [90m   |[0m    [31m[1m^^^^^^^^^^^^^^^^^^^^^^^^^^^^^^^^^^^^^^^^^^^^^^^^^^^^^^^^^^^^^^^^^^^^^^[0m
  [90m 9 |[0m ...sNullish, isNumber, isNumOrStr, mathSign } [36mfrom[0m [32m'./DataUtils'[0m;
  [90m10 |[0m ...
  [90m11 |[0m ...[32mBehavedNumber'[0m;

The export stack was not found in module [project]/node_modules/victory-vendor/es/d3-shape.js [app-ssr] (ecmascript).
The module has no exports at all.
All exports of the module are statically known (It doesn't have dynamic exports). So it's known statically that the requested export doesn't exist.

Import traces:
  Client Component Browser:
    ./node_modules/recharts/es6/util/ChartUtils.js [Client Component Browser]
    ./node_modules/recharts/es6/cartesian/Bar.js [Client Component Browser]
    ./src/components/dashboard/home/ROIChart.tsx [Client Component Browser]
    ./src/components/dashboard/home/DashboardHome.tsx [Client Component Browser]
    ./src/app/dashboard/page.tsx [Client Component Browser]
    ./src/app/dashboard/page.tsx [Server Component]

  Client Component SSR:
    ./node_modules/recharts/es6/util/ChartUtils.js [Client Component SSR]
    ./node_modules/recharts/es6/cartesian/Bar.js [Client Component SSR]
    ./src/components/dashboard/home/ROIChart.tsx [Client Component SSR]
    ./src/components/dashboard/home/DashboardHome.tsx [Client Component SSR]
    ./src/app/dashboard/page.tsx [Client Component SSR]
    ./src/app/dashboard/page.tsx [Server Component]


./node_modules/recharts/es6/util/ChartUtils.js:8:1
Export stackOffsetExpand doesn't exist in target module
  [90m 6 |[0m ...;
  [90m 7 |[0m ...
[31m[1m>[0m [90m 8 |[0m ...nd, stackOffsetNone, stackOffsetSilhouette, stackOffsetWiggle, stac...
  [90m   |[0m    [31m[1m^^^^^^^^^^^^^^^^^^^^^^^^^^^^^^^^^^^^^^^^^^^^^^^^^^^^^^^^^^^^^^^^^^^^^^[0m
  [90m 9 |[0m ...sNullish, isNumber, isNumOrStr, mathSign } [36mfrom[0m [32m'./DataUtils'[0m;
  [90m10 |[0m ...
  [90m11 |[0m ...[32mBehavedNumber'[0m;

The export stackOffsetExpand was not found in module [project]/node_modules/victory-vendor/es/d3-shape.js [app-client] (ecmascript).
The module has no exports at all.
All exports of the module are statically known (It doesn't have dynamic exports). So it's known statically that the requested export doesn't exist.

Import traces:
  Client Component Browser:
    ./node_modules/recharts/es6/util/ChartUtils.js [Client Component Browser]
    ./node_modules/recharts/es6/cartesian/Bar.js [Client Component Browser]
    ./src/components/dashboard/home/ROIChart.tsx [Client Component Browser]
    ./src/components/dashboard/home/DashboardHome.tsx [Client Component Browser]
    ./src/app/dashboard/page.tsx [Client Component Browser]
    ./src/app/dashboard/page.tsx [Server Component]

  Client Component SSR:
    ./node_modules/recharts/es6/util/ChartUtils.js [Client Component SSR]
    ./node_modules/recharts/es6/cartesian/Bar.js [Client Component SSR]
    ./src/components/dashboard/home/ROIChart.tsx [Client Component SSR]
    ./src/components/dashboard/home/DashboardHome.tsx [Client Component SSR]
    ./src/app/dashboard/page.tsx [Client Component SSR]
    ./src/app/dashboard/page.tsx [Server Component]


./node_modules/recharts/es6/util/ChartUtils.js:8:1
Export stackOffsetExpand doesn't exist in target module
  [90m 6 |[0m ...;
  [90m 7 |[0m ...
[31m[1m>[0m [90m 8 |[0m ...nd, stackOffsetNone, stackOffsetSilhouette, stackOffsetWiggle, stac...
  [90m   |[0m    [31m[1m^^^^^^^^^^^^^^^^^^^^^^^^^^^^^^^^^^^^^^^^^^^^^^^^^^^^^^^^^^^^^^^^^^^^^^[0m
  [90m 9 |[0m ...sNullish, isNumber, isNumOrStr, mathSign } [36mfrom[0m [32m'./DataUtils'[0m;
  [90m10 |[0m ...
  [90m11 |[0m ...[32mBehavedNumber'[0m;

The export stackOffsetExpand was not found in module [project]/node_modules/victory-vendor/es/d3-shape.js [app-ssr] (ecmascript).
The module has no exports at all.
All exports of the module are statically known (It doesn't have dynamic exports). So it's known statically that the requested export doesn't exist.

Import traces:
  Client Component Browser:
    ./node_modules/recharts/es6/util/ChartUtils.js [Client Component Browser]
    ./node_modules/recharts/es6/cartesian/Bar.js [Client Component Browser]
    ./src/components/dashboard/home/ROIChart.tsx [Client Component Browser]
    ./src/components/dashboard/home/DashboardHome.tsx [Client Component Browser]
    ./src/app/dashboard/page.tsx [Client Component Browser]
    ./src/app/dashboard/page.tsx [Server Component]

  Client Component SSR:
    ./node_modules/recharts/es6/util/ChartUtils.js [Client Component SSR]
    ./node_modules/recharts/es6/cartesian/Bar.js [Client Component SSR]
    ./src/components/dashboard/home/ROIChart.tsx [Client Component SSR]
    ./src/components/dashboard/home/DashboardHome.tsx [Client Component SSR]
    ./src/app/dashboard/page.tsx [Client Component SSR]
    ./src/app/dashboard/page.tsx [Server Component]


./node_modules/recharts/es6/util/ChartUtils.js:8:1
Export stackOffsetNone doesn't exist in target module
  [90m 6 |[0m ...;
  [90m 7 |[0m ...
[31m[1m>[0m [90m 8 |[0m ...nd, stackOffsetNone, stackOffsetSilhouette, stackOffsetWiggle, stac...
  [90m   |[0m    [31m[1m^^^^^^^^^^^^^^^^^^^^^^^^^^^^^^^^^^^^^^^^^^^^^^^^^^^^^^^^^^^^^^^^^^^^^^[0m
  [90m 9 |[0m ...sNullish, isNumber, isNumOrStr, mathSign } [36mfrom[0m [32m'./DataUtils'[0m;
  [90m10 |[0m ...
  [90m11 |[0m ...[32mBehavedNumber'[0m;

The export stackOffsetNone was not found in module [project]/node_modules/victory-vendor/es/d3-shape.js [app-client] (ecmascript).
The module has no exports at all.
All exports of the module are statically known (It doesn't have dynamic exports). So it's known statically that the requested export doesn't exist.

Import traces:
  Client Component Browser:
    ./node_modules/recharts/es6/util/ChartUtils.js [Client Component Browser]
    ./node_modules/recharts/es6/cartesian/Bar.js [Client Component Browser]
    ./src/components/dashboard/home/ROIChart.tsx [Client Component Browser]
    ./src/components/dashboard/home/DashboardHome.tsx [Client Component Browser]
    ./src/app/dashboard/page.tsx [Client Component Browser]
    ./src/app/dashboard/page.tsx [Server Component]

  Client Component SSR:
    ./node_modules/recharts/es6/util/ChartUtils.js [Client Component SSR]
    ./node_modules/recharts/es6/cartesian/Bar.js [Client Component SSR]
    ./src/components/dashboard/home/ROIChart.tsx [Client Component SSR]
    ./src/components/dashboard/home/DashboardHome.tsx [Client Component SSR]
    ./src/app/dashboard/page.tsx [Client Component SSR]
    ./src/app/dashboard/page.tsx [Server Component]


./node_modules/recharts/es6/util/ChartUtils.js:8:1
Export stackOffsetNone doesn't exist in target module
  [90m 6 |[0m ...;
  [90m 7 |[0m ...
[31m[1m>[0m [90m 8 |[0m ...nd, stackOffsetNone, stackOffsetSilhouette, stackOffsetWiggle, stac...
  [90m   |[0m    [31m[1m^^^^^^^^^^^^^^^^^^^^^^^^^^^^^^^^^^^^^^^^^^^^^^^^^^^^^^^^^^^^^^^^^^^^^^[0m
  [90m 9 |[0m ...sNullish, isNumber, isNumOrStr, mathSign } [36mfrom[0m [32m'./DataUtils'[0m;
  [90m10 |[0m ...
  [90m11 |[0m ...[32mBehavedNumber'[0m;

The export stackOffsetNone was not found in module [project]/node_modules/victory-vendor/es/d3-shape.js [app-ssr] (ecmascript).
The module has no exports at all.
All exports of the module are statically known (It doesn't have dynamic exports). So it's known statically that the requested export doesn't exist.

Import traces:
  Client Component Browser:
    ./node_modules/recharts/es6/util/ChartUtils.js [Client Component Browser]
    ./node_modules/recharts/es6/cartesian/Bar.js [Client Component Browser]
    ./src/components/dashboard/home/ROIChart.tsx [Client Component Browser]
    ./src/components/dashboard/home/DashboardHome.tsx [Client Component Browser]
    ./src/app/dashboard/page.tsx [Client Component Browser]
    ./src/app/dashboard/page.tsx [Server Component]

  Client Component SSR:
    ./node_modules/recharts/es6/util/ChartUtils.js [Client Component SSR]
    ./node_modules/recharts/es6/cartesian/Bar.js [Client Component SSR]
    ./src/components/dashboard/home/ROIChart.tsx [Client Component SSR]
    ./src/components/dashboard/home/DashboardHome.tsx [Client Component SSR]
    ./src/app/dashboard/page.tsx [Client Component SSR]
    ./src/app/dashboard/page.tsx [Server Component]


./node_modules/recharts/es6/util/ChartUtils.js:8:1
Export stackOffsetSilhouette doesn't exist in target module
  [90m 6 |[0m ...;
  [90m 7 |[0m ...
[31m[1m>[0m [90m 8 |[0m ...nd, stackOffsetNone, stackOffsetSilhouette, stackOffsetWiggle, stac...
  [90m   |[0m    [31m[1m^^^^^^^^^^^^^^^^^^^^^^^^^^^^^^^^^^^^^^^^^^^^^^^^^^^^^^^^^^^^^^^^^^^^^^[0m
  [90m 9 |[0m ...sNullish, isNumber, isNumOrStr, mathSign } [36mfrom[0m [32m'./DataUtils'[0m;
  [90m10 |[0m ...
  [90m11 |[0m ...[32mBehavedNumber'[0m;

The export stackOffsetSilhouette was not found in module [project]/node_modules/victory-vendor/es/d3-shape.js [app-client] (ecmascript).
The module has no exports at all.
All exports of the module are statically known (It doesn't have dynamic exports). So it's known statically that the requested export doesn't exist.

Import traces:
  Client Component Browser:
    ./node_modules/recharts/es6/util/ChartUtils.js [Client Component Browser]
    ./node_modules/recharts/es6/cartesian/Bar.js [Client Component Browser]
    ./src/components/dashboard/home/ROIChart.tsx [Client Component Browser]
    ./src/components/dashboard/home/DashboardHome.tsx [Client Component Browser]
    ./src/app/dashboard/page.tsx [Client Component Browser]
    ./src/app/dashboard/page.tsx [Server Component]

  Client Component SSR:
    ./node_modules/recharts/es6/util/ChartUtils.js [Client Component SSR]
    ./node_modules/recharts/es6/cartesian/Bar.js [Client Component SSR]
    ./src/components/dashboard/home/ROIChart.tsx [Client Component SSR]
    ./src/components/dashboard/home/DashboardHome.tsx [Client Component SSR]
    ./src/app/dashboard/page.tsx [Client Component SSR]
    ./src/app/dashboard/page.tsx [Server Component]


./node_modules/recharts/es6/util/ChartUtils.js:8:1
Export stackOffsetSilhouette doesn't exist in target module
  [90m 6 |[0m ...;
  [90m 7 |[0m ...
[31m[1m>[0m [90m 8 |[0m ...nd, stackOffsetNone, stackOffsetSilhouette, stackOffsetWiggle, stac...
  [90m   |[0m    [31m[1m^^^^^^^^^^^^^^^^^^^^^^^^^^^^^^^^^^^^^^^^^^^^^^^^^^^^^^^^^^^^^^^^^^^^^^[0m
  [90m 9 |[0m ...sNullish, isNumber, isNumOrStr, mathSign } [36mfrom[0m [32m'./DataUtils'[0m;
  [90m10 |[0m ...
  [90m11 |[0m ...[32mBehavedNumber'[0m;

The export stackOffsetSilhouette was not found in module [project]/node_modules/victory-vendor/es/d3-shape.js [app-ssr] (ecmascript).
The module has no exports at all.
All exports of the module are statically known (It doesn't have dynamic exports). So it's known statically that the requested export doesn't exist.

Import traces:
  Client Component Browser:
    ./node_modules/recharts/es6/util/ChartUtils.js [Client Component Browser]
    ./node_modules/recharts/es6/cartesian/Bar.js [Client Component Browser]
    ./src/components/dashboard/home/ROIChart.tsx [Client Component Browser]
    ./src/components/dashboard/home/DashboardHome.tsx [Client Component Browser]
    ./src/app/dashboard/page.tsx [Client Component Browser]
    ./src/app/dashboard/page.tsx [Server Component]

  Client Component SSR:
    ./node_modules/recharts/es6/util/ChartUtils.js [Client Component SSR]
    ./node_modules/recharts/es6/cartesian/Bar.js [Client Component SSR]
    ./src/components/dashboard/home/ROIChart.tsx [Client Component SSR]
    ./src/components/dashboard/home/DashboardHome.tsx [Client Component SSR]
    ./src/app/dashboard/page.tsx [Client Component SSR]
    ./src/app/dashboard/page.tsx [Server Component]


./node_modules/recharts/es6/util/ChartUtils.js:8:1
Export stackOffsetWiggle doesn't exist in target module
  [90m 6 |[0m ...;
  [90m 7 |[0m ...
[31m[1m>[0m [90m 8 |[0m ...nd, stackOffsetNone, stackOffsetSilhouette, stackOffsetWiggle, stac...
  [90m   |[0m    [31m[1m^^^^^^^^^^^^^^^^^^^^^^^^^^^^^^^^^^^^^^^^^^^^^^^^^^^^^^^^^^^^^^^^^^^^^^[0m
  [90m 9 |[0m ...sNullish, isNumber, isNumOrStr, mathSign } [36mfrom[0m [32m'./DataUtils'[0m;
  [90m10 |[0m ...
  [90m11 |[0m ...[32mBehavedNumber'[0m;

The export stackOffsetWiggle was not found in module [project]/node_modules/victory-vendor/es/d3-shape.js [app-client] (ecmascript).
The module has no exports at all.
All exports of the module are statically known (It doesn't have dynamic exports). So it's known statically that the requested export doesn't exist.

Import traces:
  Client Component Browser:
    ./node_modules/recharts/es6/util/ChartUtils.js [Client Component Browser]
    ./node_modules/recharts/es6/cartesian/Bar.js [Client Component Browser]
    ./src/components/dashboard/home/ROIChart.tsx [Client Component Browser]
    ./src/components/dashboard/home/DashboardHome.tsx [Client Component Browser]
    ./src/app/dashboard/page.tsx [Client Component Browser]
    ./src/app/dashboard/page.tsx [Server Component]

  Client Component SSR:
    ./node_modules/recharts/es6/util/ChartUtils.js [Client Component SSR]
    ./node_modules/recharts/es6/cartesian/Bar.js [Client Component SSR]
    ./src/components/dashboard/home/ROIChart.tsx [Client Component SSR]
    ./src/components/dashboard/home/DashboardHome.tsx [Client Component SSR]
    ./src/app/dashboard/page.tsx [Client Component SSR]
    ./src/app/dashboard/page.tsx [Server Component]


./node_modules/recharts/es6/util/ChartUtils.js:8:1
Export stackOffsetWiggle doesn't exist in target module
  [90m 6 |[0m ...;
  [90m 7 |[0m ...
[31m[1m>[0m [90m 8 |[0m ...nd, stackOffsetNone, stackOffsetSilhouette, stackOffsetWiggle, stac...
  [90m   |[0m    [31m[1m^^^^^^^^^^^^^^^^^^^^^^^^^^^^^^^^^^^^^^^^^^^^^^^^^^^^^^^^^^^^^^^^^^^^^^[0m
  [90m 9 |[0m ...sNullish, isNumber, isNumOrStr, mathSign } [36mfrom[0m [32m'./DataUtils'[0m;
  [90m10 |[0m ...
  [90m11 |[0m ...[32mBehavedNumber'[0m;

The export stackOffsetWiggle was not found in module [project]/node_modules/victory-vendor/es/d3-shape.js [app-ssr] (ecmascript).
The module has no exports at all.
All exports of the module are statically known (It doesn't have dynamic exports). So it's known statically that the requested export doesn't exist.

Import traces:
  Client Component Browser:
    ./node_modules/recharts/es6/util/ChartUtils.js [Client Component Browser]
    ./node_modules/recharts/es6/cartesian/Bar.js [Client Component Browser]
    ./src/components/dashboard/home/ROIChart.tsx [Client Component Browser]
    ./src/components/dashboard/home/DashboardHome.tsx [Client Component Browser]
    ./src/app/dashboard/page.tsx [Client Component Browser]
    ./src/app/dashboard/page.tsx [Server Component]

  Client Component SSR:
    ./node_modules/recharts/es6/util/ChartUtils.js [Client Component SSR]
    ./node_modules/recharts/es6/cartesian/Bar.js [Client Component SSR]
    ./src/components/dashboard/home/ROIChart.tsx [Client Component SSR]
    ./src/components/dashboard/home/DashboardHome.tsx [Client Component SSR]
    ./src/app/dashboard/page.tsx [Client Component SSR]
    ./src/app/dashboard/page.tsx [Server Component]


./node_modules/recharts/es6/util/ChartUtils.js:8:1
Export stackOrderNone doesn't exist in target module
  [90m 6 |[0m ...;
  [90m 7 |[0m ...
[31m[1m>[0m [90m 8 |[0m ...nd, stackOffsetNone, stackOffsetSilhouette, stackOffsetWiggle, stac...
  [90m   |[0m    [31m[1m^^^^^^^^^^^^^^^^^^^^^^^^^^^^^^^^^^^^^^^^^^^^^^^^^^^^^^^^^^^^^^^^^^^^^^[0m
  [90m 9 |[0m ...sNullish, isNumber, isNumOrStr, mathSign } [36mfrom[0m [32m'./DataUtils'[0m;
  [90m10 |[0m ...
  [90m11 |[0m ...[32mBehavedNumber'[0m;

The export stackOrderNone was not found in module [project]/node_modules/victory-vendor/es/d3-shape.js [app-client] (ecmascript).
The module has no exports at all.
All exports of the module are statically known (It doesn't have dynamic exports). So it's known statically that the requested export doesn't exist.

Import traces:
  Client Component Browser:
    ./node_modules/recharts/es6/util/ChartUtils.js [Client Component Browser]
    ./node_modules/recharts/es6/cartesian/Bar.js [Client Component Browser]
    ./src/components/dashboard/home/ROIChart.tsx [Client Component Browser]
    ./src/components/dashboard/home/DashboardHome.tsx [Client Component Browser]
    ./src/app/dashboard/page.tsx [Client Component Browser]
    ./src/app/dashboard/page.tsx [Server Component]

  Client Component SSR:
    ./node_modules/recharts/es6/util/ChartUtils.js [Client Component SSR]
    ./node_modules/recharts/es6/cartesian/Bar.js [Client Component SSR]
    ./src/components/dashboard/home/ROIChart.tsx [Client Component SSR]
    ./src/components/dashboard/home/DashboardHome.tsx [Client Component SSR]
    ./src/app/dashboard/page.tsx [Client Component SSR]
    ./src/app/dashboard/page.tsx [Server Component]


./node_modules/recharts/es6/util/ChartUtils.js:8:1
Export stackOrderNone doesn't exist in target module
  [90m 6 |[0m ...;
  [90m 7 |[0m ...
[31m[1m>[0m [90m 8 |[0m ...nd, stackOffsetNone, stackOffsetSilhouette, stackOffsetWiggle, stac...
  [90m   |[0m    [31m[1m^^^^^^^^^^^^^^^^^^^^^^^^^^^^^^^^^^^^^^^^^^^^^^^^^^^^^^^^^^^^^^^^^^^^^^[0m
  [90m 9 |[0m ...sNullish, isNumber, isNumOrStr, mathSign } [36mfrom[0m [32m'./DataUtils'[0m;
  [90m10 |[0m ...
  [90m11 |[0m ...[32mBehavedNumber'[0m;

The export stackOrderNone was not found in module [project]/node_modules/victory-vendor/es/d3-shape.js [app-ssr] (ecmascript).
The module has no exports at all.
All exports of the module are statically known (It doesn't have dynamic exports). So it's known statically that the requested export doesn't exist.

Import traces:
  Client Component Browser:
    ./node_modules/recharts/es6/util/ChartUtils.js [Client Component Browser]
    ./node_modules/recharts/es6/cartesian/Bar.js [Client Component Browser]
    ./src/components/dashboard/home/ROIChart.tsx [Client Component Browser]
    ./src/components/dashboard/home/DashboardHome.tsx [Client Component Browser]
    ./src/app/dashboard/page.tsx [Client Component Browser]
    ./src/app/dashboard/page.tsx [Server Component]

  Client Component SSR:
    ./node_modules/recharts/es6/util/ChartUtils.js [Client Component SSR]
    ./node_modules/recharts/es6/cartesian/Bar.js [Client Component SSR]
    ./src/components/dashboard/home/ROIChart.tsx [Client Component SSR]
    ./src/components/dashboard/home/DashboardHome.tsx [Client Component SSR]
    ./src/app/dashboard/page.tsx [Client Component SSR]
    ./src/app/dashboard/page.tsx [Server Component]


./node_modules/recharts/es6/shape/Symbols.js:11:1
Export symbol doesn't exist in target module
  [90m 9 |[0m ... [36mif[0m ([36mnull[0m == r) [36mreturn[0m {}; [36mvar[0m t = {}; [36mfor[0m ([36mvar[0m n [36min[0m r) [36mif[0m ({}.hasO...
  [90m10 |[0m ...
[31m[1m>[0m [90m11 |[0m ...symbolCross, symbolDiamond, symbolSquare, symbolStar, symbolTriangl...
  [90m   |[0m    [31m[1m^^^^^^^^^^^^^^^^^^^^^^^^^^^^^^^^^^^^^^^^^^^^^^^^^^^^^^^^^^^^^^^^^^^^^^[0m
  [90m12 |[0m ...
  [90m13 |[0m ...[32mDataUtils'[0m;
  [90m14 |[0m ...[32ml/svgPropertiesAndEvents'[0m;

The export symbol was not found in module [project]/node_modules/victory-vendor/es/d3-shape.js [app-client] (ecmascript).
The module has no exports at all.
All exports of the module are statically known (It doesn't have dynamic exports). So it's known statically that the requested export doesn't exist.

Import traces:
  Client Component Browser:
    ./node_modules/recharts/es6/shape/Symbols.js [Client Component Browser]
    ./node_modules/recharts/es6/util/ActiveShapeUtils.js [Client Component Browser]
    ./node_modules/recharts/es6/cartesian/Line.js [Client Component Browser]
    ./src/components/dashboard/home/ROIChart.tsx [Client Component Browser]
    ./src/components/dashboard/home/DashboardHome.tsx [Client Component Browser]
    ./src/app/dashboard/page.tsx [Client Component Browser]
    ./src/app/dashboard/page.tsx [Server Component]

  Client Component SSR:
    ./node_modules/recharts/es6/shape/Symbols.js [Client Component SSR]
    ./node_modules/recharts/es6/util/ActiveShapeUtils.js [Client Component SSR]
    ./node_modules/recharts/es6/cartesian/Line.js [Client Component SSR]
    ./src/components/dashboard/home/ROIChart.tsx [Client Component SSR]
    ./src/components/dashboard/home/DashboardHome.tsx [Client Component SSR]
    ./src/app/dashboard/page.tsx [Client Component SSR]
    ./src/app/dashboard/page.tsx [Server Component]


./node_modules/recharts/es6/shape/Symbols.js:11:1
Export symbol doesn't exist in target module
  [90m 9 |[0m ... [36mif[0m ([36mnull[0m == r) [36mreturn[0m {}; [36mvar[0m t = {}; [36mfor[0m ([36mvar[0m n [36min[0m r) [36mif[0m ({}.hasO...
  [90m10 |[0m ...
[31m[1m>[0m [90m11 |[0m ...symbolCross, symbolDiamond, symbolSquare, symbolStar, symbolTriangl...
  [90m   |[0m    [31m[1m^^^^^^^^^^^^^^^^^^^^^^^^^^^^^^^^^^^^^^^^^^^^^^^^^^^^^^^^^^^^^^^^^^^^^^[0m
  [90m12 |[0m ...
  [90m13 |[0m ...[32mDataUtils'[0m;
  [90m14 |[0m ...[32ml/svgPropertiesAndEvents'[0m;

The export symbol was not found in module [project]/node_modules/victory-vendor/es/d3-shape.js [app-ssr] (ecmascript).
The module has no exports at all.
All exports of the module are statically known (It doesn't have dynamic exports). So it's known statically that the requested export doesn't exist.

Import traces:
  Client Component Browser:
    ./node_modules/recharts/es6/shape/Symbols.js [Client Component Browser]
    ./node_modules/recharts/es6/util/ActiveShapeUtils.js [Client Component Browser]
    ./node_modules/recharts/es6/cartesian/Line.js [Client Component Browser]
    ./src/components/dashboard/home/ROIChart.tsx [Client Component Browser]
    ./src/components/dashboard/home/DashboardHome.tsx [Client Component Browser]
    ./src/app/dashboard/page.tsx [Client Component Browser]
    ./src/app/dashboard/page.tsx [Server Component]

  Client Component SSR:
    ./node_modules/recharts/es6/shape/Symbols.js [Client Component SSR]
    ./node_modules/recharts/es6/util/ActiveShapeUtils.js [Client Component SSR]
    ./node_modules/recharts/es6/cartesian/Line.js [Client Component SSR]
    ./src/components/dashboard/home/ROIChart.tsx [Client Component SSR]
    ./src/components/dashboard/home/DashboardHome.tsx [Client Component SSR]
    ./src/app/dashboard/page.tsx [Client Component SSR]
    ./src/app/dashboard/page.tsx [Server Component]


./node_modules/recharts/es6/shape/Symbols.js:11:1
Export symbolCircle doesn't exist in target module
  [90m 9 |[0m ... [36mif[0m ([36mnull[0m == r) [36mreturn[0m {}; [36mvar[0m t = {}; [36mfor[0m ([36mvar[0m n [36min[0m r) [36mif[0m ({}.hasO...
  [90m10 |[0m ...
[31m[1m>[0m [90m11 |[0m ...symbolCross, symbolDiamond, symbolSquare, symbolStar, symbolTriangl...
  [90m   |[0m    [31m[1m^^^^^^^^^^^^^^^^^^^^^^^^^^^^^^^^^^^^^^^^^^^^^^^^^^^^^^^^^^^^^^^^^^^^^^[0m
  [90m12 |[0m ...
  [90m13 |[0m ...[32mDataUtils'[0m;
  [90m14 |[0m ...[32ml/svgPropertiesAndEvents'[0m;

The export symbolCircle was not found in module [project]/node_modules/victory-vendor/es/d3-shape.js [app-client] (ecmascript).
The module has no exports at all.
All exports of the module are statically known (It doesn't have dynamic exports). So it's known statically that the requested export doesn't exist.

Import traces:
  Client Component Browser:
    ./node_modules/recharts/es6/shape/Symbols.js [Client Component Browser]
    ./node_modules/recharts/es6/util/ActiveShapeUtils.js [Client Component Browser]
    ./node_modules/recharts/es6/cartesian/Line.js [Client Component Browser]
    ./src/components/dashboard/home/ROIChart.tsx [Client Component Browser]
    ./src/components/dashboard/home/DashboardHome.tsx [Client Component Browser]
    ./src/app/dashboard/page.tsx [Client Component Browser]
    ./src/app/dashboard/page.tsx [Server Component]

  Client Component SSR:
    ./node_modules/recharts/es6/shape/Symbols.js [Client Component SSR]
    ./node_modules/recharts/es6/util/ActiveShapeUtils.js [Client Component SSR]
    ./node_modules/recharts/es6/cartesian/Line.js [Client Component SSR]
    ./src/components/dashboard/home/ROIChart.tsx [Client Component SSR]
    ./src/components/dashboard/home/DashboardHome.tsx [Client Component SSR]
    ./src/app/dashboard/page.tsx [Client Component SSR]
    ./src/app/dashboard/page.tsx [Server Component]


./node_modules/recharts/es6/shape/Symbols.js:11:1
Export symbolCircle doesn't exist in target module
  [90m 9 |[0m ... [36mif[0m ([36mnull[0m == r) [36mreturn[0m {}; [36mvar[0m t = {}; [36mfor[0m ([36mvar[0m n [36min[0m r) [36mif[0m ({}.hasO...
  [90m10 |[0m ...
[31m[1m>[0m [90m11 |[0m ...symbolCross, symbolDiamond, symbolSquare, symbolStar, symbolTriangl...
  [90m   |[0m    [31m[1m^^^^^^^^^^^^^^^^^^^^^^^^^^^^^^^^^^^^^^^^^^^^^^^^^^^^^^^^^^^^^^^^^^^^^^[0m
  [90m12 |[0m ...
  [90m13 |[0m ...[32mDataUtils'[0m;
  [90m14 |[0m ...[32ml/svgPropertiesAndEvents'[0m;

The export symbolCircle was not found in module [project]/node_modules/victory-vendor/es/d3-shape.js [app-ssr] (ecmascript).
The module has no exports at all.
All exports of the module are statically known (It doesn't have dynamic exports). So it's known statically that the requested export doesn't exist.

Import traces:
  Client Component Browser:
    ./node_modules/recharts/es6/shape/Symbols.js [Client Component Browser]
    ./node_modules/recharts/es6/util/ActiveShapeUtils.js [Client Component Browser]
    ./node_modules/recharts/es6/cartesian/Line.js [Client Component Browser]
    ./src/components/dashboard/home/ROIChart.tsx [Client Component Browser]
    ./src/components/dashboard/home/DashboardHome.tsx [Client Component Browser]
    ./src/app/dashboard/page.tsx [Client Component Browser]
    ./src/app/dashboard/page.tsx [Server Component]

  Client Component SSR:
    ./node_modules/recharts/es6/shape/Symbols.js [Client Component SSR]
    ./node_modules/recharts/es6/util/ActiveShapeUtils.js [Client Component SSR]
    ./node_modules/recharts/es6/cartesian/Line.js [Client Component SSR]
    ./src/components/dashboard/home/ROIChart.tsx [Client Component SSR]
    ./src/components/dashboard/home/DashboardHome.tsx [Client Component SSR]
    ./src/app/dashboard/page.tsx [Client Component SSR]
    ./src/app/dashboard/page.tsx [Server Component]


./node_modules/recharts/es6/shape/Symbols.js:11:1
Export symbolCross doesn't exist in target module
  [90m 9 |[0m ... [36mif[0m ([36mnull[0m == r) [36mreturn[0m {}; [36mvar[0m t = {}; [36mfor[0m ([36mvar[0m n [36min[0m r) [36mif[0m ({}.hasO...
  [90m10 |[0m ...
[31m[1m>[0m [90m11 |[0m ...symbolCross, symbolDiamond, symbolSquare, symbolStar, symbolTriangl...
  [90m   |[0m    [31m[1m^^^^^^^^^^^^^^^^^^^^^^^^^^^^^^^^^^^^^^^^^^^^^^^^^^^^^^^^^^^^^^^^^^^^^^[0m
  [90m12 |[0m ...
  [90m13 |[0m ...[32mDataUtils'[0m;
  [90m14 |[0m ...[32ml/svgPropertiesAndEvents'[0m;

The export symbolCross was not found in module [project]/node_modules/victory-vendor/es/d3-shape.js [app-client] (ecmascript).
The module has no exports at all.
All exports of the module are statically known (It doesn't have dynamic exports). So it's known statically that the requested export doesn't exist.

Import traces:
  Client Component Browser:
    ./node_modules/recharts/es6/shape/Symbols.js [Client Component Browser]
    ./node_modules/recharts/es6/util/ActiveShapeUtils.js [Client Component Browser]
    ./node_modules/recharts/es6/cartesian/Line.js [Client Component Browser]
    ./src/components/dashboard/home/ROIChart.tsx [Client Component Browser]
    ./src/components/dashboard/home/DashboardHome.tsx [Client Component Browser]
    ./src/app/dashboard/page.tsx [Client Component Browser]
    ./src/app/dashboard/page.tsx [Server Component]

  Client Component SSR:
    ./node_modules/recharts/es6/shape/Symbols.js [Client Component SSR]
    ./node_modules/recharts/es6/util/ActiveShapeUtils.js [Client Component SSR]
    ./node_modules/recharts/es6/cartesian/Line.js [Client Component SSR]
    ./src/components/dashboard/home/ROIChart.tsx [Client Component SSR]
    ./src/components/dashboard/home/DashboardHome.tsx [Client Component SSR]
    ./src/app/dashboard/page.tsx [Client Component SSR]
    ./src/app/dashboard/page.tsx [Server Component]


./node_modules/recharts/es6/shape/Symbols.js:11:1
Export symbolCross doesn't exist in target module
  [90m 9 |[0m ... [36mif[0m ([36mnull[0m == r) [36mreturn[0m {}; [36mvar[0m t = {}; [36mfor[0m ([36mvar[0m n [36min[0m r) [36mif[0m ({}.hasO...
  [90m10 |[0m ...
[31m[1m>[0m [90m11 |[0m ...symbolCross, symbolDiamond, symbolSquare, symbolStar, symbolTriangl...
  [90m   |[0m    [31m[1m^^^^^^^^^^^^^^^^^^^^^^^^^^^^^^^^^^^^^^^^^^^^^^^^^^^^^^^^^^^^^^^^^^^^^^[0m
  [90m12 |[0m ...
  [90m13 |[0m ...[32mDataUtils'[0m;
  [90m14 |[0m ...[32ml/svgPropertiesAndEvents'[0m;

The export symbolCross was not found in module [project]/node_modules/victory-vendor/es/d3-shape.js [app-ssr] (ecmascript).
The module has no exports at all.
All exports of the module are statically known (It doesn't have dynamic exports). So it's known statically that the requested export doesn't exist.

Import traces:
  Client Component Browser:
    ./node_modules/recharts/es6/shape/Symbols.js [Client Component Browser]
    ./node_modules/recharts/es6/util/ActiveShapeUtils.js [Client Component Browser]
    ./node_modules/recharts/es6/cartesian/Line.js [Client Component Browser]
    ./src/components/dashboard/home/ROIChart.tsx [Client Component Browser]
    ./src/components/dashboard/home/DashboardHome.tsx [Client Component Browser]
    ./src/app/dashboard/page.tsx [Client Component Browser]
    ./src/app/dashboard/page.tsx [Server Component]

  Client Component SSR:
    ./node_modules/recharts/es6/shape/Symbols.js [Client Component SSR]
    ./node_modules/recharts/es6/util/ActiveShapeUtils.js [Client Component SSR]
    ./node_modules/recharts/es6/cartesian/Line.js [Client Component SSR]
    ./src/components/dashboard/home/ROIChart.tsx [Client Component SSR]
    ./src/components/dashboard/home/DashboardHome.tsx [Client Component SSR]
    ./src/app/dashboard/page.tsx [Client Component SSR]
    ./src/app/dashboard/page.tsx [Server Component]


./node_modules/recharts/es6/shape/Symbols.js:11:1
Export symbolDiamond doesn't exist in target module
  [90m 9 |[0m ... [36mif[0m ([36mnull[0m == r) [36mreturn[0m {}; [36mvar[0m t = {}; [36mfor[0m ([36mvar[0m n [36min[0m r) [36mif[0m ({}.hasO...
  [90m10 |[0m ...
[31m[1m>[0m [90m11 |[0m ...symbolCross, symbolDiamond, symbolSquare, symbolStar, symbolTriangl...
  [90m   |[0m    [31m[1m^^^^^^^^^^^^^^^^^^^^^^^^^^^^^^^^^^^^^^^^^^^^^^^^^^^^^^^^^^^^^^^^^^^^^^[0m
  [90m12 |[0m ...
  [90m13 |[0m ...[32mDataUtils'[0m;
  [90m14 |[0m ...[32ml/svgPropertiesAndEvents'[0m;

The export symbolDiamond was not found in module [project]/node_modules/victory-vendor/es/d3-shape.js [app-client] (ecmascript).
The module has no exports at all.
All exports of the module are statically known (It doesn't have dynamic exports). So it's known statically that the requested export doesn't exist.

Import traces:
  Client Component Browser:
    ./node_modules/recharts/es6/shape/Symbols.js [Client Component Browser]
    ./node_modules/recharts/es6/util/ActiveShapeUtils.js [Client Component Browser]
    ./node_modules/recharts/es6/cartesian/Line.js [Client Component Browser]
    ./src/components/dashboard/home/ROIChart.tsx [Client Component Browser]
    ./src/components/dashboard/home/DashboardHome.tsx [Client Component Browser]
    ./src/app/dashboard/page.tsx [Client Component Browser]
    ./src/app/dashboard/page.tsx [Server Component]

  Client Component SSR:
    ./node_modules/recharts/es6/shape/Symbols.js [Client Component SSR]
    ./node_modules/recharts/es6/util/ActiveShapeUtils.js [Client Component SSR]
    ./node_modules/recharts/es6/cartesian/Line.js [Client Component SSR]
    ./src/components/dashboard/home/ROIChart.tsx [Client Component SSR]
    ./src/components/dashboard/home/DashboardHome.tsx [Client Component SSR]
    ./src/app/dashboard/page.tsx [Client Component SSR]
    ./src/app/dashboard/page.tsx [Server Component]


./node_modules/recharts/es6/shape/Symbols.js:11:1
Export symbolDiamond doesn't exist in target module
  [90m 9 |[0m ... [36mif[0m ([36mnull[0m == r) [36mreturn[0m {}; [36mvar[0m t = {}; [36mfor[0m ([36mvar[0m n [36min[0m r) [36mif[0m ({}.hasO...
  [90m10 |[0m ...
[31m[1m>[0m [90m11 |[0m ...symbolCross, symbolDiamond, symbolSquare, symbolStar, symbolTriangl...
  [90m   |[0m    [31m[1m^^^^^^^^^^^^^^^^^^^^^^^^^^^^^^^^^^^^^^^^^^^^^^^^^^^^^^^^^^^^^^^^^^^^^^[0m
  [90m12 |[0m ...
  [90m13 |[0m ...[32mDataUtils'[0m;
  [90m14 |[0m ...[32ml/svgPropertiesAndEvents'[0m;

The export symbolDiamond was not found in module [project]/node_modules/victory-vendor/es/d3-shape.js [app-ssr] (ecmascript).
The module has no exports at all.
All exports of the module are statically known (It doesn't have dynamic exports). So it's known statically that the requested export doesn't exist.

Import traces:
  Client Component Browser:
    ./node_modules/recharts/es6/shape/Symbols.js [Client Component Browser]
    ./node_modules/recharts/es6/util/ActiveShapeUtils.js [Client Component Browser]
    ./node_modules/recharts/es6/cartesian/Line.js [Client Component Browser]
    ./src/components/dashboard/home/ROIChart.tsx [Client Component Browser]
    ./src/components/dashboard/home/DashboardHome.tsx [Client Component Browser]
    ./src/app/dashboard/page.tsx [Client Component Browser]
    ./src/app/dashboard/page.tsx [Server Component]

  Client Component SSR:
    ./node_modules/recharts/es6/shape/Symbols.js [Client Component SSR]
    ./node_modules/recharts/es6/util/ActiveShapeUtils.js [Client Component SSR]
    ./node_modules/recharts/es6/cartesian/Line.js [Client Component SSR]
    ./src/components/dashboard/home/ROIChart.tsx [Client Component SSR]
    ./src/components/dashboard/home/DashboardHome.tsx [Client Component SSR]
    ./src/app/dashboard/page.tsx [Client Component SSR]
    ./src/app/dashboard/page.tsx [Server Component]


./node_modules/recharts/es6/shape/Symbols.js:11:1
Export symbolSquare doesn't exist in target module
  [90m 9 |[0m ... [36mif[0m ([36mnull[0m == r) [36mreturn[0m {}; [36mvar[0m t = {}; [36mfor[0m ([36mvar[0m n [36min[0m r) [36mif[0m ({}.hasO...
  [90m10 |[0m ...
[31m[1m>[0m [90m11 |[0m ...symbolCross, symbolDiamond, symbolSquare, symbolStar, symbolTriangl...
  [90m   |[0m    [31m[1m^^^^^^^^^^^^^^^^^^^^^^^^^^^^^^^^^^^^^^^^^^^^^^^^^^^^^^^^^^^^^^^^^^^^^^[0m
  [90m12 |[0m ...
  [90m13 |[0m ...[32mDataUtils'[0m;
  [90m14 |[0m ...[32ml/svgPropertiesAndEvents'[0m;

The export symbolSquare was not found in module [project]/node_modules/victory-vendor/es/d3-shape.js [app-client] (ecmascript).
The module has no exports at all.
All exports of the module are statically known (It doesn't have dynamic exports). So it's known statically that the requested export doesn't exist.

Import traces:
  Client Component Browser:
    ./node_modules/recharts/es6/shape/Symbols.js [Client Component Browser]
    ./node_modules/recharts/es6/util/ActiveShapeUtils.js [Client Component Browser]
    ./node_modules/recharts/es6/cartesian/Line.js [Client Component Browser]
    ./src/components/dashboard/home/ROIChart.tsx [Client Component Browser]
    ./src/components/dashboard/home/DashboardHome.tsx [Client Component Browser]
    ./src/app/dashboard/page.tsx [Client Component Browser]
    ./src/app/dashboard/page.tsx [Server Component]

  Client Component SSR:
    ./node_modules/recharts/es6/shape/Symbols.js [Client Component SSR]
    ./node_modules/recharts/es6/util/ActiveShapeUtils.js [Client Component SSR]
    ./node_modules/recharts/es6/cartesian/Line.js [Client Component SSR]
    ./src/components/dashboard/home/ROIChart.tsx [Client Component SSR]
    ./src/components/dashboard/home/DashboardHome.tsx [Client Component SSR]
    ./src/app/dashboard/page.tsx [Client Component SSR]
    ./src/app/dashboard/page.tsx [Server Component]


./node_modules/recharts/es6/shape/Symbols.js:11:1
Export symbolSquare doesn't exist in target module
  [90m 9 |[0m ... [36mif[0m ([36mnull[0m == r) [36mreturn[0m {}; [36mvar[0m t = {}; [36mfor[0m ([36mvar[0m n [36min[0m r) [36mif[0m ({}.hasO...
  [90m10 |[0m ...
[31m[1m>[0m [90m11 |[0m ...symbolCross, symbolDiamond, symbolSquare, symbolStar, symbolTriangl...
  [90m   |[0m    [31m[1m^^^^^^^^^^^^^^^^^^^^^^^^^^^^^^^^^^^^^^^^^^^^^^^^^^^^^^^^^^^^^^^^^^^^^^[0m
  [90m12 |[0m ...
  [90m13 |[0m ...[32mDataUtils'[0m;
  [90m14 |[0m ...[32ml/svgPropertiesAndEvents'[0m;

The export symbolSquare was not found in module [project]/node_modules/victory-vendor/es/d3-shape.js [app-ssr] (ecmascript).
The module has no exports at all.
All exports of the module are statically known (It doesn't have dynamic exports). So it's known statically that the requested export doesn't exist.

Import traces:
  Client Component Browser:
    ./node_modules/recharts/es6/shape/Symbols.js [Client Component Browser]
    ./node_modules/recharts/es6/util/ActiveShapeUtils.js [Client Component Browser]
    ./node_modules/recharts/es6/cartesian/Line.js [Client Component Browser]
    ./src/components/dashboard/home/ROIChart.tsx [Client Component Browser]
    ./src/components/dashboard/home/DashboardHome.tsx [Client Component Browser]
    ./src/app/dashboard/page.tsx [Client Component Browser]
    ./src/app/dashboard/page.tsx [Server Component]

  Client Component SSR:
    ./node_modules/recharts/es6/shape/Symbols.js [Client Component SSR]
    ./node_modules/recharts/es6/util/ActiveShapeUtils.js [Client Component SSR]
    ./node_modules/recharts/es6/cartesian/Line.js [Client Component SSR]
    ./src/components/dashboard/home/ROIChart.tsx [Client Component SSR]
    ./src/components/dashboard/home/DashboardHome.tsx [Client Component SSR]
    ./src/app/dashboard/page.tsx [Client Component SSR]
    ./src/app/dashboard/page.tsx [Server Component]


./node_modules/recharts/es6/shape/Symbols.js:11:1
Export symbolStar doesn't exist in target module
  [90m 9 |[0m ... [36mif[0m ([36mnull[0m == r) [36mreturn[0m {}; [36mvar[0m t = {}; [36mfor[0m ([36mvar[0m n [36min[0m r) [36mif[0m ({}.hasO...
  [90m10 |[0m ...
[31m[1m>[0m [90m11 |[0m ...symbolCross, symbolDiamond, symbolSquare, symbolStar, symbolTriangl...
  [90m   |[0m    [31m[1m^^^^^^^^^^^^^^^^^^^^^^^^^^^^^^^^^^^^^^^^^^^^^^^^^^^^^^^^^^^^^^^^^^^^^^[0m
  [90m12 |[0m ...
  [90m13 |[0m ...[32mDataUtils'[0m;
  [90m14 |[0m ...[32ml/svgPropertiesAndEvents'[0m;

The export symbolStar was not found in module [project]/node_modules/victory-vendor/es/d3-shape.js [app-client] (ecmascript).
The module has no exports at all.
All exports of the module are statically known (It doesn't have dynamic exports). So it's known statically that the requested export doesn't exist.

Import traces:
  Client Component Browser:
    ./node_modules/recharts/es6/shape/Symbols.js [Client Component Browser]
    ./node_modules/recharts/es6/util/ActiveShapeUtils.js [Client Component Browser]
    ./node_modules/recharts/es6/cartesian/Line.js [Client Component Browser]
    ./src/components/dashboard/home/ROIChart.tsx [Client Component Browser]
    ./src/components/dashboard/home/DashboardHome.tsx [Client Component Browser]
    ./src/app/dashboard/page.tsx [Client Component Browser]
    ./src/app/dashboard/page.tsx [Server Component]

  Client Component SSR:
    ./node_modules/recharts/es6/shape/Symbols.js [Client Component SSR]
    ./node_modules/recharts/es6/util/ActiveShapeUtils.js [Client Component SSR]
    ./node_modules/recharts/es6/cartesian/Line.js [Client Component SSR]
    ./src/components/dashboard/home/ROIChart.tsx [Client Component SSR]
    ./src/components/dashboard/home/DashboardHome.tsx [Client Component SSR]
    ./src/app/dashboard/page.tsx [Client Component SSR]
    ./src/app/dashboard/page.tsx [Server Component]


./node_modules/recharts/es6/shape/Symbols.js:11:1
Export symbolStar doesn't exist in target module
  [90m 9 |[0m ... [36mif[0m ([36mnull[0m == r) [36mreturn[0m {}; [36mvar[0m t = {}; [36mfor[0m ([36mvar[0m n [36min[0m r) [36mif[0m ({}.hasO...
  [90m10 |[0m ...
[31m[1m>[0m [90m11 |[0m ...symbolCross, symbolDiamond, symbolSquare, symbolStar, symbolTriangl...
  [90m   |[0m    [31m[1m^^^^^^^^^^^^^^^^^^^^^^^^^^^^^^^^^^^^^^^^^^^^^^^^^^^^^^^^^^^^^^^^^^^^^^[0m
  [90m12 |[0m ...
  [90m13 |[0m ...[32mDataUtils'[0m;
  [90m14 |[0m ...[32ml/svgPropertiesAndEvents'[0m;

The export symbolStar was not found in module [project]/node_modules/victory-vendor/es/d3-shape.js [app-ssr] (ecmascript).
The module has no exports at all.
All exports of the module are statically known (It doesn't have dynamic exports). So it's known statically that the requested export doesn't exist.

Import traces:
  Client Component Browser:
    ./node_modules/recharts/es6/shape/Symbols.js [Client Component Browser]
    ./node_modules/recharts/es6/util/ActiveShapeUtils.js [Client Component Browser]
    ./node_modules/recharts/es6/cartesian/Line.js [Client Component Browser]
    ./src/components/dashboard/home/ROIChart.tsx [Client Component Browser]
    ./src/components/dashboard/home/DashboardHome.tsx [Client Component Browser]
    ./src/app/dashboard/page.tsx [Client Component Browser]
    ./src/app/dashboard/page.tsx [Server Component]

  Client Component SSR:
    ./node_modules/recharts/es6/shape/Symbols.js [Client Component SSR]
    ./node_modules/recharts/es6/util/ActiveShapeUtils.js [Client Component SSR]
    ./node_modules/recharts/es6/cartesian/Line.js [Client Component SSR]
    ./src/components/dashboard/home/ROIChart.tsx [Client Component SSR]
    ./src/components/dashboard/home/DashboardHome.tsx [Client Component SSR]
    ./src/app/dashboard/page.tsx [Client Component SSR]
    ./src/app/dashboard/page.tsx [Server Component]


./node_modules/recharts/es6/shape/Symbols.js:11:1
Export symbolTriangle doesn't exist in target module
  [90m 9 |[0m ... [36mif[0m ([36mnull[0m == r) [36mreturn[0m {}; [36mvar[0m t = {}; [36mfor[0m ([36mvar[0m n [36min[0m r) [36mif[0m ({}.hasO...
  [90m10 |[0m ...
[31m[1m>[0m [90m11 |[0m ...symbolCross, symbolDiamond, symbolSquare, symbolStar, symbolTriangl...
  [90m   |[0m    [31m[1m^^^^^^^^^^^^^^^^^^^^^^^^^^^^^^^^^^^^^^^^^^^^^^^^^^^^^^^^^^^^^^^^^^^^^^[0m
  [90m12 |[0m ...
  [90m13 |[0m ...[32mDataUtils'[0m;
  [90m14 |[0m ...[32ml/svgPropertiesAndEvents'[0m;

The export symbolTriangle was not found in module [project]/node_modules/victory-vendor/es/d3-shape.js [app-client] (ecmascript).
The module has no exports at all.
All exports of the module are statically known (It doesn't have dynamic exports). So it's known statically that the requested export doesn't exist.

Import traces:
  Client Component Browser:
    ./node_modules/recharts/es6/shape/Symbols.js [Client Component Browser]
    ./node_modules/recharts/es6/util/ActiveShapeUtils.js [Client Component Browser]
    ./node_modules/recharts/es6/cartesian/Line.js [Client Component Browser]
    ./src/components/dashboard/home/ROIChart.tsx [Client Component Browser]
    ./src/components/dashboard/home/DashboardHome.tsx [Client Component Browser]
    ./src/app/dashboard/page.tsx [Client Component Browser]
    ./src/app/dashboard/page.tsx [Server Component]

  Client Component SSR:
    ./node_modules/recharts/es6/shape/Symbols.js [Client Component SSR]
    ./node_modules/recharts/es6/util/ActiveShapeUtils.js [Client Component SSR]
    ./node_modules/recharts/es6/cartesian/Line.js [Client Component SSR]
    ./src/components/dashboard/home/ROIChart.tsx [Client Component SSR]
    ./src/components/dashboard/home/DashboardHome.tsx [Client Component SSR]
    ./src/app/dashboard/page.tsx [Client Component SSR]
    ./src/app/dashboard/page.tsx [Server Component]


./node_modules/recharts/es6/shape/Symbols.js:11:1
Export symbolTriangle doesn't exist in target module
  [90m 9 |[0m ... [36mif[0m ([36mnull[0m == r) [36mreturn[0m {}; [36mvar[0m t = {}; [36mfor[0m ([36mvar[0m n [36min[0m r) [36mif[0m ({}.hasO...
  [90m10 |[0m ...
[31m[1m>[0m [90m11 |[0m ...symbolCross, symbolDiamond, symbolSquare, symbolStar, symbolTriangl...
  [90m   |[0m    [31m[1m^^^^^^^^^^^^^^^^^^^^^^^^^^^^^^^^^^^^^^^^^^^^^^^^^^^^^^^^^^^^^^^^^^^^^^[0m
  [90m12 |[0m ...
  [90m13 |[0m ...[32mDataUtils'[0m;
  [90m14 |[0m ...[32ml/svgPropertiesAndEvents'[0m;

The export symbolTriangle was not found in module [project]/node_modules/victory-vendor/es/d3-shape.js [app-ssr] (ecmascript).
The module has no exports at all.
All exports of the module are statically known (It doesn't have dynamic exports). So it's known statically that the requested export doesn't exist.

Import traces:
  Client Component Browser:
    ./node_modules/recharts/es6/shape/Symbols.js [Client Component Browser]
    ./node_modules/recharts/es6/util/ActiveShapeUtils.js [Client Component Browser]
    ./node_modules/recharts/es6/cartesian/Line.js [Client Component Browser]
    ./src/components/dashboard/home/ROIChart.tsx [Client Component Browser]
    ./src/components/dashboard/home/DashboardHome.tsx [Client Component Browser]
    ./src/app/dashboard/page.tsx [Client Component Browser]
    ./src/app/dashboard/page.tsx [Server Component]

  Client Component SSR:
    ./node_modules/recharts/es6/shape/Symbols.js [Client Component SSR]
    ./node_modules/recharts/es6/util/ActiveShapeUtils.js [Client Component SSR]
    ./node_modules/recharts/es6/cartesian/Line.js [Client Component SSR]
    ./src/components/dashboard/home/ROIChart.tsx [Client Component SSR]
    ./src/components/dashboard/home/DashboardHome.tsx [Client Component SSR]
    ./src/app/dashboard/page.tsx [Client Component SSR]
    ./src/app/dashboard/page.tsx [Server Component]


./node_modules/recharts/es6/shape/Symbols.js:11:1
Export symbolWye doesn't exist in target module
  [90m 9 |[0m ... [36mif[0m ([36mnull[0m == r) [36mreturn[0m {}; [36mvar[0m t = {}; [36mfor[0m ([36mvar[0m n [36min[0m r) [36mif[0m ({}.hasO...
  [90m10 |[0m ...
[31m[1m>[0m [90m11 |[0m ...symbolCross, symbolDiamond, symbolSquare, symbolStar, symbolTriangl...
  [90m   |[0m    [31m[1m^^^^^^^^^^^^^^^^^^^^^^^^^^^^^^^^^^^^^^^^^^^^^^^^^^^^^^^^^^^^^^^^^^^^^^[0m
  [90m12 |[0m ...
  [90m13 |[0m ...[32mDataUtils'[0m;
  [90m14 |[0m ...[32ml/svgPropertiesAndEvents'[0m;

The export symbolWye was not found in module [project]/node_modules/victory-vendor/es/d3-shape.js [app-client] (ecmascript).
The module has no exports at all.
All exports of the module are statically known (It doesn't have dynamic exports). So it's known statically that the requested export doesn't exist.

Import traces:
  Client Component Browser:
    ./node_modules/recharts/es6/shape/Symbols.js [Client Component Browser]
    ./node_modules/recharts/es6/util/ActiveShapeUtils.js [Client Component Browser]
    ./node_modules/recharts/es6/cartesian/Line.js [Client Component Browser]
    ./src/components/dashboard/home/ROIChart.tsx [Client Component Browser]
    ./src/components/dashboard/home/DashboardHome.tsx [Client Component Browser]
    ./src/app/dashboard/page.tsx [Client Component Browser]
    ./src/app/dashboard/page.tsx [Server Component]

  Client Component SSR:
    ./node_modules/recharts/es6/shape/Symbols.js [Client Component SSR]
    ./node_modules/recharts/es6/util/ActiveShapeUtils.js [Client Component SSR]
    ./node_modules/recharts/es6/cartesian/Line.js [Client Component SSR]
    ./src/components/dashboard/home/ROIChart.tsx [Client Component SSR]
    ./src/components/dashboard/home/DashboardHome.tsx [Client Component SSR]
    ./src/app/dashboard/page.tsx [Client Component SSR]
    ./src/app/dashboard/page.tsx [Server Component]


./node_modules/recharts/es6/shape/Symbols.js:11:1
Export symbolWye doesn't exist in target module
  [90m 9 |[0m ... [36mif[0m ([36mnull[0m == r) [36mreturn[0m {}; [36mvar[0m t = {}; [36mfor[0m ([36mvar[0m n [36min[0m r) [36mif[0m ({}.hasO...
  [90m10 |[0m ...
[31m[1m>[0m [90m11 |[0m ...symbolCross, symbolDiamond, symbolSquare, symbolStar, symbolTriangl...
  [90m   |[0m    [31m[1m^^^^^^^^^^^^^^^^^^^^^^^^^^^^^^^^^^^^^^^^^^^^^^^^^^^^^^^^^^^^^^^^^^^^^^[0m
  [90m12 |[0m ...
  [90m13 |[0m ...[32mDataUtils'[0m;
  [90m14 |[0m ...[32ml/svgPropertiesAndEvents'[0m;

The export symbolWye was not found in module [project]/node_modules/victory-vendor/es/d3-shape.js [app-ssr] (ecmascript).
The module has no exports at all.
All exports of the module are statically known (It doesn't have dynamic exports). So it's known statically that the requested export doesn't exist.

Import traces:
  Client Component Browser:
    ./node_modules/recharts/es6/shape/Symbols.js [Client Component Browser]
    ./node_modules/recharts/es6/util/ActiveShapeUtils.js [Client Component Browser]
    ./node_modules/recharts/es6/cartesian/Line.js [Client Component Browser]
    ./src/components/dashboard/home/ROIChart.tsx [Client Component Browser]
    ./src/components/dashboard/home/DashboardHome.tsx [Client Component Browser]
    ./src/app/dashboard/page.tsx [Client Component Browser]
    ./src/app/dashboard/page.tsx [Server Component]

  Client Component SSR:
    ./node_modules/recharts/es6/shape/Symbols.js [Client Component SSR]
    ./node_modules/recharts/es6/util/ActiveShapeUtils.js [Client Component SSR]
    ./node_modules/recharts/es6/cartesian/Line.js [Client Component SSR]
    ./src/components/dashboard/home/ROIChart.tsx [Client Component SSR]
    ./src/components/dashboard/home/DashboardHome.tsx [Client Component SSR]
    ./src/app/dashboard/page.tsx [Client Component SSR]
    ./src/app/dashboard/page.tsx [Server Component]


    at <unknown> (./src/app/api/chat/route.ts:15:28)
    at <unknown> (https://nextjs.org/docs/messages/module-not-found)
    at <unknown> (./src/lib/ai/draftingAgent.ts:2:1)
    at <unknown> (https://nextjs.org/docs/messages/module-not-found)
    at <unknown> (./src/lib/ai/listingAgent.ts:2:1)
    at <unknown> (https://nextjs.org/docs/messages/module-not-found)
    at ./node_modules/ (ai-sdk/gateway/dist/index.mjs:8:1)
    at <unknown> (https://nextjs.org/docs/messages/module-not-found)
    at ./node_modules/ (ai-sdk/provider-utils/dist/index.mjs:133:1)
    at <unknown> (https://nextjs.org/docs/messages/module-not-found)
    at ./node_modules/ (ai-sdk/provider-utils/dist/index.mjs:213:1)
    at <unknown> (https://nextjs.org/docs/messages/module-not-found)
    at ./node_modules/ (ai-sdk/provider-utils/dist/index.mjs:256:1)
    at <unknown> (https://nextjs.org/docs/messages/module-not-found)
    at ./node_modules/ (ai-sdk/provider-utils/dist/index.mjs:259:1)
    at <unknown> (https://nextjs.org/docs/messages/module-not-found)
    at ./node_modules/ (ai-sdk/provider-utils/dist/index.mjs:472:1)
    at <unknown> (https://nextjs.org/docs/messages/module-not-found)
    at ./node_modules/ (ai-sdk/provider-utils/dist/index.mjs:525:1)
    at <unknown> (https://nextjs.org/docs/messages/module-not-found)
    at ./node_modules/ (ai-sdk/provider-utils/dist/index.mjs:573:1)
    at <unknown> (https://nextjs.org/docs/messages/module-not-found)
    at ./node_modules/ (ai-sdk/provider-utils/dist/index.mjs:628:1)
    at <unknown> (https://nextjs.org/docs/messages/module-not-found)
    at ./node_modules/ (ai-sdk/provider-utils/dist/index.mjs:631:1)
    at <unknown> (https://nextjs.org/docs/messages/module-not-found)
    at ./node_modules/ (ai-sdk/provider-utils/dist/index.mjs:768:1)
    at <unknown> (https://nextjs.org/docs/messages/module-not-found)
    at ./node_modules/ (ai-sdk/provider-utils/dist/index.mjs:792:1)
    at <unknown> (https://nextjs.org/docs/messages/module-not-found)
    at ./node_modules/ (ai-sdk/provider-utils/dist/index.mjs:987:1)
    at <unknown> (https://nextjs.org/docs/messages/module-not-found)
    at <unknown> (https://nextjs.org/docs/messages/module-not-found)
    at <unknown> (https://nextjs.org/docs/messages/module-not-found)
    at <unknown> (https://nextjs.org/docs/messages/module-not-found)
    at <unknown> (https://nextjs.org/docs/messages/module-not-found)
    at <unknown> (https://nextjs.org/docs/messages/module-not-found)
    at <unknown> (https://nextjs.org/docs/messages/module-not-found)
    at <unknown> (https://nextjs.org/docs/messages/module-not-found)
    at <unknown> (https://nextjs.org/docs/messages/module-not-found)
    at <unknown> (https://nextjs.org/docs/messages/module-not-found)
    at <unknown> (https://nextjs.org/docs/messages/module-not-found)
    at <unknown> (https://nextjs.org/docs/messages/module-not-found)
    at <unknown> (https://nextjs.org/docs/messages/module-not-found)
    at <unknown> (https://nextjs.org/docs/messages/module-not-found)
    at <unknown> (https://nextjs.org/docs/messages/module-not-found)
    at <unknown> (https://nextjs.org/docs/messages/module-not-found)
    at <unknown> (https://nextjs.org/docs/messages/module-not-found)
    at <unknown> (https://nextjs.org/docs/messages/module-not-found)
    at <unknown> (https://nextjs.org/docs/messages/module-not-found)
    at <unknown> (https://nextjs.org/docs/messages/module-not-found)
    at <unknown> (https://nextjs.org/docs/messages/module-not-found)
    at <unknown> (https://nextjs.org/docs/messages/module-not-found)
    at <unknown> (https://nextjs.org/docs/messages/module-not-found)
    at <unknown> (https://nextjs.org/docs/messages/module-not-found)
    at <unknown> (https://nextjs.org/docs/messages/module-not-found)
    at <unknown> (https://nextjs.org/docs/messages/module-not-found)
    at <unknown> (https://nextjs.org/docs/messages/module-not-found)
    at <unknown> (https://nextjs.org/docs/messages/module-not-found)
    at <unknown> (https://nextjs.org/docs/messages/module-not-found)
    at <unknown> (https://nextjs.org/docs/messages/module-not-found)
    at <unknown> (https://nextjs.org/docs/messages/module-not-found)
    at <unknown> (https://nextjs.org/docs/messages/module-not-found)
    at <unknown> (./src/app/api/mcp/[transport]/route.ts:16:40)
    at <unknown> (https://nextjs.org/docs/messages/module-not-found)
    at <unknown> (https://nextjs.org/docs/messages/module-not-found)
    at <unknown> (https://nextjs.org/docs/messages/module-not-found)
    at <unknown> (https://nextjs.org/docs/messages/module-not-found)
    at ./node_modules/ (firebase/app/dist/esm/index.esm.js:5:1)
    at <unknown> (https://nextjs.org/docs/messages/module-not-found)
    at <unknown> (https://nextjs.org/docs/messages/module-not-found)
    at <unknown> (https://nextjs.org/docs/messages/module-not-found)
    at <unknown> (https://nextjs.org/docs/messages/module-not-found)
    at <unknown> (./src/components/landing/LandingFooter.tsx:2:1)
    at <unknown> (./src/components/landing/LandingFooter.tsx:2:1)
    at <unknown> (./src/components/landing/LandingFooter.tsx:2:1)
    at <unknown> (./src/components/landing/LandingFooter.tsx:2:1)
